[0.148s] DEBUG:colcon:Command line arguments: ['/home/sancharyamg/miniconda3/envs/ActiveSplat312/bin/colcon', 'build', '--symlink-install']
[0.149s] DEBUG:colcon:Parsed command line arguments: Namespace(log_base=None, log_level=None, verb_name='build', build_base='build', install_base='install', merge_install=False, symlink_install=True, test_result_base=None, continue_on_error=False, executor='parallel', parallel_workers=12, event_handlers=None, ignore_user_meta=False, metas=['./colcon.meta'], base_paths=['.'], packages_ignore=None, packages_ignore_regex=None, paths=None, packages_up_to=None, packages_up_to_regex=None, packages_above=None, packages_above_and_dependencies=None, packages_above_depth=None, packages_select_by_dep=None, packages_skip_by_dep=None, packages_skip_up_to=None, packages_select_build_failed=False, packages_skip_build_finished=False, packages_select_test_failures=False, packages_skip_test_passed=False, packages_select=None, packages_skip=None, packages_select_regex=None, packages_skip_regex=None, packages_start=None, packages_end=None, cmake_args=None, cmake_target=None, cmake_target_skip_unavailable=False, cmake_clean_cache=False, cmake_clean_first=False, cmake_force_configure=False, ament_cmake_args=None, catkin_cmake_args=None, catkin_skip_building_tests=False, verb_parser=<colcon_defaults.argument_parser.defaults.DefaultArgumentsDecorator object at 0x70ec51943d40>, verb_extension=<colcon_core.verb.build.BuildVerb object at 0x70ec51a94080>, main=<bound method BuildVerb.main of <colcon_core.verb.build.BuildVerb object at 0x70ec51a94080>>)
[0.179s] Level 1:colcon.colcon_core.package_discovery:discover_packages(colcon_meta) check parameters
[0.179s] Level 1:colcon.colcon_core.package_discovery:discover_packages(recursive) check parameters
[0.179s] Level 1:colcon.colcon_core.package_discovery:discover_packages(ignore) check parameters
[0.179s] Level 1:colcon.colcon_core.package_discovery:discover_packages(path) check parameters
[0.179s] Level 1:colcon.colcon_core.package_discovery:discover_packages(colcon_meta) discover
[0.179s] Level 1:colcon.colcon_core.package_discovery:discover_packages(recursive) discover
[0.179s] INFO:colcon.colcon_core.package_discovery:Crawling recursively for packages in '/home/sancharyamg/ActiveSplat'
[0.179s] Level 1:colcon.colcon_core.package_identification:_identify(.) by extensions ['ignore', 'ignore_ament_install']
[0.179s] Level 1:colcon.colcon_core.package_identification:_identify(.) by extension 'ignore'
[0.179s] Level 1:colcon.colcon_core.package_identification:_identify(.) by extension 'ignore_ament_install'
[0.179s] Level 1:colcon.colcon_core.package_identification:_identify(.) by extensions ['colcon_pkg']
[0.179s] Level 1:colcon.colcon_core.package_identification:_identify(.) by extension 'colcon_pkg'
[0.179s] Level 1:colcon.colcon_core.package_identification:_identify(.) by extensions ['colcon_meta']
[0.179s] Level 1:colcon.colcon_core.package_identification:_identify(.) by extension 'colcon_meta'
[0.179s] Level 1:colcon.colcon_core.package_identification:_identify(.) by extensions ['ros']
[0.179s] Level 1:colcon.colcon_core.package_identification:_identify(.) by extension 'ros'
[0.217s] DEBUG:colcon.colcon_core.package_identification:Package '.' with type 'ros.ament_cmake' and name 'activesplat'
[0.217s] Level 1:colcon.colcon_core.package_discovery:discover_packages(recursive) using defaults
[0.217s] Level 1:colcon.colcon_core.package_discovery:discover_packages(ignore) discover
[0.217s] Level 1:colcon.colcon_core.package_discovery:discover_packages(ignore) using defaults
[0.217s] Level 1:colcon.colcon_core.package_discovery:discover_packages(path) discover
[0.217s] Level 1:colcon.colcon_core.package_discovery:discover_packages(path) using defaults
[0.233s] Level 5:colcon.colcon_core.verb:set package 'activesplat' build argument 'cmake_args' from command line to 'None'
[0.234s] Level 5:colcon.colcon_core.verb:set package 'activesplat' build argument 'cmake_target' from command line to 'None'
[0.234s] Level 5:colcon.colcon_core.verb:set package 'activesplat' build argument 'cmake_target_skip_unavailable' from command line to 'False'
[0.234s] Level 5:colcon.colcon_core.verb:set package 'activesplat' build argument 'cmake_clean_cache' from command line to 'False'
[0.234s] Level 5:colcon.colcon_core.verb:set package 'activesplat' build argument 'cmake_clean_first' from command line to 'False'
[0.234s] Level 5:colcon.colcon_core.verb:set package 'activesplat' build argument 'cmake_force_configure' from command line to 'False'
[0.234s] Level 5:colcon.colcon_core.verb:set package 'activesplat' build argument 'ament_cmake_args' from command line to 'None'
[0.234s] Level 5:colcon.colcon_core.verb:set package 'activesplat' build argument 'catkin_cmake_args' from command line to 'None'
[0.234s] Level 5:colcon.colcon_core.verb:set package 'activesplat' build argument 'catkin_skip_building_tests' from command line to 'False'
[0.234s] DEBUG:colcon.colcon_core.verb:Building package 'activesplat' with the following arguments: {'ament_cmake_args': None, 'build_base': '/home/sancharyamg/ActiveSplat/build/activesplat', 'catkin_cmake_args': None, 'catkin_skip_building_tests': False, 'cmake_args': None, 'cmake_clean_cache': False, 'cmake_clean_first': False, 'cmake_force_configure': False, 'cmake_target': None, 'cmake_target_skip_unavailable': False, 'install_base': '/home/sancharyamg/ActiveSplat/install/activesplat', 'merge_install': False, 'path': '/home/sancharyamg/ActiveSplat', 'symlink_install': True, 'test_result_base': None}
[0.234s] INFO:colcon.colcon_core.executor:Executing jobs using 'parallel' executor
[0.234s] DEBUG:colcon.colcon_parallel_executor.executor.parallel:run_until_complete
[0.235s] INFO:colcon.colcon_ros.task.ament_cmake.build:Building ROS package in '/home/sancharyamg/ActiveSplat' with build type 'ament_cmake'
[0.235s] INFO:colcon.colcon_cmake.task.cmake.build:Building CMake package in '/home/sancharyamg/ActiveSplat'
[0.239s] INFO:colcon.colcon_core.plugin_system:Skipping extension 'colcon_core.shell.bat': Not used on non-Windows systems
[0.239s] INFO:colcon.colcon_core.shell:Skip shell extension 'powershell' for command environment: Not usable outside of PowerShell
[0.239s] DEBUG:colcon.colcon_core.shell:Skip shell extension 'dsv' for command environment
[0.249s] DEBUG:colcon.colcon_core.event_handler.log_command:Invoking command in '/home/sancharyamg/ActiveSplat/build/activesplat': CMAKE_PREFIX_PATH=/opt/ros/jazzy CONDA_PROMPT_MODIFIER=(ActiveSplat312) /usr/bin/cmake /home/sancharyamg/ActiveSplat -DAMENT_CMAKE_SYMLINK_INSTALL=1 -DCMAKE_INSTALL_PREFIX=/home/sancharyamg/ActiveSplat/install/activesplat
[3.665s] DEBUG:colcon.colcon_core.event_handler.log_command:Invoked command in '/home/sancharyamg/ActiveSplat/build/activesplat' returned '0': CMAKE_PREFIX_PATH=/opt/ros/jazzy CONDA_PROMPT_MODIFIER=(ActiveSplat312) /usr/bin/cmake /home/sancharyamg/ActiveSplat -DAMENT_CMAKE_SYMLINK_INSTALL=1 -DCMAKE_INSTALL_PREFIX=/home/sancharyamg/ActiveSplat/install/activesplat
[3.667s] DEBUG:colcon.colcon_core.event_handler.log_command:Invoking command in '/home/sancharyamg/ActiveSplat/build/activesplat': CMAKE_PREFIX_PATH=/opt/ros/jazzy CONDA_PROMPT_MODIFIER=(ActiveSplat312) /usr/bin/cmake --build /home/sancharyamg/ActiveSplat/build/activesplat -- -j12 -l12
[9.693s] DEBUG:colcon.colcon_core.event_handler.log_command:Invoked command in '/home/sancharyamg/ActiveSplat/build/activesplat' returned '0': CMAKE_PREFIX_PATH=/opt/ros/jazzy CONDA_PROMPT_MODIFIER=(ActiveSplat312) /usr/bin/cmake --build /home/sancharyamg/ActiveSplat/build/activesplat -- -j12 -l12
[9.704s] DEBUG:colcon.colcon_core.event_handler.log_command:Invoking command in '/home/sancharyamg/ActiveSplat/build/activesplat': CMAKE_PREFIX_PATH=/opt/ros/jazzy CONDA_PROMPT_MODIFIER=(ActiveSplat312) /usr/bin/cmake --install /home/sancharyamg/ActiveSplat/build/activesplat
[11.761s] Level 1:colcon.colcon_core.environment:create_environment_scripts_only(activesplat)
[11.762s] DEBUG:colcon.colcon_core.event_handler.log_command:Invoked command in '/home/sancharyamg/ActiveSplat/build/activesplat' returned '0': CMAKE_PREFIX_PATH=/opt/ros/jazzy CONDA_PROMPT_MODIFIER=(ActiveSplat312) /usr/bin/cmake --install /home/sancharyamg/ActiveSplat/build/activesplat
[11.771s] Level 1:colcon.colcon_core.environment:checking '/home/sancharyamg/ActiveSplat/install/activesplat' for CMake module files
[11.772s] Level 1:colcon.colcon_core.environment:checking '/home/sancharyamg/ActiveSplat/install/activesplat' for CMake config files
[11.772s] Level 1:colcon.colcon_core.shell:create_environment_hook('activesplat', 'cmake_prefix_path')
[11.772s] INFO:colcon.colcon_core.shell:Creating environment hook '/home/sancharyamg/ActiveSplat/install/activesplat/share/activesplat/hook/cmake_prefix_path.ps1'
[11.773s] INFO:colcon.colcon_core.shell:Creating environment descriptor '/home/sancharyamg/ActiveSplat/install/activesplat/share/activesplat/hook/cmake_prefix_path.dsv'
[11.774s] INFO:colcon.colcon_core.shell:Creating environment hook '/home/sancharyamg/ActiveSplat/install/activesplat/share/activesplat/hook/cmake_prefix_path.sh'
[11.774s] Level 1:colcon.colcon_core.environment:checking '/home/sancharyamg/ActiveSplat/install/activesplat/lib'
[11.774s] Level 1:colcon.colcon_core.shell:create_environment_hook('activesplat', 'ld_library_path_lib')
[11.775s] INFO:colcon.colcon_core.shell:Creating environment hook '/home/sancharyamg/ActiveSplat/install/activesplat/share/activesplat/hook/ld_library_path_lib.ps1'
[11.775s] INFO:colcon.colcon_core.shell:Creating environment descriptor '/home/sancharyamg/ActiveSplat/install/activesplat/share/activesplat/hook/ld_library_path_lib.dsv'
[11.775s] INFO:colcon.colcon_core.shell:Creating environment hook '/home/sancharyamg/ActiveSplat/install/activesplat/share/activesplat/hook/ld_library_path_lib.sh'
[11.775s] Level 1:colcon.colcon_core.environment:checking '/home/sancharyamg/ActiveSplat/install/activesplat/bin'
[11.775s] Level 1:colcon.colcon_core.environment:checking '/home/sancharyamg/ActiveSplat/install/activesplat/lib/pkgconfig/activesplat.pc'
[11.776s] Level 1:colcon.colcon_core.environment:checking '/home/sancharyamg/ActiveSplat/install/activesplat/lib/python3.12/site-packages'
[11.776s] Level 1:colcon.colcon_core.shell:create_environment_hook('activesplat', 'pythonpath')
[11.776s] INFO:colcon.colcon_core.shell:Creating environment hook '/home/sancharyamg/ActiveSplat/install/activesplat/share/activesplat/hook/pythonpath.ps1'
[11.776s] INFO:colcon.colcon_core.shell:Creating environment descriptor '/home/sancharyamg/ActiveSplat/install/activesplat/share/activesplat/hook/pythonpath.dsv'
[11.777s] INFO:colcon.colcon_core.shell:Creating environment hook '/home/sancharyamg/ActiveSplat/install/activesplat/share/activesplat/hook/pythonpath.sh'
[11.777s] Level 1:colcon.colcon_core.environment:checking '/home/sancharyamg/ActiveSplat/install/activesplat/bin'
[11.777s] INFO:colcon.colcon_core.shell:Creating package script '/home/sancharyamg/ActiveSplat/install/activesplat/share/activesplat/package.ps1'
[11.778s] INFO:colcon.colcon_core.shell:Creating package descriptor '/home/sancharyamg/ActiveSplat/install/activesplat/share/activesplat/package.dsv'
[11.779s] INFO:colcon.colcon_core.shell:Creating package script '/home/sancharyamg/ActiveSplat/install/activesplat/share/activesplat/package.sh'
[11.779s] INFO:colcon.colcon_core.shell:Creating package script '/home/sancharyamg/ActiveSplat/install/activesplat/share/activesplat/package.bash'
[11.780s] INFO:colcon.colcon_core.shell:Creating package script '/home/sancharyamg/ActiveSplat/install/activesplat/share/activesplat/package.zsh'
[11.781s] Level 1:colcon.colcon_core.environment:create_file_with_runtime_dependencies(/home/sancharyamg/ActiveSplat/install/activesplat/share/colcon-core/packages/activesplat)
[11.782s] Level 1:colcon.colcon_core.environment:create_environment_scripts_only(activesplat)
[11.782s] Level 1:colcon.colcon_core.environment:checking '/home/sancharyamg/ActiveSplat/install/activesplat' for CMake module files
[11.783s] Level 1:colcon.colcon_core.environment:checking '/home/sancharyamg/ActiveSplat/install/activesplat' for CMake config files
[11.783s] Level 1:colcon.colcon_core.shell:create_environment_hook('activesplat', 'cmake_prefix_path')
[11.783s] INFO:colcon.colcon_core.shell:Creating environment hook '/home/sancharyamg/ActiveSplat/install/activesplat/share/activesplat/hook/cmake_prefix_path.ps1'
[11.783s] INFO:colcon.colcon_core.shell:Creating environment descriptor '/home/sancharyamg/ActiveSplat/install/activesplat/share/activesplat/hook/cmake_prefix_path.dsv'
[11.784s] INFO:colcon.colcon_core.shell:Creating environment hook '/home/sancharyamg/ActiveSplat/install/activesplat/share/activesplat/hook/cmake_prefix_path.sh'
[11.784s] Level 1:colcon.colcon_core.environment:checking '/home/sancharyamg/ActiveSplat/install/activesplat/lib'
[11.784s] Level 1:colcon.colcon_core.shell:create_environment_hook('activesplat', 'ld_library_path_lib')
[11.784s] INFO:colcon.colcon_core.shell:Creating environment hook '/home/sancharyamg/ActiveSplat/install/activesplat/share/activesplat/hook/ld_library_path_lib.ps1'
[11.784s] INFO:colcon.colcon_core.shell:Creating environment descriptor '/home/sancharyamg/ActiveSplat/install/activesplat/share/activesplat/hook/ld_library_path_lib.dsv'
[11.785s] INFO:colcon.colcon_core.shell:Creating environment hook '/home/sancharyamg/ActiveSplat/install/activesplat/share/activesplat/hook/ld_library_path_lib.sh'
[11.785s] Level 1:colcon.colcon_core.environment:checking '/home/sancharyamg/ActiveSplat/install/activesplat/bin'
[11.785s] Level 1:colcon.colcon_core.environment:checking '/home/sancharyamg/ActiveSplat/install/activesplat/lib/pkgconfig/activesplat.pc'
[11.785s] Level 1:colcon.colcon_core.environment:checking '/home/sancharyamg/ActiveSplat/install/activesplat/lib/python3.12/site-packages'
[11.785s] Level 1:colcon.colcon_core.shell:create_environment_hook('activesplat', 'pythonpath')
[11.785s] INFO:colcon.colcon_core.shell:Creating environment hook '/home/sancharyamg/ActiveSplat/install/activesplat/share/activesplat/hook/pythonpath.ps1'
[11.785s] INFO:colcon.colcon_core.shell:Creating environment descriptor '/home/sancharyamg/ActiveSplat/install/activesplat/share/activesplat/hook/pythonpath.dsv'
[11.786s] INFO:colcon.colcon_core.shell:Creating environment hook '/home/sancharyamg/ActiveSplat/install/activesplat/share/activesplat/hook/pythonpath.sh'
[11.786s] Level 1:colcon.colcon_core.environment:checking '/home/sancharyamg/ActiveSplat/install/activesplat/bin'
[11.786s] INFO:colcon.colcon_core.shell:Creating package script '/home/sancharyamg/ActiveSplat/install/activesplat/share/activesplat/package.ps1'
[11.787s] INFO:colcon.colcon_core.shell:Creating package descriptor '/home/sancharyamg/ActiveSplat/install/activesplat/share/activesplat/package.dsv'
[11.787s] INFO:colcon.colcon_core.shell:Creating package script '/home/sancharyamg/ActiveSplat/install/activesplat/share/activesplat/package.sh'
[11.787s] INFO:colcon.colcon_core.shell:Creating package script '/home/sancharyamg/ActiveSplat/install/activesplat/share/activesplat/package.bash'
[11.788s] INFO:colcon.colcon_core.shell:Creating package script '/home/sancharyamg/ActiveSplat/install/activesplat/share/activesplat/package.zsh'
[11.788s] Level 1:colcon.colcon_core.environment:create_file_with_runtime_dependencies(/home/sancharyamg/ActiveSplat/install/activesplat/share/colcon-core/packages/activesplat)
[11.788s] DEBUG:colcon.colcon_parallel_executor.executor.parallel:closing loop
[11.789s] DEBUG:colcon.colcon_parallel_executor.executor.parallel:loop closed
[11.789s] DEBUG:colcon.colcon_parallel_executor.executor.parallel:run_until_complete finished with '0'
[11.789s] DEBUG:colcon.colcon_core.event_reactor:joining thread
[11.789s] DEBUG:colcon.colcon_core.event_reactor:joined thread
[11.789s] INFO:colcon.colcon_core.shell:Creating prefix script '/home/sancharyamg/ActiveSplat/install/local_setup.ps1'
[11.790s] INFO:colcon.colcon_core.shell:Creating prefix util module '/home/sancharyamg/ActiveSplat/install/_local_setup_util_ps1.py'
[11.791s] INFO:colcon.colcon_core.shell:Creating prefix chain script '/home/sancharyamg/ActiveSplat/install/setup.ps1'
[11.792s] INFO:colcon.colcon_core.shell:Creating prefix script '/home/sancharyamg/ActiveSplat/install/local_setup.sh'
[11.792s] INFO:colcon.colcon_core.shell:Creating prefix util module '/home/sancharyamg/ActiveSplat/install/_local_setup_util_sh.py'
[11.792s] INFO:colcon.colcon_core.shell:Creating prefix chain script '/home/sancharyamg/ActiveSplat/install/setup.sh'
[11.793s] INFO:colcon.colcon_core.shell:Creating prefix script '/home/sancharyamg/ActiveSplat/install/local_setup.bash'
[11.794s] INFO:colcon.colcon_core.shell:Creating prefix chain script '/home/sancharyamg/ActiveSplat/install/setup.bash'
[11.794s] INFO:colcon.colcon_core.shell:Creating prefix script '/home/sancharyamg/ActiveSplat/install/local_setup.zsh'
[11.795s] INFO:colcon.colcon_core.shell:Creating prefix chain script '/home/sancharyamg/ActiveSplat/install/setup.zsh'
