/home/sancharyamg/ActiveSplat/submodules/habitat/habitat-sim/setup.py:451: DeprecationWarning: distutils Version classes are deprecated. Use packaging.version instead.
  assert StrictVersion(
/home/sancharyamg/ActiveSplat/submodules/habitat/habitat-sim/setup.py:453: DeprecationWarning: distutils Version classes are deprecated. Use packaging.version instead.
  ) >= StrictVersion("3.7"), "Must use python3.7 or newer"
/home/sancharyamg/miniconda3/envs/ActiveSplat/lib/python3.9/site-packages/setuptools/_distutils/dist.py:289: UserWarning: Unknown distribution option: 'tests_require'
  warnings.warn(msg)
running build_ext
-- The C compiler identification is GNU 11.4.0
-- The CXX compiler identification is GNU 11.4.0
-- The CUDA compiler identification is NVIDIA 11.8.89 with host compiler GNU 11.4.0
-- Detecting C compiler ABI info
-- Detecting C compiler ABI info - done
-- Check for working C compiler: /home/sancharyamg/miniconda3/envs/ActiveSplat/bin/x86_64-conda-linux-gnu-cc - skipped
-- Detecting C compile features
-- Detecting C compile features - done
-- Detecting CXX compiler ABI info
-- Detecting CXX compiler ABI info - done
-- Check for working CXX compiler: /home/sancharyamg/miniconda3/envs/ActiveSplat/bin/x86_64-conda-linux-gnu-c++ - skipped
-- Detecting CXX compile features
-- Detecting CXX compile features - done
-- Detecting CUDA compiler ABI info
-- Detecting CUDA compiler ABI info - done
-- Check for working CUDA compiler: /home/sancharyamg/miniconda3/envs/ActiveSplat/bin/nvcc - skipped
-- Detecting CUDA compile features
-- Detecting CUDA compile features - done
Using relative rpath
CMake Deprecation Warning at deps/corrade/CMakeLists.txt:31 (cmake_minimum_required):
  Compatibility with CMake < 3.10 will be removed from a future version of
  CMake.

  Update the VERSION argument <min> value.  Or, use the <min>...<max> syntax
  to tell CMake that the project requires at least <min> but has been updated
  to work with policies introduced by <max> or earlier.


-- Performing Test _CORRADE_CPU_CAN_USE_IFUNC
-- Performing Test _CORRADE_CPU_CAN_USE_IFUNC - Success
-- The LIB_SUFFIX variable is not defined. It will be autodetected now.
-- You can set it manually with -DLIB_SUFFIX=<value> (64 for example).
-- LIB_SUFFIX autodetected as '64', libraries will be installed into /usr/local/lib64
-- Found Git: /usr/bin/git (found version "2.43.0")
-- Found Corrade: /home/sancharyamg/ActiveSplat/submodules/habitat/habitat-sim/src/deps/corrade/src  found components: Containers rc Utility
-- Found OpenMP_C: -fopenmp (found version "4.5")
-- Found OpenMP_CXX: -fopenmp (found version "4.5")
-- Found OpenMP_CUDA: -fopenmp (found version "4.5")
-- Found OpenMP: TRUE (found version "4.5")
CMake Deprecation Warning at deps/assimp/CMakeLists.txt:39 (CMAKE_MINIMUM_REQUIRED):
  Compatibility with CMake < 3.10 will be removed from a future version of
  CMake.

  Update the VERSION argument <min> value.  Or, use the <min>...<max> syntax
  to tell CMake that the project requires at least <min> but has been updated
  to work with policies introduced by <max> or earlier.


-- Shared libraries disabled
-- Looking for ZLIB...
-- Could NOT find PkgConfig (missing: PKG_CONFIG_EXECUTABLE) 
-- Found ZLIB: optimized;/home/sancharyamg/miniconda3/envs/ActiveSplat/lib/libz.so;debug;/home/sancharyamg/miniconda3/envs/ActiveSplat/lib/libz.so
-- Build an import-only version of Assimp.
CMake Deprecation Warning at deps/assimp/code/CMakeLists.txt:46 (cmake_minimum_required):
  Compatibility with CMake < 3.10 will be removed from a future version of
  CMake.

  Update the VERSION argument <min> value.  Or, use the <min>...<max> syntax
  to tell CMake that the project requires at least <min> but has been updated
  to work with policies introduced by <max> or earlier.


CMake Warning (dev) at /home/sancharyamg/miniconda3/envs/ActiveSplat/lib/python3.9/site-packages/cmake/data/share/cmake-4.3/Modules/FindPackageHandleStandardArgs.cmake:493 (message):
  The package name passed to find_package_handle_standard_args() (rt) does
  not match the name of the calling package (RT).  This can lead to problems
  in calling code that expects find_package() result variables (e.g.,
  `_FOUND`) to follow a certain pattern.
Call Stack (most recent call first):
  deps/assimp/cmake-modules/FindRT.cmake:19 (find_package_handle_standard_args)
  deps/assimp/code/CMakeLists.txt:1013 (FIND_PACKAGE)
This warning is for project developers.  Use -Wno-dev to suppress it.

-- Found rt: /home/sancharyamg/miniconda3/envs/ActiveSplat/x86_64-conda-linux-gnu/sysroot/usr/lib/librt.so
-- Enabled importer formats: AMF 3DS AC ASE ASSBIN B3D BVH COLLADA DXF CSM HMP IRRMESH IRR LWO LWS MD2 MD3 MD5 MDC MDL NFF NDO OFF OBJ OGRE OPENGEX PLY MS3D COB BLEND IFC XGL FBX Q3D Q3BSP RAW SIB SMD STL TERRAGEN 3D X X3D GLTF 3MF MMD STEP
-- Disabled importer formats:
-- Enabled exporter formats:
-- Disabled exporter formats: 3DS ASSBIN ASSXML COLLADA OBJ OPENGEX PLY FBX STL X X3D GLTF 3MF ASSJSON STEP
-- Found Assimp: /home/sancharyamg/ActiveSplat/submodules/habitat/habitat-sim/src/deps/assimp/include
CMake Warning (dev) at cmake/dependencies.cmake:125 (find_package):
  Policy CMP0148 is not set: The FindPythonInterp and FindPythonLibs modules
  are removed.  Run "cmake --help-policy CMP0148" for policy details.  Use
  the cmake_policy command to set the policy and suppress this warning.

Call Stack (most recent call first):
  CMakeLists.txt:147 (include)
This warning is for project developers.  Use -Wno-dev to suppress it.

-- Found PythonInterp: /home/sancharyamg/miniconda3/envs/ActiveSplat/bin/python (found suitable version "3.9.25", minimum required is "3.7")
-- Bindings being generated for python at /home/sancharyamg/miniconda3/envs/ActiveSplat/bin/python
CMake Deprecation Warning at deps/pybind11/CMakeLists.txt:8 (cmake_minimum_required):
  Compatibility with CMake < 3.10 will be removed from a future version of
  CMake.

  Update the VERSION argument <min> value.  Or, use the <min>...<max> syntax
  to tell CMake that the project requires at least <min> but has been updated
  to work with policies introduced by <max> or earlier.


-- pybind11 v2.10.1 
CMake Warning (dev) at deps/pybind11/tools/FindPythonLibsNew.cmake:98 (find_package):
  Policy CMP0148 is not set: The FindPythonInterp and FindPythonLibs modules
  are removed.  Run "cmake --help-policy CMP0148" for policy details.  Use
  the cmake_policy command to set the policy and suppress this warning.

Call Stack (most recent call first):
  deps/pybind11/tools/pybind11Tools.cmake:50 (find_package)
  deps/pybind11/tools/pybind11Common.cmake:180 (include)
  deps/pybind11/CMakeLists.txt:206 (include)
This warning is for project developers.  Use -Wno-dev to suppress it.

-- Found PythonInterp: /home/sancharyamg/miniconda3/envs/ActiveSplat/bin/python (found suitable version "3.9.25", minimum required is "3.6")
-- Found PythonLibs: /home/sancharyamg/miniconda3/envs/ActiveSplat/lib/libpython3.9.so
-- Performing Test HAS_FLTO
-- Performing Test HAS_FLTO - Success
-- OpenEXR is configuring as a cmake subproject
-- Performing Test CMAKE_HAVE_LIBC_PTHREAD
-- Performing Test CMAKE_HAVE_LIBC_PTHREAD - Failed
-- Check if compiler accepts -pthread
-- Check if compiler accepts -pthread - yes
-- Found Threads: TRUE
-- Imath was not found, installing from https://github.com/AcademySoftwareFoundation/Imath.git (v3.0.5)
CMake Warning (dev) at /home/sancharyamg/miniconda3/envs/ActiveSplat/lib/python3.9/site-packages/cmake/data/share/cmake-4.3/Modules/FetchContent.cmake:1966 (message):
  Calling FetchContent_Populate(Imath) is deprecated, call
  FetchContent_MakeAvailable(Imath) instead.  Policy CMP0169 can be set to
  OLD to allow FetchContent_Populate(Imath) to be called directly for now,
  but the ability to call it with declared details will be removed completely
  in a future version.
Call Stack (most recent call first):
  deps/openexr/cmake/OpenEXRSetup.cmake:273 (FetchContent_Populate)
  deps/openexr/CMakeLists.txt:42 (include)
This warning is for project developers.  Use -Wno-dev to suppress it.

-- Imath is configuring as a cmake sub project
-- Configure Imath 3.0.5, library API version: 28.0.2
-- pkg-config generation disabled
-- Performing Test OPENEXR_IMF_HAVE_SYSCONF_NPROCESSORS_ONLN
-- Performing Test OPENEXR_IMF_HAVE_SYSCONF_NPROCESSORS_ONLN - Success
-- Performing Test OPENEXR_IMF_HAVE_GCC_INLINE_ASM_AVX
-- Performing Test OPENEXR_IMF_HAVE_GCC_INLINE_ASM_AVX - Success
-- Looking for include file ucontext.h
-- Looking for include file ucontext.h - found
-- Performing Test IEX_HAVE_CONTROL_REGISTER_SUPPORT
-- Performing Test IEX_HAVE_CONTROL_REGISTER_SUPPORT - Success
-- Looking for include file semaphore.h
-- Looking for include file semaphore.h - found
-- Looking for sem_init in pthread
-- Looking for sem_init in pthread - found
-- -- pkg-config generation disabled
-- Configure OpenEXR 3.0.5, library API version: 29.0.0
CMake Deprecation Warning at deps/magnum/CMakeLists.txt:26 (cmake_minimum_required):
  Compatibility with CMake < 3.10 will be removed from a future version of
  CMake.

  Update the VERSION argument <min> value.  Or, use the <min>...<max> syntax
  to tell CMake that the project requires at least <min> but has been updated
  to work with policies introduced by <max> or earlier.


CMake Error at /home/sancharyamg/miniconda3/envs/ActiveSplat/lib/python3.9/site-packages/cmake/data/share/cmake-4.3/Modules/FindPackageHandleStandardArgs.cmake:290 (message):
  Could NOT find OpenGL (missing: OPENGL_opengl_LIBRARY OPENGL_glx_LIBRARY
  OPENGL_INCLUDE_DIR)
Call Stack (most recent call first):
  /home/sancharyamg/miniconda3/envs/ActiveSplat/lib/python3.9/site-packages/cmake/data/share/cmake-4.3/Modules/FindPackageHandleStandardArgs.cmake:654 (_FPHSA_FAILURE_MESSAGE)
  /home/sancharyamg/miniconda3/envs/ActiveSplat/lib/python3.9/site-packages/cmake/data/share/cmake-4.3/Modules/FindOpenGL.cmake:704 (find_package_handle_standard_args)
  deps/magnum/CMakeLists.txt:562 (find_package)


-- Configuring incomplete, errors occurred!
Traceback (most recent call last):
  File "/home/sancharyamg/ActiveSplat/submodules/habitat/habitat-sim/setup.py", line 460, in <module>
    setup(
  File "/home/sancharyamg/miniconda3/envs/ActiveSplat/lib/python3.9/site-packages/setuptools/__init__.py", line 115, in setup
    return distutils.core.setup(**attrs)
  File "/home/sancharyamg/miniconda3/envs/ActiveSplat/lib/python3.9/site-packages/setuptools/_distutils/core.py", line 186, in setup
    return run_commands(dist)
  File "/home/sancharyamg/miniconda3/envs/ActiveSplat/lib/python3.9/site-packages/setuptools/_distutils/core.py", line 202, in run_commands
    dist.run_commands()
  File "/home/sancharyamg/miniconda3/envs/ActiveSplat/lib/python3.9/site-packages/setuptools/_distutils/dist.py", line 1002, in run_commands
    self.run_command(cmd)
  File "/home/sancharyamg/miniconda3/envs/ActiveSplat/lib/python3.9/site-packages/setuptools/dist.py", line 1102, in run_command
    super().run_command(command)
  File "/home/sancharyamg/miniconda3/envs/ActiveSplat/lib/python3.9/site-packages/setuptools/_distutils/dist.py", line 1021, in run_command
    cmd_obj.run()
  File "/home/sancharyamg/ActiveSplat/submodules/habitat/habitat-sim/setup.py", line 271, in run
    self.build_extension(ext)
  File "/home/sancharyamg/ActiveSplat/submodules/habitat/habitat-sim/setup.py", line 364, in build_extension
    subprocess.check_call(
  File "/home/sancharyamg/miniconda3/envs/ActiveSplat/lib/python3.9/subprocess.py", line 373, in check_call
    raise CalledProcessError(retcode, cmd)
subprocess.CalledProcessError: Command '['/home/sancharyamg/miniconda3/envs/ActiveSplat/lib/python3.9/site-packages/cmake/data/bin/cmake', '-DBUILD_PYTHON_BINDINGS=ON', '-DCMAKE_LIBRARY_OUTPUT_DIRECTORY=/home/sancharyamg/ActiveSplat/submodules/habitat/habitat-sim/build/lib.linux-x86_64-cpython-39/habitat_sim/_ext', '-DPYTHON_EXECUTABLE=/home/sancharyamg/miniconda3/envs/ActiveSplat/bin/python', '-DCMAKE_EXPORT_COMPILE_COMMANDS=ON', '-DREL_BUILD_RPATH=ON', '-DCMAKE_POLICY_VERSION_MINIMUM=3.5', '-DCMAKE_BUILD_TYPE=RelWithDebInfo', '-GNinja', '-DBUILD_GUI_VIEWERS=OFF', '-DBUILD_TEST=OFF', '-DBUILD_WITH_BULLET=OFF', '-DBUILD_WITH_VHACD=OFF', '-DBUILD_DATATOOL=OFF', '-DBUILD_WITH_CUDA=ON', '-DBUILD_BASIS_COMPRESSOR=OFF', '-DBUILD_WITH_AUDIO=OFF', '/home/sancharyamg/ActiveSplat/submodules/habitat/habitat-sim/src']' returned non-zero exit status 1.
/home/sancharyamg/ActiveSplat/submodules/habitat/habitat-sim/setup.py:451: DeprecationWarning: distutils Version classes are deprecated. Use packaging.version instead.
  assert StrictVersion(
/home/sancharyamg/ActiveSplat/submodules/habitat/habitat-sim/setup.py:453: DeprecationWarning: distutils Version classes are deprecated. Use packaging.version instead.
  ) >= StrictVersion("3.7"), "Must use python3.7 or newer"
/home/sancharyamg/miniconda3/envs/ActiveSplat/lib/python3.9/site-packages/setuptools/_distutils/dist.py:289: UserWarning: Unknown distribution option: 'tests_require'
  warnings.warn(msg)
running install
/home/sancharyamg/miniconda3/envs/ActiveSplat/lib/python3.9/site-packages/setuptools/_distutils/cmd.py:90: SetuptoolsDeprecationWarning: setup.py install is deprecated.
!!

        ********************************************************************************
        Please avoid running ``setup.py`` directly.
        Instead, use pypa/build, pypa/installer or other
        standards-based tools.

        This deprecation is overdue, please update your project and remove deprecated
        calls to avoid build errors in the future.

        See https://blog.ganssle.io/articles/2021/10/setup-py-deprecated.html for details.
        ********************************************************************************

!!
  self.initialize_options()
running build
running build_py
creating build/lib.linux-x86_64-cpython-39/habitat_sim
copying src_python/habitat_sim/logging.py -> build/lib.linux-x86_64-cpython-39/habitat_sim
copying src_python/habitat_sim/attributes.py -> build/lib.linux-x86_64-cpython-39/habitat_sim
copying src_python/habitat_sim/physics.py -> build/lib.linux-x86_64-cpython-39/habitat_sim
copying src_python/habitat_sim/geo.py -> build/lib.linux-x86_64-cpython-39/habitat_sim
copying src_python/habitat_sim/sensor.py -> build/lib.linux-x86_64-cpython-39/habitat_sim
copying src_python/habitat_sim/attributes_managers.py -> build/lib.linux-x86_64-cpython-39/habitat_sim
copying src_python/habitat_sim/errors.py -> build/lib.linux-x86_64-cpython-39/habitat_sim
copying src_python/habitat_sim/metadata.py -> build/lib.linux-x86_64-cpython-39/habitat_sim
copying src_python/habitat_sim/gfx.py -> build/lib.linux-x86_64-cpython-39/habitat_sim
copying src_python/habitat_sim/sim.py -> build/lib.linux-x86_64-cpython-39/habitat_sim
copying src_python/habitat_sim/simulator.py -> build/lib.linux-x86_64-cpython-39/habitat_sim
copying src_python/habitat_sim/__init__.py -> build/lib.linux-x86_64-cpython-39/habitat_sim
copying src_python/habitat_sim/registry.py -> build/lib.linux-x86_64-cpython-39/habitat_sim
copying src_python/habitat_sim/scene.py -> build/lib.linux-x86_64-cpython-39/habitat_sim
creating build/lib.linux-x86_64-cpython-39/habitat_sim/nav
copying src_python/habitat_sim/nav/greedy_geodesic_follower.py -> build/lib.linux-x86_64-cpython-39/habitat_sim/nav
copying src_python/habitat_sim/nav/__init__.py -> build/lib.linux-x86_64-cpython-39/habitat_sim/nav
creating build/lib.linux-x86_64-cpython-39/habitat_sim/agent
copying src_python/habitat_sim/agent/agent.py -> build/lib.linux-x86_64-cpython-39/habitat_sim/agent
copying src_python/habitat_sim/agent/__init__.py -> build/lib.linux-x86_64-cpython-39/habitat_sim/agent
creating build/lib.linux-x86_64-cpython-39/habitat_sim/sensors
copying src_python/habitat_sim/sensors/__init__.py -> build/lib.linux-x86_64-cpython-39/habitat_sim/sensors
copying src_python/habitat_sim/sensors/sensor_suite.py -> build/lib.linux-x86_64-cpython-39/habitat_sim/sensors
creating build/lib.linux-x86_64-cpython-39/habitat_sim/bindings
copying src_python/habitat_sim/bindings/__init__.py -> build/lib.linux-x86_64-cpython-39/habitat_sim/bindings
creating build/lib.linux-x86_64-cpython-39/habitat_sim/utils
copying src_python/habitat_sim/utils/manager_utils.py -> build/lib.linux-x86_64-cpython-39/habitat_sim/utils
copying src_python/habitat_sim/utils/validators.py -> build/lib.linux-x86_64-cpython-39/habitat_sim/utils
copying src_python/habitat_sim/utils/collect_env.py -> build/lib.linux-x86_64-cpython-39/habitat_sim/utils
copying src_python/habitat_sim/utils/common.py -> build/lib.linux-x86_64-cpython-39/habitat_sim/utils
copying src_python/habitat_sim/utils/viz_utils.py -> build/lib.linux-x86_64-cpython-39/habitat_sim/utils
copying src_python/habitat_sim/utils/gfx_replay_utils.py -> build/lib.linux-x86_64-cpython-39/habitat_sim/utils
copying src_python/habitat_sim/utils/compare_profiles.py -> build/lib.linux-x86_64-cpython-39/habitat_sim/utils
copying src_python/habitat_sim/utils/__init__.py -> build/lib.linux-x86_64-cpython-39/habitat_sim/utils
copying src_python/habitat_sim/utils/datasets_download.py -> build/lib.linux-x86_64-cpython-39/habitat_sim/utils
copying src_python/habitat_sim/utils/settings.py -> build/lib.linux-x86_64-cpython-39/habitat_sim/utils
copying src_python/habitat_sim/utils/profiling_utils.py -> build/lib.linux-x86_64-cpython-39/habitat_sim/utils
creating build/lib.linux-x86_64-cpython-39/habitat_sim/agent/controls
copying src_python/habitat_sim/agent/controls/object_controls.py -> build/lib.linux-x86_64-cpython-39/habitat_sim/agent/controls
copying src_python/habitat_sim/agent/controls/pyrobot_noisy_controls.py -> build/lib.linux-x86_64-cpython-39/habitat_sim/agent/controls
copying src_python/habitat_sim/agent/controls/default_controls.py -> build/lib.linux-x86_64-cpython-39/habitat_sim/agent/controls
copying src_python/habitat_sim/agent/controls/controls.py -> build/lib.linux-x86_64-cpython-39/habitat_sim/agent/controls
copying src_python/habitat_sim/agent/controls/__init__.py -> build/lib.linux-x86_64-cpython-39/habitat_sim/agent/controls
creating build/lib.linux-x86_64-cpython-39/habitat_sim/sensors/noise_models
copying src_python/habitat_sim/sensors/noise_models/speckle_noise_model.py -> build/lib.linux-x86_64-cpython-39/habitat_sim/sensors/noise_models
copying src_python/habitat_sim/sensors/noise_models/no_noise_model.py -> build/lib.linux-x86_64-cpython-39/habitat_sim/sensors/noise_models
copying src_python/habitat_sim/sensors/noise_models/sensor_noise_model.py -> build/lib.linux-x86_64-cpython-39/habitat_sim/sensors/noise_models
copying src_python/habitat_sim/sensors/noise_models/gaussian_noise_model.py -> build/lib.linux-x86_64-cpython-39/habitat_sim/sensors/noise_models
copying src_python/habitat_sim/sensors/noise_models/salt_and_pepper_noise_model.py -> build/lib.linux-x86_64-cpython-39/habitat_sim/sensors/noise_models
copying src_python/habitat_sim/sensors/noise_models/poisson_noise_model.py -> build/lib.linux-x86_64-cpython-39/habitat_sim/sensors/noise_models
copying src_python/habitat_sim/sensors/noise_models/__init__.py -> build/lib.linux-x86_64-cpython-39/habitat_sim/sensors/noise_models
copying src_python/habitat_sim/sensors/noise_models/redwood_depth_noise_model.py -> build/lib.linux-x86_64-cpython-39/habitat_sim/sensors/noise_models
creating build/lib.linux-x86_64-cpython-39/habitat_sim/utils/data
copying src_python/habitat_sim/utils/data/data_extractor.py -> build/lib.linux-x86_64-cpython-39/habitat_sim/utils/data
copying src_python/habitat_sim/utils/data/pose_extractor.py -> build/lib.linux-x86_64-cpython-39/habitat_sim/utils/data
copying src_python/habitat_sim/utils/data/data_structures.py -> build/lib.linux-x86_64-cpython-39/habitat_sim/utils/data
copying src_python/habitat_sim/utils/data/__init__.py -> build/lib.linux-x86_64-cpython-39/habitat_sim/utils/data
running egg_info
writing src_python/habitat_sim.egg-info/PKG-INFO
writing dependency_links to src_python/habitat_sim.egg-info/dependency_links.txt
writing requirements to src_python/habitat_sim.egg-info/requires.txt
writing top-level names to src_python/habitat_sim.egg-info/top_level.txt
reading manifest file 'src_python/habitat_sim.egg-info/SOURCES.txt'
reading manifest template 'MANIFEST.in'
adding license file 'LICENSE'
writing manifest file 'src_python/habitat_sim.egg-info/SOURCES.txt'
/home/sancharyamg/miniconda3/envs/ActiveSplat/lib/python3.9/site-packages/setuptools/command/build_py.py:212: _Warning: Package 'habitat_sim.sensors.noise_models.data' is absent from the `packages` configuration.
!!

        ********************************************************************************
        ############################
        # Package would be ignored #
        ############################
        Python recognizes 'habitat_sim.sensors.noise_models.data' as an importable package[^1],
        but it is absent from setuptools' `packages` configuration.

        This leads to an ambiguous overall configuration. If you want to distribute this
        package, please make sure that 'habitat_sim.sensors.noise_models.data' is explicitly added
        to the `packages` configuration field.

        Alternatively, you can also rely on setuptools' discovery methods
        (for example by using `find_namespace_packages(...)`/`find_namespace:`
        instead of `find_packages(...)`/`find:`).

        You can read more about "package discovery" on setuptools documentation page:

        - https://setuptools.pypa.io/en/latest/userguide/package_discovery.html

        If you don't want 'habitat_sim.sensors.noise_models.data' to be distributed and are
        already explicitly excluding 'habitat_sim.sensors.noise_models.data' via
        `find_namespace_packages(...)/find_namespace` or `find_packages(...)/find`,
        you can try to use `exclude_package_data`, or `include-package-data=False` in
        combination with a more fine grained `package-data` configuration.

        You can read more about "package data files" on setuptools documentation page:

        - https://setuptools.pypa.io/en/latest/userguide/datafiles.html


        [^1]: For Python, any directory (with suitable naming) can be imported,
              even if it does not contain any `.py` files.
              On the other hand, currently there is no concept of package data
              directory, all directories are treated like packages.
        ********************************************************************************

!!
  check.warn(importable)
creating build/lib.linux-x86_64-cpython-39/habitat_sim/sensors/noise_models/data
copying src_python/habitat_sim/sensors/noise_models/data/redwood-depth-dist-model.npy -> build/lib.linux-x86_64-cpython-39/habitat_sim/sensors/noise_models/data
running build_ext
error: [Errno 2] No such file or directory: 'build/compile_commands.json'
