-- The C compiler identification is GNU 11.4.0
-- The CXX compiler identification is GNU 11.4.0
-- The CUDA compiler identification is NVIDIA 11.8.89 with host compiler GNU 11.4.0
-- Detecting C compiler ABI info
-- Detecting C compiler ABI info - done
-- Check for working C compiler: /home/sancharyamg/miniconda3/envs/ActiveSplat/bin/x86_64-conda-linux-gnu-cc - skipped
-- Detecting C compile features
-- Detecting C compile features - done
-- Detecting CXX compiler ABI info
-- Detecting CXX compiler ABI info - done
-- Check for working CXX compiler: /home/sancharyamg/miniconda3/envs/ActiveSplat/bin/x86_64-conda-linux-gnu-c++ - skipped
-- Detecting CXX compile features
-- Detecting CXX compile features - done
-- Detecting CUDA compiler ABI info
-- Detecting CUDA compiler ABI info - done
-- Check for working CUDA compiler: /home/sancharyamg/miniconda3/envs/ActiveSplat/bin/nvcc - skipped
-- Detecting CUDA compile features
-- Detecting CUDA compile features - done
Using absolute rpath
CMake Deprecation Warning at deps/corrade/CMakeLists.txt:31 (cmake_minimum_required):
  Compatibility with CMake < 3.10 will be removed from a future version of
  CMake.

  Update the VERSION argument <min> value.  Or, use the <min>...<max> syntax
  to tell CMake that the project requires at least <min> but has been updated
  to work with policies introduced by <max> or earlier.


-- Performing Test _CORRADE_CPU_CAN_USE_IFUNC
-- Performing Test _CORRADE_CPU_CAN_USE_IFUNC - Success
-- The LIB_SUFFIX variable is not defined. It will be autodetected now.
-- You can set it manually with -DLIB_SUFFIX=<value> (64 for example).
-- LIB_SUFFIX autodetected as '64', libraries will be installed into /usr/local/lib64
-- Found Git: /usr/bin/git (found version "2.43.0")
-- Found Corrade: /home/sancharyamg/ActiveSplat/submodules/habitat/habitat-sim/src/deps/corrade/src  found components: Containers rc Utility
-- Found OpenMP_C: -fopenmp (found version "4.5")
-- Found OpenMP_CXX: -fopenmp (found version "4.5")
-- Found OpenMP_CUDA: -fopenmp (found version "4.5")
-- Found OpenMP: TRUE (found version "4.5")
CMake Deprecation Warning at deps/assimp/CMakeLists.txt:39 (CMAKE_MINIMUM_REQUIRED):
  Compatibility with CMake < 3.10 will be removed from a future version of
  CMake.

  Update the VERSION argument <min> value.  Or, use the <min>...<max> syntax
  to tell CMake that the project requires at least <min> but has been updated
  to work with policies introduced by <max> or earlier.


-- Shared libraries disabled
-- Looking for ZLIB...
-- Could NOT find PkgConfig (missing: PKG_CONFIG_EXECUTABLE) 
-- Found ZLIB: optimized;/home/sancharyamg/miniconda3/envs/ActiveSplat/lib/libz.so;debug;/home/sancharyamg/miniconda3/envs/ActiveSplat/lib/libz.so
-- Build an import-only version of Assimp.
CMake Deprecation Warning at deps/assimp/code/CMakeLists.txt:46 (cmake_minimum_required):
  Compatibility with CMake < 3.10 will be removed from a future version of
  CMake.

  Update the VERSION argument <min> value.  Or, use the <min>...<max> syntax
  to tell CMake that the project requires at least <min> but has been updated
  to work with policies introduced by <max> or earlier.


CMake Warning (dev) at /home/sancharyamg/miniconda3/envs/ActiveSplat/lib/python3.9/site-packages/cmake/data/share/cmake-4.3/Modules/FindPackageHandleStandardArgs.cmake:493 (message):
  The package name passed to find_package_handle_standard_args() (rt) does
  not match the name of the calling package (RT).  This can lead to problems
  in calling code that expects find_package() result variables (e.g.,
  `_FOUND`) to follow a certain pattern.
Call Stack (most recent call first):
  deps/assimp/cmake-modules/FindRT.cmake:19 (find_package_handle_standard_args)
  deps/assimp/code/CMakeLists.txt:1013 (FIND_PACKAGE)
This warning is for project developers.  Use -Wno-dev to suppress it.

-- Found rt: /home/sancharyamg/miniconda3/envs/ActiveSplat/x86_64-conda-linux-gnu/sysroot/usr/lib/librt.so
-- Enabled importer formats: AMF 3DS AC ASE ASSBIN B3D BVH COLLADA DXF CSM HMP IRRMESH IRR LWO LWS MD2 MD3 MD5 MDC MDL NFF NDO OFF OBJ OGRE OPENGEX PLY MS3D COB BLEND IFC XGL FBX Q3D Q3BSP RAW SIB SMD STL TERRAGEN 3D X X3D GLTF 3MF MMD STEP
-- Disabled importer formats:
-- Enabled exporter formats:
-- Disabled exporter formats: 3DS ASSBIN ASSXML COLLADA OBJ OPENGEX PLY FBX STL X X3D GLTF 3MF ASSJSON STEP
-- Found Assimp: /home/sancharyamg/ActiveSplat/submodules/habitat/habitat-sim/src/deps/assimp/include
CMake Warning (dev) at cmake/dependencies.cmake:125 (find_package):
  Policy CMP0148 is not set: The FindPythonInterp and FindPythonLibs modules
  are removed.  Run "cmake --help-policy CMP0148" for policy details.  Use
  the cmake_policy command to set the policy and suppress this warning.

Call Stack (most recent call first):
  CMakeLists.txt:147 (include)
This warning is for project developers.  Use -Wno-dev to suppress it.

-- Found PythonInterp: /home/sancharyamg/miniconda3/envs/ActiveSplat/bin/python3 (found suitable version "3.9.25", minimum required is "3.7")
-- Bindings being generated for python at /home/sancharyamg/miniconda3/envs/ActiveSplat/bin/python3
CMake Deprecation Warning at deps/pybind11/CMakeLists.txt:8 (cmake_minimum_required):
  Compatibility with CMake < 3.10 will be removed from a future version of
  CMake.

  Update the VERSION argument <min> value.  Or, use the <min>...<max> syntax
  to tell CMake that the project requires at least <min> but has been updated
  to work with policies introduced by <max> or earlier.


-- pybind11 v2.10.1 
CMake Warning (dev) at deps/pybind11/tools/FindPythonLibsNew.cmake:98 (find_package):
  Policy CMP0148 is not set: The FindPythonInterp and FindPythonLibs modules
  are removed.  Run "cmake --help-policy CMP0148" for policy details.  Use
  the cmake_policy command to set the policy and suppress this warning.

Call Stack (most recent call first):
  deps/pybind11/tools/pybind11Tools.cmake:50 (find_package)
  deps/pybind11/tools/pybind11Common.cmake:180 (include)
  deps/pybind11/CMakeLists.txt:206 (include)
This warning is for project developers.  Use -Wno-dev to suppress it.

-- Found PythonInterp: /home/sancharyamg/miniconda3/envs/ActiveSplat/bin/python3 (found suitable version "3.9.25", minimum required is "3.6")
-- Found PythonLibs: /home/sancharyamg/miniconda3/envs/ActiveSplat/lib/libpython3.9.so
-- Performing Test HAS_FLTO
-- Performing Test HAS_FLTO - Success
CMake Deprecation Warning at deps/bullet3/CMakeLists.txt:1 (cmake_minimum_required):
  Compatibility with CMake < 3.10 will be removed from a future version of
  CMake.

  Update the VERSION argument <min> value.  Or, use the <min>...<max> syntax
  to tell CMake that the project requires at least <min> but has been updated
  to work with policies introduced by <max> or earlier.


Linux
-- Found OpenGL: /usr/lib/x86_64-linux-gnu/libOpenGL.so
OPENGL FOUND
/usr/lib/x86_64-linux-gnu/libOpenGL.so/usr/lib/x86_64-linux-gnu/libGLX.so
-- OpenEXR is configuring as a cmake subproject
-- Performing Test CMAKE_HAVE_LIBC_PTHREAD
-- Performing Test CMAKE_HAVE_LIBC_PTHREAD - Failed
-- Check if compiler accepts -pthread
-- Check if compiler accepts -pthread - yes
-- Found Threads: TRUE
-- Imath was not found, installing from https://github.com/AcademySoftwareFoundation/Imath.git (v3.0.5)
CMake Warning (dev) at /home/sancharyamg/miniconda3/envs/ActiveSplat/lib/python3.9/site-packages/cmake/data/share/cmake-4.3/Modules/FetchContent.cmake:1966 (message):
  Calling FetchContent_Populate(Imath) is deprecated, call
  FetchContent_MakeAvailable(Imath) instead.  Policy CMP0169 can be set to
  OLD to allow FetchContent_Populate(Imath) to be called directly for now,
  but the ability to call it with declared details will be removed completely
  in a future version.
Call Stack (most recent call first):
  deps/openexr/cmake/OpenEXRSetup.cmake:273 (FetchContent_Populate)
  deps/openexr/CMakeLists.txt:42 (include)
This warning is for project developers.  Use -Wno-dev to suppress it.

-- Imath is configuring as a cmake sub project
-- Configure Imath 3.0.5, library API version: 28.0.2
-- pkg-config generation disabled
-- Performing Test OPENEXR_IMF_HAVE_SYSCONF_NPROCESSORS_ONLN
-- Performing Test OPENEXR_IMF_HAVE_SYSCONF_NPROCESSORS_ONLN - Success
-- Performing Test OPENEXR_IMF_HAVE_GCC_INLINE_ASM_AVX
-- Performing Test OPENEXR_IMF_HAVE_GCC_INLINE_ASM_AVX - Success
-- Looking for include file ucontext.h
-- Looking for include file ucontext.h - found
-- Performing Test IEX_HAVE_CONTROL_REGISTER_SUPPORT
-- Performing Test IEX_HAVE_CONTROL_REGISTER_SUPPORT - Success
-- Looking for include file semaphore.h
-- Looking for include file semaphore.h - found
-- Looking for sem_init in pthread
-- Looking for sem_init in pthread - found
-- -- pkg-config generation disabled
-- Configure OpenEXR 3.0.5, library API version: 29.0.0
CMake Deprecation Warning at deps/magnum/CMakeLists.txt:26 (cmake_minimum_required):
  Compatibility with CMake < 3.10 will be removed from a future version of
  CMake.

  Update the VERSION argument <min> value.  Or, use the <min>...<max> syntax
  to tell CMake that the project requires at least <min> but has been updated
  to work with policies introduced by <max> or earlier.


-- Found EGL: /usr/lib/x86_64-linux-gnu/libEGL.so
-- Found Corrade: /home/sancharyamg/ActiveSplat/submodules/habitat/habitat-sim/src/deps/corrade/src  found components: Containers rc Utility Main TestSuite
-- Found Corrade: /home/sancharyamg/ActiveSplat/submodules/habitat/habitat-sim/src/deps/corrade/src  found components: Containers rc Utility PluginManager
CMake Deprecation Warning at deps/magnum-plugins/CMakeLists.txt:26 (cmake_minimum_required):
  Compatibility with CMake < 3.10 will be removed from a future version of
  CMake.

  Update the VERSION argument <min> value.  Or, use the <min>...<max> syntax
  to tell CMake that the project requires at least <min> but has been updated
  to work with policies introduced by <max> or earlier.


-- Found Corrade: /home/sancharyamg/ActiveSplat/submodules/habitat/habitat-sim/src/deps/corrade/src  found components: Containers rc Utility
-- Found Magnum: /home/sancharyamg/ActiveSplat/submodules/habitat/habitat-sim/src/deps/magnum/src
-- Found Corrade: /home/sancharyamg/ActiveSplat/submodules/habitat/habitat-sim/src/deps/corrade/src  found components: Containers rc Utility PluginManager
-- Found Magnum: /home/sancharyamg/ActiveSplat/submodules/habitat/habitat-sim/src/deps/magnum/src  found components: Trade AnyImageImporter
-- Found Magnum: /home/sancharyamg/ActiveSplat/submodules/habitat/habitat-sim/src/deps/magnum/src  found components: Trade
-- Found BasisUniversal: /home/sancharyamg/ActiveSplat/submodules/habitat/habitat-sim/src/deps/basis-universal/transcoder  found components: Transcoder
-- Found Magnum: /home/sancharyamg/ActiveSplat/submodules/habitat/habitat-sim/src/deps/magnum/src  found components: Trade AnyImageImporter
-- Found Magnum: /home/sancharyamg/ActiveSplat/submodules/habitat/habitat-sim/src/deps/magnum/src  found components: Trade
-- Found OpenEXR: /home/sancharyamg/ActiveSplat/submodules/habitat/habitat-sim/src/deps/openexr
-- Found Magnum: /home/sancharyamg/ActiveSplat/submodules/habitat/habitat-sim/src/deps/magnum/src  found components: MeshTools Trade GL Primitives
-- Found Magnum: /home/sancharyamg/ActiveSplat/submodules/habitat/habitat-sim/src/deps/magnum/src  found components: Trade GL MeshTools
-- Found Magnum: /home/sancharyamg/ActiveSplat/submodules/habitat/habitat-sim/src/deps/magnum/src  found components: Trade
CMake Deprecation Warning at deps/magnum-integration/CMakeLists.txt:29 (cmake_minimum_required):
  Compatibility with CMake < 3.10 will be removed from a future version of
  CMake.

  Update the VERSION argument <min> value.  Or, use the <min>...<max> syntax
  to tell CMake that the project requires at least <min> but has been updated
  to work with policies introduced by <max> or earlier.


-- Found Corrade: /home/sancharyamg/ActiveSplat/submodules/habitat/habitat-sim/src/deps/corrade/src  found components: Containers rc Utility
-- Found Magnum: /home/sancharyamg/ActiveSplat/submodules/habitat/habitat-sim/src/deps/magnum/src
-- Found Magnum: /home/sancharyamg/ActiveSplat/submodules/habitat/habitat-sim/src/deps/magnum/src  found components: GL SceneGraph Shaders
-- Found Bullet: /home/sancharyamg/ActiveSplat/submodules/habitat/habitat-sim/src/deps/bullet3/src
CMake Deprecation Warning at deps/magnum-bindings/CMakeLists.txt:26 (cmake_minimum_required):
  Compatibility with CMake < 3.10 will be removed from a future version of
  CMake.

  Update the VERSION argument <min> value.  Or, use the <min>...<max> syntax
  to tell CMake that the project requires at least <min> but has been updated
  to work with policies introduced by <max> or earlier.


-- Found Magnum: /home/sancharyamg/ActiveSplat/submodules/habitat/habitat-sim/src/deps/magnum/src
-- Found Magnum: /home/sancharyamg/ActiveSplat/submodules/habitat/habitat-sim/src/deps/magnum/src  found components: GL SceneGraph
-- Found Corrade: /home/sancharyamg/ActiveSplat/submodules/habitat/habitat-sim/src/deps/corrade/src  found components: Containers rc Utility PluginManager
-- Warning: this does not have an effect - use NO_SYSTEM_FROM_IMPORTED if using imported targets
-- Could NOT find GLFW (missing: GLFW_LIBRARY GLFW_INCLUDE_DIR) 
-- Could NOT find SDL2 (missing: SDL2_LIBRARY SDL2_INCLUDE_DIR) 
-- Could NOT find Magnum (missing: TextureTools Text GlfwApplication Sdl2Application) 
    Reason given by package: GlfwApplication is not built by default. Make sure you enabled MAGNUM_WITH_GLFWAPPLICATION when building Magnum. Sdl2Application is not built by default. Make sure you enabled MAGNUM_WITH_SDL2APPLICATION when building Magnum.

-- Found Corrade: /home/sancharyamg/ActiveSplat/submodules/habitat/habitat-sim/src/deps/corrade/src  found components: Containers rc Utility
-- Found Magnum: /home/sancharyamg/ActiveSplat/submodules/habitat/habitat-sim/src/deps/magnum/src  found components: GL WindowlessEglApplication
-- Found X11: /home/sancharyamg/miniconda3/envs/ActiveSplat/include
-- Looking for XOpenDisplay in /home/sancharyamg/miniconda3/envs/ActiveSplat/lib/libX11.so;/home/sancharyamg/miniconda3/envs/ActiveSplat/lib/libXext.so
-- Looking for XOpenDisplay in /home/sancharyamg/miniconda3/envs/ActiveSplat/lib/libX11.so;/home/sancharyamg/miniconda3/envs/ActiveSplat/lib/libXext.so - found
-- Looking for gethostbyname
-- Looking for gethostbyname - found
-- Looking for connect
-- Looking for connect - found
-- Looking for remove
-- Looking for remove - found
-- Looking for shmat
-- Looking for shmat - found
-- Looking for IceConnectionNumber in ICE
-- Looking for IceConnectionNumber in ICE - found
-- Could NOT find Magnum (missing: WindowlessGlxApplication) 
    Reason given by package: WindowlessGlxApplication is not built by default. Make sure you enabled MAGNUM_WITH_WINDOWLESSGLXAPPLICATION when building Magnum.

-- Warning: this does not have an effect - use NO_SYSTEM_FROM_IMPORTED if using imported targets
Building with ptex support
-- Found Magnum: /home/sancharyamg/ActiveSplat/submodules/habitat/habitat-sim/src/deps/magnum/src
-- Found MagnumIntegration: /home/sancharyamg/ActiveSplat/submodules/habitat/habitat-sim/src/deps/magnum-integration/src  found components: Eigen
-- Found Corrade: /home/sancharyamg/ActiveSplat/submodules/habitat/habitat-sim/src/deps/corrade/src  found components: Containers rc Utility PluginManager
-- Found Magnum: /home/sancharyamg/ActiveSplat/submodules/habitat/habitat-sim/src/deps/magnum/src  found components: Trade GL MeshTools Primitives SceneGraph Shaders AnyImageImporter AnySceneImporter DebugTools AnyImageConverter
-- Found Magnum: /home/sancharyamg/ActiveSplat/submodules/habitat/habitat-sim/src/deps/magnum/src  found components: Trade AnyImageImporter
-- Found MagnumPlugins: /home/sancharyamg/ActiveSplat/submodules/habitat/habitat-sim/src/deps/magnum-plugins/src  found components: GltfImporter StbImageImporter StbImageConverter
-- Found Corrade: /home/sancharyamg/ActiveSplat/submodules/habitat/habitat-sim/src/deps/corrade/src  found components: Containers rc Utility
-- Found Magnum: /home/sancharyamg/ActiveSplat/submodules/habitat/habitat-sim/src/deps/magnum/src
-- Found Magnum: /home/sancharyamg/ActiveSplat/submodules/habitat/habitat-sim/src/deps/magnum/src  found components: GL WindowlessEglApplication
-- Found Corrade: /home/sancharyamg/ActiveSplat/submodules/habitat/habitat-sim/src/deps/corrade/src  found components: Containers rc Utility PluginManager
-- Found Magnum: /home/sancharyamg/ActiveSplat/submodules/habitat/habitat-sim/src/deps/magnum/src  found components: Trade GL SceneTools Shaders
-- Found Corrade: /home/sancharyamg/ActiveSplat/submodules/habitat/habitat-sim/src/deps/corrade/src  found components: Containers rc Utility
-- Found Magnum: /home/sancharyamg/ActiveSplat/submodules/habitat/habitat-sim/src/deps/magnum/src  found components: GL WindowlessEglApplication
-- Found Corrade: /home/sancharyamg/ActiveSplat/submodules/habitat/habitat-sim/src/deps/corrade/src  found components: Containers rc Utility PluginManager
-- Found Magnum: /home/sancharyamg/ActiveSplat/submodules/habitat/habitat-sim/src/deps/magnum/src  found components: Trade GL MeshTools AnyImageImporter AnySceneImporter SceneGraph SceneTools Shaders Primitives
-- Found Magnum: /home/sancharyamg/ActiveSplat/submodules/habitat/habitat-sim/src/deps/magnum/src  found components: Trade MeshTools GL AnyImageImporter Primitives
-- Found MagnumPlugins: /home/sancharyamg/ActiveSplat/submodules/habitat/habitat-sim/src/deps/magnum-plugins/src  found components: BasisImporter GltfImporter PrimitiveImporter StanfordImporter StbImageImporter StbImageConverter
-- Found Magnum: /home/sancharyamg/ActiveSplat/submodules/habitat/habitat-sim/src/deps/magnum/src  found components: Trade AnyImageImporter
-- Found MagnumPlugins: /home/sancharyamg/ActiveSplat/submodules/habitat/habitat-sim/src/deps/magnum-plugins/src  found components: AssimpImporter
-- Found Magnum: /home/sancharyamg/ActiveSplat/submodules/habitat/habitat-sim/src/deps/magnum/src  found components: MeshTools Trade GL Primitives
-- Found Magnum: /home/sancharyamg/ActiveSplat/submodules/habitat/habitat-sim/src/deps/magnum/src  found components: Trade AnyImageImporter
-- Found MagnumPlugins: /home/sancharyamg/ActiveSplat/submodules/habitat/habitat-sim/src/deps/magnum-plugins/src  found components: GltfImporter StbImageImporter StbImageConverter
-- Found Corrade: /home/sancharyamg/ActiveSplat/submodules/habitat/habitat-sim/src/deps/corrade/src  found components: Containers rc Utility
-- Found Magnum: /home/sancharyamg/ActiveSplat/submodules/habitat/habitat-sim/src/deps/magnum/src  found components: GL SceneGraph Shaders
-- Found MagnumIntegration: /home/sancharyamg/ActiveSplat/submodules/habitat/habitat-sim/src/deps/magnum-integration/src  found components: Bullet
Building Python bindings
-- Found Magnum: /home/sancharyamg/ActiveSplat/submodules/habitat/habitat-sim/src/deps/magnum/src
-- Found MagnumBindings: /home/sancharyamg/ActiveSplat/submodules/habitat/habitat-sim/src/deps/magnum-bindings/src  found components: Python
-- Configuring done (17.7s)
CMake Warning (dev) in esp/sensor/CMakeLists.txt:
  Policy CMP0104 is not set: CMAKE_CUDA_ARCHITECTURES now detected for NVCC,
  empty CUDA_ARCHITECTURES not allowed.  Run "cmake --help-policy CMP0104"
  for policy details.  Use the cmake_policy command to set the policy and
  suppress this warning.

  CUDA_ARCHITECTURES is empty for target "noise_model_kernels".
This warning is for project developers.  Use -Wno-dev to suppress it.

CMake Warning (dev) in esp/sensor/CMakeLists.txt:
  Policy CMP0104 is not set: CMAKE_CUDA_ARCHITECTURES now detected for NVCC,
  empty CUDA_ARCHITECTURES not allowed.  Run "cmake --help-policy CMP0104"
  for policy details.  Use the cmake_policy command to set the policy and
  suppress this warning.

  CUDA_ARCHITECTURES is empty for target "noise_model_kernels".
This warning is for project developers.  Use -Wno-dev to suppress it.

CMake Warning at deps/pybind11/tools/pybind11Tools.cmake:177 (add_library):
  Cannot generate a safe runtime search path for target habitat_sim_bindings
  because files in some directories may conflict with libraries in implicit
  directories:

    runtime library [libz.so.1] in /home/sancharyamg/miniconda3/envs/ActiveSplat/lib may be hidden by files in:
      /usr/lib/x86_64-linux-gnu
    runtime library [librt.so.1] in /home/sancharyamg/miniconda3/envs/ActiveSplat/x86_64-conda-linux-gnu/sysroot/usr/lib may be hidden by files in:
      /usr/lib/x86_64-linux-gnu
    runtime library [libgomp.so.1] in /home/sancharyamg/miniconda3/envs/ActiveSplat/lib may be hidden by files in:
      /usr/lib/x86_64-linux-gnu
    runtime library [libpthread.so.0] in /home/sancharyamg/miniconda3/envs/ActiveSplat/x86_64-conda-linux-gnu/sysroot/usr/lib may be hidden by files in:
      /usr/lib/x86_64-linux-gnu

  Some of these libraries may not be found correctly.
Call Stack (most recent call first):
  esp/bindings/CMakeLists.txt:7 (pybind11_add_module)


-- Generating done (0.5s)
-- Build files have been written to: /home/sancharyamg/ActiveSplat/submodules/habitat/habitat-sim/build
