-- The C compiler identification is GNU 11.5.0
-- The CXX compiler identification is GNU 11.5.0
-- Detecting C compiler ABI info
-- Detecting C compiler ABI info - done
-- Check for working C compiler: /usr/bin/gcc-11 - skipped
-- Detecting C compile features
-- Detecting C compile features - done
-- Detecting CXX compiler ABI info
-- Detecting CXX compiler ABI info - done
-- Check for working CXX compiler: /usr/bin/g++-11 - skipped
-- Detecting CXX compile features
-- Detecting CXX compile features - done
-- Found ament_cmake: 2.5.6 (/opt/ros/jazzy/share/ament_cmake/cmake)
-- Found Python3: /home/sancharyamg/miniconda3/envs/ActiveSplat312/bin/python3 (found version "3.12.13") found components: Interpreter 
-- Override CMake install command with custom implementation using symlinks instead of copying resources
-- Found std_msgs: 5.3.7 (/opt/ros/jazzy/share/std_msgs/cmake)
-- Found rosidl_generator_c: 4.6.7 (/opt/ros/jazzy/share/rosidl_generator_c/cmake)
-- Found rosidl_generator_cpp: 4.6.7 (/opt/ros/jazzy/share/rosidl_generator_cpp/cmake)
-- Using all available rosidl_typesupport_c: rosidl_typesupport_fastrtps_c;rosidl_typesupport_introspection_c
-- Using all available rosidl_typesupport_cpp: rosidl_typesupport_fastrtps_cpp;rosidl_typesupport_introspection_cpp
-- Found sensor_msgs: 5.3.7 (/opt/ros/jazzy/share/sensor_msgs/cmake)
-- Found rosidl_default_generators: 1.6.0 (/opt/ros/jazzy/share/rosidl_default_generators/cmake)
-- Found rosidl_adapter: 4.6.7 (/opt/ros/jazzy/share/rosidl_adapter/cmake)
-- Found ament_cmake_ros: 0.12.0 (/opt/ros/jazzy/share/ament_cmake_ros/cmake)
-- Using all available rosidl_typesupport_c: rosidl_typesupport_fastrtps_c;rosidl_typesupport_introspection_c
-- Using all available rosidl_typesupport_cpp: rosidl_typesupport_fastrtps_cpp;rosidl_typesupport_introspection_cpp
-- Found python_cmake_module: 0.11.1 (/opt/ros/jazzy/share/python_cmake_module/cmake)
-- Found PythonExtra: /home/sancharyamg/miniconda3/envs/ActiveSplat312/bin/python3  
-- Found Python3: /home/sancharyamg/miniconda3/envs/ActiveSplat312/bin/python3 (found version "3.12.13") found components: Interpreter Development NumPy Development.Module Development.Embed 
-- Found Python3: /home/sancharyamg/miniconda3/envs/ActiveSplat312/bin/python3 (found version "3.12.13") found components: Interpreter 
-- Configuring done (3.2s)
-- Generating done (0.1s)
-- Build files have been written to: /home/sancharyamg/ActiveSplat/build/activesplat
[  0%] [34m[1mGenerating type hashes for ROS interfaces[0m
[  1%] [34m[1mGenerating Rust code for ROS interfaces[0m
[  1%] Built target ament_cmake_python_symlink_activesplat
running egg_info
creating activesplat.egg-info
writing activesplat.egg-info/PKG-INFO
writing dependency_links to activesplat.egg-info/dependency_links.txt
writing top-level names to activesplat.egg-info/top_level.txt
writing manifest file 'activesplat.egg-info/SOURCES.txt'
reading manifest file 'activesplat.egg-info/SOURCES.txt'
writing manifest file 'activesplat.egg-info/SOURCES.txt'
[  1%] Built target ament_cmake_python_build_activesplat_egg
[  1%] Built target activesplat__rosidl_generator_type_description
[  2%] [34m[1mGenerating C code for ROS interfaces[0m
[  2%] [34m[1mGenerating C++ code for ROS interfaces[0m
[  2%] Built target activesplat__rs
[  2%] Built target activesplat__cpp
[  4%] [32mBuilding C object CMakeFiles/activesplat__rosidl_generator_c.dir/rosidl_generator_c/activesplat/msg/detail/frame__description.c.o[0m
[  5%] [32mBuilding C object CMakeFiles/activesplat__rosidl_generator_c.dir/rosidl_generator_c/activesplat/msg/detail/frame__functions.c.o[0m
[  5%] [32mBuilding C object CMakeFiles/activesplat__rosidl_generator_c.dir/rosidl_generator_c/activesplat/msg/detail/frame__type_support.c.o[0m
[  6%] [32mBuilding C object CMakeFiles/activesplat__rosidl_generator_c.dir/rosidl_generator_c/activesplat/srv/detail/get_dataset_config__functions.c.o[0m
[  7%] [32mBuilding C object CMakeFiles/activesplat__rosidl_generator_c.dir/rosidl_generator_c/activesplat/srv/detail/get_dataset_config__type_support.c.o[0m
[  7%] [32mBuilding C object CMakeFiles/activesplat__rosidl_generator_c.dir/rosidl_generator_c/activesplat/srv/detail/get_dataset_config__description.c.o[0m
[  8%] [32mBuilding C object CMakeFiles/activesplat__rosidl_generator_c.dir/rosidl_generator_c/activesplat/srv/detail/get_topdown_config__description.c.o[0m
[ 10%] [32mBuilding C object CMakeFiles/activesplat__rosidl_generator_c.dir/rosidl_generator_c/activesplat/srv/detail/get_topdown_config__type_support.c.o[0m
[ 10%] [32mBuilding C object CMakeFiles/activesplat__rosidl_generator_c.dir/rosidl_generator_c/activesplat/srv/detail/get_topdown_config__functions.c.o[0m
[ 11%] [32mBuilding C object CMakeFiles/activesplat__rosidl_generator_c.dir/rosidl_generator_c/activesplat/srv/detail/reset_env__description.c.o[0m
[ 11%] [32mBuilding C object CMakeFiles/activesplat__rosidl_generator_c.dir/rosidl_generator_c/activesplat/srv/detail/reset_env__functions.c.o[0m
[ 12%] [32mBuilding C object CMakeFiles/activesplat__rosidl_generator_c.dir/rosidl_generator_c/activesplat/srv/detail/reset_env__type_support.c.o[0m
[ 14%] [32mBuilding C object CMakeFiles/activesplat__rosidl_generator_c.dir/rosidl_generator_c/activesplat/srv/detail/get_topdown__type_support.c.o[0m
[ 14%] [32mBuilding C object CMakeFiles/activesplat__rosidl_generator_c.dir/rosidl_generator_c/activesplat/srv/detail/get_topdown__functions.c.o[0m
[ 16%] [32mBuilding C object CMakeFiles/activesplat__rosidl_generator_c.dir/rosidl_generator_c/activesplat/srv/detail/get_topdown__description.c.o[0m
[ 16%] [32mBuilding C object CMakeFiles/activesplat__rosidl_generator_c.dir/rosidl_generator_c/activesplat/srv/detail/set_planner_state__functions.c.o[0m
[ 16%] [32mBuilding C object CMakeFiles/activesplat__rosidl_generator_c.dir/rosidl_generator_c/activesplat/srv/detail/set_planner_state__description.c.o[0m
[ 16%] [32mBuilding C object CMakeFiles/activesplat__rosidl_generator_c.dir/rosidl_generator_c/activesplat/srv/detail/set_planner_state__type_support.c.o[0m
[ 17%] [32mBuilding C object CMakeFiles/activesplat__rosidl_generator_c.dir/rosidl_generator_c/activesplat/srv/detail/set_mapper__description.c.o[0m
[ 18%] [32mBuilding C object CMakeFiles/activesplat__rosidl_generator_c.dir/rosidl_generator_c/activesplat/srv/detail/set_mapper__functions.c.o[0m
[ 19%] [32mBuilding C object CMakeFiles/activesplat__rosidl_generator_c.dir/rosidl_generator_c/activesplat/srv/detail/set_mapper__type_support.c.o[0m
[ 20%] [32mBuilding C object CMakeFiles/activesplat__rosidl_generator_c.dir/rosidl_generator_c/activesplat/srv/detail/get_opacity__description.c.o[0m
[ 20%] [32mBuilding C object CMakeFiles/activesplat__rosidl_generator_c.dir/rosidl_generator_c/activesplat/srv/detail/get_opacity__functions.c.o[0m
[ 21%] [32mBuilding C object CMakeFiles/activesplat__rosidl_generator_c.dir/rosidl_generator_c/activesplat/srv/detail/get_opacity__type_support.c.o[0m
[ 22%] [32mBuilding C object CMakeFiles/activesplat__rosidl_generator_c.dir/rosidl_generator_c/activesplat/srv/detail/get_voronoi_graph__description.c.o[0m
[ 23%] [32mBuilding C object CMakeFiles/activesplat__rosidl_generator_c.dir/rosidl_generator_c/activesplat/srv/detail/get_voronoi_graph__functions.c.o[0m
[ 24%] [32mBuilding C object CMakeFiles/activesplat__rosidl_generator_c.dir/rosidl_generator_c/activesplat/srv/detail/get_voronoi_graph__type_support.c.o[0m
[ 24%] [32mBuilding C object CMakeFiles/activesplat__rosidl_generator_c.dir/rosidl_generator_c/activesplat/srv/detail/get_nav_path__description.c.o[0m
[ 25%] [32mBuilding C object CMakeFiles/activesplat__rosidl_generator_c.dir/rosidl_generator_c/activesplat/srv/detail/get_nav_path__functions.c.o[0m
[ 26%] [32mBuilding C object CMakeFiles/activesplat__rosidl_generator_c.dir/rosidl_generator_c/activesplat/srv/detail/get_nav_path__type_support.c.o[0m
[ 27%] [32m[1mLinking C shared library libactivesplat__rosidl_generator_c.so[0m
[ 27%] Built target activesplat__rosidl_generator_c
[ 30%] [34m[1mGenerating C introspection for ROS interfaces[0m
[ 30%] [34m[1mGenerating C type support for eProsima Fast-RTPS[0m
[ 30%] [34m[1mGenerating C++ type support dispatch for ROS interfaces[0m
[ 30%] [34m[1mGenerating C type support dispatch for ROS interfaces[0m
[ 32%] [34m[1mGenerating C++ type support for eProsima Fast-RTPS[0m
[ 32%] [34m[1mGenerating C++ introspection for ROS interfaces[0m
[ 33%] [32mBuilding CXX object CMakeFiles/activesplat__rosidl_typesupport_c.dir/rosidl_typesupport_c/activesplat/srv/get_dataset_config__type_support.cpp.o[0m
[ 33%] [32mBuilding CXX object CMakeFiles/activesplat__rosidl_typesupport_c.dir/rosidl_typesupport_c/activesplat/srv/get_topdown_config__type_support.cpp.o[0m
[ 34%] [32mBuilding CXX object CMakeFiles/activesplat__rosidl_typesupport_c.dir/rosidl_typesupport_c/activesplat/msg/frame__type_support.cpp.o[0m
[ 35%] [32mBuilding CXX object CMakeFiles/activesplat__rosidl_typesupport_c.dir/rosidl_typesupport_c/activesplat/srv/reset_env__type_support.cpp.o[0m
[ 36%] [32mBuilding CXX object CMakeFiles/activesplat__rosidl_typesupport_c.dir/rosidl_typesupport_c/activesplat/srv/get_topdown__type_support.cpp.o[0m
[ 37%] [32mBuilding CXX object CMakeFiles/activesplat__rosidl_typesupport_c.dir/rosidl_typesupport_c/activesplat/srv/set_planner_state__type_support.cpp.o[0m
[ 38%] [32mBuilding CXX object CMakeFiles/activesplat__rosidl_typesupport_c.dir/rosidl_typesupport_c/activesplat/srv/set_mapper__type_support.cpp.o[0m
[ 39%] [32mBuilding CXX object CMakeFiles/activesplat__rosidl_typesupport_cpp.dir/rosidl_typesupport_cpp/activesplat/msg/frame__type_support.cpp.o[0m
[ 41%] [32mBuilding CXX object CMakeFiles/activesplat__rosidl_typesupport_cpp.dir/rosidl_typesupport_cpp/activesplat/srv/reset_env__type_support.cpp.o[0m
[ 41%] [32mBuilding CXX object CMakeFiles/activesplat__rosidl_typesupport_cpp.dir/rosidl_typesupport_cpp/activesplat/srv/get_topdown_config__type_support.cpp.o[0m
[ 41%] [32mBuilding CXX object CMakeFiles/activesplat__rosidl_typesupport_cpp.dir/rosidl_typesupport_cpp/activesplat/srv/get_dataset_config__type_support.cpp.o[0m
[ 42%] [32mBuilding CXX object CMakeFiles/activesplat__rosidl_typesupport_c.dir/rosidl_typesupport_c/activesplat/srv/get_opacity__type_support.cpp.o[0m
[ 43%] [32mBuilding CXX object CMakeFiles/activesplat__rosidl_typesupport_cpp.dir/rosidl_typesupport_cpp/activesplat/srv/set_planner_state__type_support.cpp.o[0m
[ 44%] [32mBuilding CXX object CMakeFiles/activesplat__rosidl_typesupport_cpp.dir/rosidl_typesupport_cpp/activesplat/srv/get_topdown__type_support.cpp.o[0m
[ 44%] [32mBuilding CXX object CMakeFiles/activesplat__rosidl_typesupport_c.dir/rosidl_typesupport_c/activesplat/srv/get_voronoi_graph__type_support.cpp.o[0m
[ 44%] [32mBuilding CXX object CMakeFiles/activesplat__rosidl_typesupport_cpp.dir/rosidl_typesupport_cpp/activesplat/srv/set_mapper__type_support.cpp.o[0m
[ 45%] [32mBuilding CXX object CMakeFiles/activesplat__rosidl_typesupport_c.dir/rosidl_typesupport_c/activesplat/srv/get_nav_path__type_support.cpp.o[0m
[ 46%] [32m[1mLinking CXX shared library libactivesplat__rosidl_typesupport_c.so[0m
[ 46%] Built target activesplat__rosidl_typesupport_c
[ 47%] [32mBuilding CXX object CMakeFiles/activesplat__rosidl_typesupport_cpp.dir/rosidl_typesupport_cpp/activesplat/srv/get_opacity__type_support.cpp.o[0m
[ 48%] [32mBuilding CXX object CMakeFiles/activesplat__rosidl_typesupport_introspection_cpp.dir/rosidl_typesupport_introspection_cpp/activesplat/msg/detail/frame__type_support.cpp.o[0m
[ 48%] [32mBuilding C object CMakeFiles/activesplat__rosidl_typesupport_introspection_c.dir/rosidl_typesupport_introspection_c/activesplat/msg/detail/frame__type_support.c.o[0m
[ 49%] [32mBuilding CXX object CMakeFiles/activesplat__rosidl_typesupport_cpp.dir/rosidl_typesupport_cpp/activesplat/srv/get_voronoi_graph__type_support.cpp.o[0m
[ 50%] [32mBuilding C object CMakeFiles/activesplat__rosidl_typesupport_introspection_c.dir/rosidl_typesupport_introspection_c/activesplat/srv/detail/get_dataset_config__type_support.c.o[0m
[ 51%] [32mBuilding C object CMakeFiles/activesplat__rosidl_typesupport_introspection_c.dir/rosidl_typesupport_introspection_c/activesplat/srv/detail/reset_env__type_support.c.o[0m
[ 52%] [32mBuilding CXX object CMakeFiles/activesplat__rosidl_typesupport_cpp.dir/rosidl_typesupport_cpp/activesplat/srv/get_nav_path__type_support.cpp.o[0m
[ 53%] [32mBuilding C object CMakeFiles/activesplat__rosidl_typesupport_introspection_c.dir/rosidl_typesupport_introspection_c/activesplat/srv/detail/get_topdown_config__type_support.c.o[0m
[ 54%] [32mBuilding CXX object CMakeFiles/activesplat__rosidl_typesupport_introspection_cpp.dir/rosidl_typesupport_introspection_cpp/activesplat/srv/detail/reset_env__type_support.cpp.o[0m
[ 54%] [32mBuilding CXX object CMakeFiles/activesplat__rosidl_typesupport_introspection_cpp.dir/rosidl_typesupport_introspection_cpp/activesplat/srv/detail/get_topdown_config__type_support.cpp.o[0m
[ 55%] [32mBuilding CXX object CMakeFiles/activesplat__rosidl_typesupport_introspection_cpp.dir/rosidl_typesupport_introspection_cpp/activesplat/srv/detail/get_dataset_config__type_support.cpp.o[0m
[ 56%] [32mBuilding CXX object CMakeFiles/activesplat__rosidl_typesupport_introspection_cpp.dir/rosidl_typesupport_introspection_cpp/activesplat/srv/detail/get_topdown__type_support.cpp.o[0m
[ 57%] [32mBuilding CXX object CMakeFiles/activesplat__rosidl_typesupport_introspection_cpp.dir/rosidl_typesupport_introspection_cpp/activesplat/srv/detail/set_planner_state__type_support.cpp.o[0m
[ 58%] [32mBuilding CXX object CMakeFiles/activesplat__rosidl_typesupport_fastrtps_cpp.dir/rosidl_typesupport_fastrtps_cpp/activesplat/msg/detail/dds_fastrtps/frame__type_support.cpp.o[0m
[ 59%] [32mBuilding C object CMakeFiles/activesplat__rosidl_typesupport_introspection_c.dir/rosidl_typesupport_introspection_c/activesplat/srv/detail/get_topdown__type_support.c.o[0m
[ 59%] [32mBuilding C object CMakeFiles/activesplat__rosidl_typesupport_introspection_c.dir/rosidl_typesupport_introspection_c/activesplat/srv/detail/set_planner_state__type_support.c.o[0m
[ 60%] [32mBuilding C object CMakeFiles/activesplat__rosidl_typesupport_introspection_c.dir/rosidl_typesupport_introspection_c/activesplat/srv/detail/set_mapper__type_support.c.o[0m
[ 61%] [32mBuilding C object CMakeFiles/activesplat__rosidl_typesupport_introspection_c.dir/rosidl_typesupport_introspection_c/activesplat/srv/detail/get_opacity__type_support.c.o[0m
[ 62%] [32mBuilding CXX object CMakeFiles/activesplat__rosidl_typesupport_fastrtps_c.dir/rosidl_typesupport_fastrtps_c/activesplat/msg/detail/frame__type_support_c.cpp.o[0m
[ 63%] [32mBuilding C object CMakeFiles/activesplat__rosidl_typesupport_introspection_c.dir/rosidl_typesupport_introspection_c/activesplat/srv/detail/get_voronoi_graph__type_support.c.o[0m
[ 64%] [32mBuilding CXX object CMakeFiles/activesplat__rosidl_typesupport_fastrtps_cpp.dir/rosidl_typesupport_fastrtps_cpp/activesplat/srv/detail/dds_fastrtps/get_dataset_config__type_support.cpp.o[0m
[ 65%] [32mBuilding CXX object CMakeFiles/activesplat__rosidl_typesupport_fastrtps_c.dir/rosidl_typesupport_fastrtps_c/activesplat/srv/detail/get_dataset_config__type_support_c.cpp.o[0m
[ 66%] [32mBuilding C object CMakeFiles/activesplat__rosidl_typesupport_introspection_c.dir/rosidl_typesupport_introspection_c/activesplat/srv/detail/get_nav_path__type_support.c.o[0m
[ 67%] [32mBuilding CXX object CMakeFiles/activesplat__rosidl_typesupport_introspection_cpp.dir/rosidl_typesupport_introspection_cpp/activesplat/srv/detail/set_mapper__type_support.cpp.o[0m
[ 67%] [32m[1mLinking C shared library libactivesplat__rosidl_typesupport_introspection_c.so[0m
[ 67%] Built target activesplat__rosidl_typesupport_introspection_c
[ 68%] [32mBuilding CXX object CMakeFiles/activesplat__rosidl_typesupport_fastrtps_c.dir/rosidl_typesupport_fastrtps_c/activesplat/srv/detail/reset_env__type_support_c.cpp.o[0m
[ 69%] [32mBuilding CXX object CMakeFiles/activesplat__rosidl_typesupport_introspection_cpp.dir/rosidl_typesupport_introspection_cpp/activesplat/srv/detail/get_opacity__type_support.cpp.o[0m
[ 70%] [32m[1mLinking CXX shared library libactivesplat__rosidl_typesupport_cpp.so[0m
[ 71%] [32mBuilding CXX object CMakeFiles/activesplat__rosidl_typesupport_introspection_cpp.dir/rosidl_typesupport_introspection_cpp/activesplat/srv/detail/get_nav_path__type_support.cpp.o[0m
[ 71%] [32mBuilding CXX object CMakeFiles/activesplat__rosidl_typesupport_introspection_cpp.dir/rosidl_typesupport_introspection_cpp/activesplat/srv/detail/get_voronoi_graph__type_support.cpp.o[0m
[ 71%] [32mBuilding CXX object CMakeFiles/activesplat__rosidl_typesupport_fastrtps_cpp.dir/rosidl_typesupport_fastrtps_cpp/activesplat/srv/detail/dds_fastrtps/reset_env__type_support.cpp.o[0m
[ 72%] [32mBuilding CXX object CMakeFiles/activesplat__rosidl_typesupport_fastrtps_c.dir/rosidl_typesupport_fastrtps_c/activesplat/srv/detail/get_topdown_config__type_support_c.cpp.o[0m
[ 73%] [32mBuilding CXX object CMakeFiles/activesplat__rosidl_typesupport_fastrtps_cpp.dir/rosidl_typesupport_fastrtps_cpp/activesplat/srv/detail/dds_fastrtps/get_topdown_config__type_support.cpp.o[0m
[ 74%] [32mBuilding CXX object CMakeFiles/activesplat__rosidl_typesupport_fastrtps_cpp.dir/rosidl_typesupport_fastrtps_cpp/activesplat/srv/detail/dds_fastrtps/get_topdown__type_support.cpp.o[0m
[ 74%] Built target activesplat__rosidl_typesupport_cpp
[ 75%] [32mBuilding CXX object CMakeFiles/activesplat__rosidl_typesupport_fastrtps_cpp.dir/rosidl_typesupport_fastrtps_cpp/activesplat/srv/detail/dds_fastrtps/set_planner_state__type_support.cpp.o[0m
[ 76%] [32mBuilding CXX object CMakeFiles/activesplat__rosidl_typesupport_fastrtps_cpp.dir/rosidl_typesupport_fastrtps_cpp/activesplat/srv/detail/dds_fastrtps/set_mapper__type_support.cpp.o[0m
[ 76%] [32mBuilding CXX object CMakeFiles/activesplat__rosidl_typesupport_fastrtps_c.dir/rosidl_typesupport_fastrtps_c/activesplat/srv/detail/get_topdown__type_support_c.cpp.o[0m
[ 77%] [32mBuilding CXX object CMakeFiles/activesplat__rosidl_typesupport_fastrtps_c.dir/rosidl_typesupport_fastrtps_c/activesplat/srv/detail/set_planner_state__type_support_c.cpp.o[0m
[ 77%] [32mBuilding CXX object CMakeFiles/activesplat__rosidl_typesupport_fastrtps_cpp.dir/rosidl_typesupport_fastrtps_cpp/activesplat/srv/detail/dds_fastrtps/get_opacity__type_support.cpp.o[0m
[ 78%] [32mBuilding CXX object CMakeFiles/activesplat__rosidl_typesupport_fastrtps_cpp.dir/rosidl_typesupport_fastrtps_cpp/activesplat/srv/detail/dds_fastrtps/get_voronoi_graph__type_support.cpp.o[0m
[ 79%] [32mBuilding CXX object CMakeFiles/activesplat__rosidl_typesupport_fastrtps_cpp.dir/rosidl_typesupport_fastrtps_cpp/activesplat/srv/detail/dds_fastrtps/get_nav_path__type_support.cpp.o[0m
[ 80%] [32mBuilding CXX object CMakeFiles/activesplat__rosidl_typesupport_fastrtps_c.dir/rosidl_typesupport_fastrtps_c/activesplat/srv/detail/set_mapper__type_support_c.cpp.o[0m
[ 81%] [32mBuilding CXX object CMakeFiles/activesplat__rosidl_typesupport_fastrtps_c.dir/rosidl_typesupport_fastrtps_c/activesplat/srv/detail/get_opacity__type_support_c.cpp.o[0m
[ 82%] [32mBuilding CXX object CMakeFiles/activesplat__rosidl_typesupport_fastrtps_c.dir/rosidl_typesupport_fastrtps_c/activesplat/srv/detail/get_voronoi_graph__type_support_c.cpp.o[0m
[ 83%] [32m[1mLinking CXX shared library libactivesplat__rosidl_typesupport_introspection_cpp.so[0m
[ 83%] [32mBuilding CXX object CMakeFiles/activesplat__rosidl_typesupport_fastrtps_c.dir/rosidl_typesupport_fastrtps_c/activesplat/srv/detail/get_nav_path__type_support_c.cpp.o[0m
[ 83%] Built target activesplat__rosidl_typesupport_introspection_cpp
[ 84%] [32m[1mLinking CXX shared library libactivesplat__rosidl_typesupport_fastrtps_c.so[0m
[ 85%] [32m[1mLinking CXX shared library libactivesplat__rosidl_typesupport_fastrtps_cpp.so[0m
[ 85%] Built target activesplat__rosidl_typesupport_fastrtps_c
[ 85%] Built target activesplat__rosidl_typesupport_fastrtps_cpp
[ 85%] Built target activesplat
[ 86%] [34m[1mGenerating Python code for ROS interfaces[0m
[ 86%] Built target activesplat__py
[ 86%] [32mBuilding C object CMakeFiles/activesplat__rosidl_generator_py.dir/rosidl_generator_py/activesplat/srv/_get_dataset_config_s.c.o[0m
[ 88%] [32mBuilding C object CMakeFiles/activesplat__rosidl_generator_py.dir/rosidl_generator_py/activesplat/msg/_frame_s.c.o[0m
[ 88%] [32mBuilding C object CMakeFiles/activesplat__rosidl_generator_py.dir/rosidl_generator_py/activesplat/srv/_reset_env_s.c.o[0m
[ 89%] [32mBuilding C object CMakeFiles/activesplat__rosidl_generator_py.dir/rosidl_generator_py/activesplat/srv/_set_mapper_s.c.o[0m
[ 90%] [32mBuilding C object CMakeFiles/activesplat__rosidl_generator_py.dir/rosidl_generator_py/activesplat/srv/_set_planner_state_s.c.o[0m
[ 91%] [32mBuilding C object CMakeFiles/activesplat__rosidl_generator_py.dir/rosidl_generator_py/activesplat/srv/_get_topdown_s.c.o[0m
[ 92%] [32mBuilding C object CMakeFiles/activesplat__rosidl_generator_py.dir/rosidl_generator_py/activesplat/srv/_get_opacity_s.c.o[0m
[ 92%] [32mBuilding C object CMakeFiles/activesplat__rosidl_generator_py.dir/rosidl_generator_py/activesplat/srv/_get_topdown_config_s.c.o[0m
[ 94%] [32mBuilding C object CMakeFiles/activesplat__rosidl_generator_py.dir/rosidl_generator_py/activesplat/srv/_get_nav_path_s.c.o[0m
[ 94%] [32mBuilding C object CMakeFiles/activesplat__rosidl_generator_py.dir/rosidl_generator_py/activesplat/srv/_get_voronoi_graph_s.c.o[0m
[ 95%] [32m[1mLinking C shared library libactivesplat__rosidl_generator_py.so[0m
[ 95%] Built target activesplat__rosidl_generator_py
[ 98%] [32mBuilding C object CMakeFiles/activesplat_s__rosidl_typesupport_introspection_c.dir/rosidl_generator_py/activesplat/_activesplat_s.ep.rosidl_typesupport_introspection_c.c.o[0m
[ 98%] [32mBuilding C object CMakeFiles/activesplat_s__rosidl_typesupport_fastrtps_c.dir/rosidl_generator_py/activesplat/_activesplat_s.ep.rosidl_typesupport_fastrtps_c.c.o[0m
[ 98%] [32mBuilding C object CMakeFiles/activesplat_s__rosidl_typesupport_c.dir/rosidl_generator_py/activesplat/_activesplat_s.ep.rosidl_typesupport_c.c.o[0m
[ 98%] [32m[1mLinking C shared module rosidl_generator_py/activesplat/activesplat_s__rosidl_typesupport_c.so[0m
[ 99%] [32m[1mLinking C shared module rosidl_generator_py/activesplat/activesplat_s__rosidl_typesupport_introspection_c.so[0m
[100%] [32m[1mLinking C shared module rosidl_generator_py/activesplat/activesplat_s__rosidl_typesupport_fastrtps_c.so[0m
[100%] Built target activesplat_s__rosidl_typesupport_c
[100%] Built target activesplat_s__rosidl_typesupport_introspection_c
[100%] Built target activesplat_s__rosidl_typesupport_fastrtps_c
-- Install configuration: ""
-- Execute custom install script
-- Symlinking: /home/sancharyamg/ActiveSplat/install/activesplat/share/ament_index/resource_index/rosidl_interfaces/activesplat
-- Symlinking: /home/sancharyamg/ActiveSplat/install/activesplat/share/activesplat/msg/Frame.json
-- Symlinking: /home/sancharyamg/ActiveSplat/install/activesplat/share/activesplat/srv/GetDatasetConfig.json
-- Symlinking: /home/sancharyamg/ActiveSplat/install/activesplat/share/activesplat/srv/ResetEnv.json
-- Symlinking: /home/sancharyamg/ActiveSplat/install/activesplat/share/activesplat/srv/GetTopdownConfig.json
-- Symlinking: /home/sancharyamg/ActiveSplat/install/activesplat/share/activesplat/srv/GetTopdown.json
-- Symlinking: /home/sancharyamg/ActiveSplat/install/activesplat/share/activesplat/srv/SetPlannerState.json
-- Symlinking: /home/sancharyamg/ActiveSplat/install/activesplat/share/activesplat/srv/SetMapper.json
-- Symlinking: /home/sancharyamg/ActiveSplat/install/activesplat/share/activesplat/srv/GetOpacity.json
-- Symlinking: /home/sancharyamg/ActiveSplat/install/activesplat/share/activesplat/srv/GetVoronoiGraph.json
-- Symlinking: /home/sancharyamg/ActiveSplat/install/activesplat/share/activesplat/srv/GetNavPath.json
-- Symlinking: /home/sancharyamg/ActiveSplat/install/activesplat/include/activesplat/activesplat/msg/detail/frame__functions.h
-- Symlinking: /home/sancharyamg/ActiveSplat/install/activesplat/include/activesplat/activesplat/msg/detail/frame__struct.h
-- Symlinking: /home/sancharyamg/ActiveSplat/install/activesplat/include/activesplat/activesplat/msg/detail/frame__type_support.h
-- Symlinking: /home/sancharyamg/ActiveSplat/install/activesplat/include/activesplat/activesplat/msg/frame.h
-- Symlinking: /home/sancharyamg/ActiveSplat/install/activesplat/include/activesplat/activesplat/msg/rosidl_generator_c__visibility_control.h
-- Symlinking: /home/sancharyamg/ActiveSplat/install/activesplat/include/activesplat/activesplat/srv/detail/get_dataset_config__functions.h
-- Symlinking: /home/sancharyamg/ActiveSplat/install/activesplat/include/activesplat/activesplat/srv/detail/get_dataset_config__struct.h
-- Symlinking: /home/sancharyamg/ActiveSplat/install/activesplat/include/activesplat/activesplat/srv/detail/get_dataset_config__type_support.h
-- Symlinking: /home/sancharyamg/ActiveSplat/install/activesplat/include/activesplat/activesplat/srv/detail/get_nav_path__functions.h
-- Symlinking: /home/sancharyamg/ActiveSplat/install/activesplat/include/activesplat/activesplat/srv/detail/get_nav_path__struct.h
-- Symlinking: /home/sancharyamg/ActiveSplat/install/activesplat/include/activesplat/activesplat/srv/detail/get_nav_path__type_support.h
-- Symlinking: /home/sancharyamg/ActiveSplat/install/activesplat/include/activesplat/activesplat/srv/detail/get_opacity__functions.h
-- Symlinking: /home/sancharyamg/ActiveSplat/install/activesplat/include/activesplat/activesplat/srv/detail/get_opacity__struct.h
-- Symlinking: /home/sancharyamg/ActiveSplat/install/activesplat/include/activesplat/activesplat/srv/detail/get_opacity__type_support.h
-- Symlinking: /home/sancharyamg/ActiveSplat/install/activesplat/include/activesplat/activesplat/srv/detail/get_topdown__functions.h
-- Symlinking: /home/sancharyamg/ActiveSplat/install/activesplat/include/activesplat/activesplat/srv/detail/get_topdown__struct.h
-- Symlinking: /home/sancharyamg/ActiveSplat/install/activesplat/include/activesplat/activesplat/srv/detail/get_topdown__type_support.h
-- Symlinking: /home/sancharyamg/ActiveSplat/install/activesplat/include/activesplat/activesplat/srv/detail/get_topdown_config__functions.h
-- Symlinking: /home/sancharyamg/ActiveSplat/install/activesplat/include/activesplat/activesplat/srv/detail/get_topdown_config__struct.h
-- Symlinking: /home/sancharyamg/ActiveSplat/install/activesplat/include/activesplat/activesplat/srv/detail/get_topdown_config__type_support.h
-- Symlinking: /home/sancharyamg/ActiveSplat/install/activesplat/include/activesplat/activesplat/srv/detail/get_voronoi_graph__functions.h
-- Symlinking: /home/sancharyamg/ActiveSplat/install/activesplat/include/activesplat/activesplat/srv/detail/get_voronoi_graph__struct.h
-- Symlinking: /home/sancharyamg/ActiveSplat/install/activesplat/include/activesplat/activesplat/srv/detail/get_voronoi_graph__type_support.h
-- Symlinking: /home/sancharyamg/ActiveSplat/install/activesplat/include/activesplat/activesplat/srv/detail/reset_env__functions.h
-- Symlinking: /home/sancharyamg/ActiveSplat/install/activesplat/include/activesplat/activesplat/srv/detail/reset_env__struct.h
-- Symlinking: /home/sancharyamg/ActiveSplat/install/activesplat/include/activesplat/activesplat/srv/detail/reset_env__type_support.h
-- Symlinking: /home/sancharyamg/ActiveSplat/install/activesplat/include/activesplat/activesplat/srv/detail/set_mapper__functions.h
-- Symlinking: /home/sancharyamg/ActiveSplat/install/activesplat/include/activesplat/activesplat/srv/detail/set_mapper__struct.h
-- Symlinking: /home/sancharyamg/ActiveSplat/install/activesplat/include/activesplat/activesplat/srv/detail/set_mapper__type_support.h
-- Symlinking: /home/sancharyamg/ActiveSplat/install/activesplat/include/activesplat/activesplat/srv/detail/set_planner_state__functions.h
-- Symlinking: /home/sancharyamg/ActiveSplat/install/activesplat/include/activesplat/activesplat/srv/detail/set_planner_state__struct.h
-- Symlinking: /home/sancharyamg/ActiveSplat/install/activesplat/include/activesplat/activesplat/srv/detail/set_planner_state__type_support.h
-- Symlinking: /home/sancharyamg/ActiveSplat/install/activesplat/include/activesplat/activesplat/srv/get_dataset_config.h
-- Symlinking: /home/sancharyamg/ActiveSplat/install/activesplat/include/activesplat/activesplat/srv/get_nav_path.h
-- Symlinking: /home/sancharyamg/ActiveSplat/install/activesplat/include/activesplat/activesplat/srv/get_opacity.h
-- Symlinking: /home/sancharyamg/ActiveSplat/install/activesplat/include/activesplat/activesplat/srv/get_topdown.h
-- Symlinking: /home/sancharyamg/ActiveSplat/install/activesplat/include/activesplat/activesplat/srv/get_topdown_config.h
-- Symlinking: /home/sancharyamg/ActiveSplat/install/activesplat/include/activesplat/activesplat/srv/get_voronoi_graph.h
-- Symlinking: /home/sancharyamg/ActiveSplat/install/activesplat/include/activesplat/activesplat/srv/reset_env.h
-- Symlinking: /home/sancharyamg/ActiveSplat/install/activesplat/include/activesplat/activesplat/srv/set_mapper.h
-- Symlinking: /home/sancharyamg/ActiveSplat/install/activesplat/include/activesplat/activesplat/srv/set_planner_state.h
-- Symlinking: /home/sancharyamg/ActiveSplat/install/activesplat/share/activesplat/environment/library_path.sh
-- Symlinking: /home/sancharyamg/ActiveSplat/install/activesplat/share/activesplat/environment/library_path.dsv
-- Symlinking: /home/sancharyamg/ActiveSplat/install/activesplat/include/activesplat/activesplat/msg/detail/frame__rosidl_typesupport_fastrtps_c.h
-- Symlinking: /home/sancharyamg/ActiveSplat/install/activesplat/include/activesplat/activesplat/msg/rosidl_typesupport_fastrtps_c__visibility_control.h
-- Symlinking: /home/sancharyamg/ActiveSplat/install/activesplat/include/activesplat/activesplat/srv/detail/get_dataset_config__rosidl_typesupport_fastrtps_c.h
-- Symlinking: /home/sancharyamg/ActiveSplat/install/activesplat/include/activesplat/activesplat/srv/detail/get_nav_path__rosidl_typesupport_fastrtps_c.h
-- Symlinking: /home/sancharyamg/ActiveSplat/install/activesplat/include/activesplat/activesplat/srv/detail/get_opacity__rosidl_typesupport_fastrtps_c.h
-- Symlinking: /home/sancharyamg/ActiveSplat/install/activesplat/include/activesplat/activesplat/srv/detail/get_topdown__rosidl_typesupport_fastrtps_c.h
-- Symlinking: /home/sancharyamg/ActiveSplat/install/activesplat/include/activesplat/activesplat/srv/detail/get_topdown_config__rosidl_typesupport_fastrtps_c.h
-- Symlinking: /home/sancharyamg/ActiveSplat/install/activesplat/include/activesplat/activesplat/srv/detail/get_voronoi_graph__rosidl_typesupport_fastrtps_c.h
-- Symlinking: /home/sancharyamg/ActiveSplat/install/activesplat/include/activesplat/activesplat/srv/detail/reset_env__rosidl_typesupport_fastrtps_c.h
-- Symlinking: /home/sancharyamg/ActiveSplat/install/activesplat/include/activesplat/activesplat/srv/detail/set_mapper__rosidl_typesupport_fastrtps_c.h
-- Symlinking: /home/sancharyamg/ActiveSplat/install/activesplat/include/activesplat/activesplat/srv/detail/set_planner_state__rosidl_typesupport_fastrtps_c.h
-- Symlinking: /home/sancharyamg/ActiveSplat/install/activesplat/include/activesplat/activesplat/msg/detail/frame__builder.hpp
-- Symlinking: /home/sancharyamg/ActiveSplat/install/activesplat/include/activesplat/activesplat/msg/detail/frame__struct.hpp
-- Symlinking: /home/sancharyamg/ActiveSplat/install/activesplat/include/activesplat/activesplat/msg/detail/frame__traits.hpp
-- Symlinking: /home/sancharyamg/ActiveSplat/install/activesplat/include/activesplat/activesplat/msg/detail/frame__type_support.hpp
-- Symlinking: /home/sancharyamg/ActiveSplat/install/activesplat/include/activesplat/activesplat/msg/frame.hpp
-- Symlinking: /home/sancharyamg/ActiveSplat/install/activesplat/include/activesplat/activesplat/msg/rosidl_generator_cpp__visibility_control.hpp
-- Symlinking: /home/sancharyamg/ActiveSplat/install/activesplat/include/activesplat/activesplat/srv/detail/get_dataset_config__builder.hpp
-- Symlinking: /home/sancharyamg/ActiveSplat/install/activesplat/include/activesplat/activesplat/srv/detail/get_dataset_config__struct.hpp
-- Symlinking: /home/sancharyamg/ActiveSplat/install/activesplat/include/activesplat/activesplat/srv/detail/get_dataset_config__traits.hpp
-- Symlinking: /home/sancharyamg/ActiveSplat/install/activesplat/include/activesplat/activesplat/srv/detail/get_dataset_config__type_support.hpp
-- Symlinking: /home/sancharyamg/ActiveSplat/install/activesplat/include/activesplat/activesplat/srv/detail/get_nav_path__builder.hpp
-- Symlinking: /home/sancharyamg/ActiveSplat/install/activesplat/include/activesplat/activesplat/srv/detail/get_nav_path__struct.hpp
-- Symlinking: /home/sancharyamg/ActiveSplat/install/activesplat/include/activesplat/activesplat/srv/detail/get_nav_path__traits.hpp
-- Symlinking: /home/sancharyamg/ActiveSplat/install/activesplat/include/activesplat/activesplat/srv/detail/get_nav_path__type_support.hpp
-- Symlinking: /home/sancharyamg/ActiveSplat/install/activesplat/include/activesplat/activesplat/srv/detail/get_opacity__builder.hpp
-- Symlinking: /home/sancharyamg/ActiveSplat/install/activesplat/include/activesplat/activesplat/srv/detail/get_opacity__struct.hpp
-- Symlinking: /home/sancharyamg/ActiveSplat/install/activesplat/include/activesplat/activesplat/srv/detail/get_opacity__traits.hpp
-- Symlinking: /home/sancharyamg/ActiveSplat/install/activesplat/include/activesplat/activesplat/srv/detail/get_opacity__type_support.hpp
-- Symlinking: /home/sancharyamg/ActiveSplat/install/activesplat/include/activesplat/activesplat/srv/detail/get_topdown__builder.hpp
-- Symlinking: /home/sancharyamg/ActiveSplat/install/activesplat/include/activesplat/activesplat/srv/detail/get_topdown__struct.hpp
-- Symlinking: /home/sancharyamg/ActiveSplat/install/activesplat/include/activesplat/activesplat/srv/detail/get_topdown__traits.hpp
-- Symlinking: /home/sancharyamg/ActiveSplat/install/activesplat/include/activesplat/activesplat/srv/detail/get_topdown__type_support.hpp
-- Symlinking: /home/sancharyamg/ActiveSplat/install/activesplat/include/activesplat/activesplat/srv/detail/get_topdown_config__builder.hpp
-- Symlinking: /home/sancharyamg/ActiveSplat/install/activesplat/include/activesplat/activesplat/srv/detail/get_topdown_config__struct.hpp
-- Symlinking: /home/sancharyamg/ActiveSplat/install/activesplat/include/activesplat/activesplat/srv/detail/get_topdown_config__traits.hpp
-- Symlinking: /home/sancharyamg/ActiveSplat/install/activesplat/include/activesplat/activesplat/srv/detail/get_topdown_config__type_support.hpp
-- Symlinking: /home/sancharyamg/ActiveSplat/install/activesplat/include/activesplat/activesplat/srv/detail/get_voronoi_graph__builder.hpp
-- Symlinking: /home/sancharyamg/ActiveSplat/install/activesplat/include/activesplat/activesplat/srv/detail/get_voronoi_graph__struct.hpp
-- Symlinking: /home/sancharyamg/ActiveSplat/install/activesplat/include/activesplat/activesplat/srv/detail/get_voronoi_graph__traits.hpp
-- Symlinking: /home/sancharyamg/ActiveSplat/install/activesplat/include/activesplat/activesplat/srv/detail/get_voronoi_graph__type_support.hpp
-- Symlinking: /home/sancharyamg/ActiveSplat/install/activesplat/include/activesplat/activesplat/srv/detail/reset_env__builder.hpp
-- Symlinking: /home/sancharyamg/ActiveSplat/install/activesplat/include/activesplat/activesplat/srv/detail/reset_env__struct.hpp
-- Symlinking: /home/sancharyamg/ActiveSplat/install/activesplat/include/activesplat/activesplat/srv/detail/reset_env__traits.hpp
-- Symlinking: /home/sancharyamg/ActiveSplat/install/activesplat/include/activesplat/activesplat/srv/detail/reset_env__type_support.hpp
-- Symlinking: /home/sancharyamg/ActiveSplat/install/activesplat/include/activesplat/activesplat/srv/detail/set_mapper__builder.hpp
-- Symlinking: /home/sancharyamg/ActiveSplat/install/activesplat/include/activesplat/activesplat/srv/detail/set_mapper__struct.hpp
-- Symlinking: /home/sancharyamg/ActiveSplat/install/activesplat/include/activesplat/activesplat/srv/detail/set_mapper__traits.hpp
-- Symlinking: /home/sancharyamg/ActiveSplat/install/activesplat/include/activesplat/activesplat/srv/detail/set_mapper__type_support.hpp
-- Symlinking: /home/sancharyamg/ActiveSplat/install/activesplat/include/activesplat/activesplat/srv/detail/set_planner_state__builder.hpp
-- Symlinking: /home/sancharyamg/ActiveSplat/install/activesplat/include/activesplat/activesplat/srv/detail/set_planner_state__struct.hpp
-- Symlinking: /home/sancharyamg/ActiveSplat/install/activesplat/include/activesplat/activesplat/srv/detail/set_planner_state__traits.hpp
-- Symlinking: /home/sancharyamg/ActiveSplat/install/activesplat/include/activesplat/activesplat/srv/detail/set_planner_state__type_support.hpp
-- Symlinking: /home/sancharyamg/ActiveSplat/install/activesplat/include/activesplat/activesplat/srv/get_dataset_config.hpp
-- Symlinking: /home/sancharyamg/ActiveSplat/install/activesplat/include/activesplat/activesplat/srv/get_nav_path.hpp
-- Symlinking: /home/sancharyamg/ActiveSplat/install/activesplat/include/activesplat/activesplat/srv/get_opacity.hpp
-- Symlinking: /home/sancharyamg/ActiveSplat/install/activesplat/include/activesplat/activesplat/srv/get_topdown.hpp
-- Symlinking: /home/sancharyamg/ActiveSplat/install/activesplat/include/activesplat/activesplat/srv/get_topdown_config.hpp
-- Symlinking: /home/sancharyamg/ActiveSplat/install/activesplat/include/activesplat/activesplat/srv/get_voronoi_graph.hpp
-- Symlinking: /home/sancharyamg/ActiveSplat/install/activesplat/include/activesplat/activesplat/srv/reset_env.hpp
-- Symlinking: /home/sancharyamg/ActiveSplat/install/activesplat/include/activesplat/activesplat/srv/set_mapper.hpp
-- Symlinking: /home/sancharyamg/ActiveSplat/install/activesplat/include/activesplat/activesplat/srv/set_planner_state.hpp
-- Symlinking: /home/sancharyamg/ActiveSplat/install/activesplat/include/activesplat/activesplat/msg/detail/frame__rosidl_typesupport_fastrtps_cpp.hpp
-- Symlinking: /home/sancharyamg/ActiveSplat/install/activesplat/include/activesplat/activesplat/msg/rosidl_typesupport_fastrtps_cpp__visibility_control.h
-- Symlinking: /home/sancharyamg/ActiveSplat/install/activesplat/include/activesplat/activesplat/srv/detail/get_dataset_config__rosidl_typesupport_fastrtps_cpp.hpp
-- Symlinking: /home/sancharyamg/ActiveSplat/install/activesplat/include/activesplat/activesplat/srv/detail/get_nav_path__rosidl_typesupport_fastrtps_cpp.hpp
-- Symlinking: /home/sancharyamg/ActiveSplat/install/activesplat/include/activesplat/activesplat/srv/detail/get_opacity__rosidl_typesupport_fastrtps_cpp.hpp
-- Symlinking: /home/sancharyamg/ActiveSplat/install/activesplat/include/activesplat/activesplat/srv/detail/get_topdown__rosidl_typesupport_fastrtps_cpp.hpp
-- Symlinking: /home/sancharyamg/ActiveSplat/install/activesplat/include/activesplat/activesplat/srv/detail/get_topdown_config__rosidl_typesupport_fastrtps_cpp.hpp
-- Symlinking: /home/sancharyamg/ActiveSplat/install/activesplat/include/activesplat/activesplat/srv/detail/get_voronoi_graph__rosidl_typesupport_fastrtps_cpp.hpp
-- Symlinking: /home/sancharyamg/ActiveSplat/install/activesplat/include/activesplat/activesplat/srv/detail/reset_env__rosidl_typesupport_fastrtps_cpp.hpp
-- Symlinking: /home/sancharyamg/ActiveSplat/install/activesplat/include/activesplat/activesplat/srv/detail/set_mapper__rosidl_typesupport_fastrtps_cpp.hpp
-- Symlinking: /home/sancharyamg/ActiveSplat/install/activesplat/include/activesplat/activesplat/srv/detail/set_planner_state__rosidl_typesupport_fastrtps_cpp.hpp
-- Symlinking: /home/sancharyamg/ActiveSplat/install/activesplat/include/activesplat/activesplat/msg/detail/frame__rosidl_typesupport_introspection_c.h
-- Symlinking: /home/sancharyamg/ActiveSplat/install/activesplat/include/activesplat/activesplat/msg/rosidl_typesupport_introspection_c__visibility_control.h
-- Symlinking: /home/sancharyamg/ActiveSplat/install/activesplat/include/activesplat/activesplat/srv/detail/get_dataset_config__rosidl_typesupport_introspection_c.h
-- Symlinking: /home/sancharyamg/ActiveSplat/install/activesplat/include/activesplat/activesplat/srv/detail/get_nav_path__rosidl_typesupport_introspection_c.h
-- Symlinking: /home/sancharyamg/ActiveSplat/install/activesplat/include/activesplat/activesplat/srv/detail/get_opacity__rosidl_typesupport_introspection_c.h
-- Symlinking: /home/sancharyamg/ActiveSplat/install/activesplat/include/activesplat/activesplat/srv/detail/get_topdown__rosidl_typesupport_introspection_c.h
-- Symlinking: /home/sancharyamg/ActiveSplat/install/activesplat/include/activesplat/activesplat/srv/detail/get_topdown_config__rosidl_typesupport_introspection_c.h
-- Symlinking: /home/sancharyamg/ActiveSplat/install/activesplat/include/activesplat/activesplat/srv/detail/get_voronoi_graph__rosidl_typesupport_introspection_c.h
-- Symlinking: /home/sancharyamg/ActiveSplat/install/activesplat/include/activesplat/activesplat/srv/detail/reset_env__rosidl_typesupport_introspection_c.h
-- Symlinking: /home/sancharyamg/ActiveSplat/install/activesplat/include/activesplat/activesplat/srv/detail/set_mapper__rosidl_typesupport_introspection_c.h
-- Symlinking: /home/sancharyamg/ActiveSplat/install/activesplat/include/activesplat/activesplat/srv/detail/set_planner_state__rosidl_typesupport_introspection_c.h
-- Symlinking: /home/sancharyamg/ActiveSplat/install/activesplat/include/activesplat/activesplat/msg/detail/frame__rosidl_typesupport_introspection_cpp.hpp
-- Symlinking: /home/sancharyamg/ActiveSplat/install/activesplat/include/activesplat/activesplat/srv/detail/get_dataset_config__rosidl_typesupport_introspection_cpp.hpp
-- Symlinking: /home/sancharyamg/ActiveSplat/install/activesplat/include/activesplat/activesplat/srv/detail/get_nav_path__rosidl_typesupport_introspection_cpp.hpp
-- Symlinking: /home/sancharyamg/ActiveSplat/install/activesplat/include/activesplat/activesplat/srv/detail/get_opacity__rosidl_typesupport_introspection_cpp.hpp
-- Symlinking: /home/sancharyamg/ActiveSplat/install/activesplat/include/activesplat/activesplat/srv/detail/get_topdown__rosidl_typesupport_introspection_cpp.hpp
-- Symlinking: /home/sancharyamg/ActiveSplat/install/activesplat/include/activesplat/activesplat/srv/detail/get_topdown_config__rosidl_typesupport_introspection_cpp.hpp
-- Symlinking: /home/sancharyamg/ActiveSplat/install/activesplat/include/activesplat/activesplat/srv/detail/get_voronoi_graph__rosidl_typesupport_introspection_cpp.hpp
-- Symlinking: /home/sancharyamg/ActiveSplat/install/activesplat/include/activesplat/activesplat/srv/detail/reset_env__rosidl_typesupport_introspection_cpp.hpp
-- Symlinking: /home/sancharyamg/ActiveSplat/install/activesplat/include/activesplat/activesplat/srv/detail/set_mapper__rosidl_typesupport_introspection_cpp.hpp
-- Symlinking: /home/sancharyamg/ActiveSplat/install/activesplat/include/activesplat/activesplat/srv/detail/set_planner_state__rosidl_typesupport_introspection_cpp.hpp
-- Symlinking: /home/sancharyamg/ActiveSplat/install/activesplat/share/activesplat/environment/pythonpath.sh
-- Symlinking: /home/sancharyamg/ActiveSplat/install/activesplat/share/activesplat/environment/pythonpath.dsv
-- Symlinking: /home/sancharyamg/ActiveSplat/install/activesplat/lib/python3.12/site-packages/activesplat-0.1.0-py3.12.egg-info/PKG-INFO
-- Symlinking: /home/sancharyamg/ActiveSplat/install/activesplat/lib/python3.12/site-packages/activesplat-0.1.0-py3.12.egg-info/SOURCES.txt
-- Symlinking: /home/sancharyamg/ActiveSplat/install/activesplat/lib/python3.12/site-packages/activesplat-0.1.0-py3.12.egg-info/dependency_links.txt
-- Symlinking: /home/sancharyamg/ActiveSplat/install/activesplat/lib/python3.12/site-packages/activesplat-0.1.0-py3.12.egg-info/top_level.txt
-- Symlinking: /home/sancharyamg/ActiveSplat/install/activesplat/lib/python3.12/site-packages/activesplat/__init__.py
-- Symlinking: /home/sancharyamg/ActiveSplat/install/activesplat/lib/python3.12/site-packages/activesplat/_activesplat_s.ep.rosidl_typesupport_c.c
-- Symlinking: /home/sancharyamg/ActiveSplat/install/activesplat/lib/python3.12/site-packages/activesplat/_activesplat_s.ep.rosidl_typesupport_fastrtps_c.c
-- Symlinking: /home/sancharyamg/ActiveSplat/install/activesplat/lib/python3.12/site-packages/activesplat/_activesplat_s.ep.rosidl_typesupport_introspection_c.c
-- Symlinking: /home/sancharyamg/ActiveSplat/install/activesplat/lib/python3.12/site-packages/activesplat/activesplat_s__rosidl_typesupport_c.so
-- Symlinking: /home/sancharyamg/ActiveSplat/install/activesplat/lib/python3.12/site-packages/activesplat/activesplat_s__rosidl_typesupport_fastrtps_c.so
-- Symlinking: /home/sancharyamg/ActiveSplat/install/activesplat/lib/python3.12/site-packages/activesplat/activesplat_s__rosidl_typesupport_introspection_c.so
-- Symlinking: /home/sancharyamg/ActiveSplat/install/activesplat/lib/python3.12/site-packages/activesplat/msg/__init__.py
-- Symlinking: /home/sancharyamg/ActiveSplat/install/activesplat/lib/python3.12/site-packages/activesplat/msg/_frame.py
-- Symlinking: /home/sancharyamg/ActiveSplat/install/activesplat/lib/python3.12/site-packages/activesplat/msg/_frame_s.c
-- Symlinking: /home/sancharyamg/ActiveSplat/install/activesplat/lib/python3.12/site-packages/activesplat/srv/__init__.py
-- Symlinking: /home/sancharyamg/ActiveSplat/install/activesplat/lib/python3.12/site-packages/activesplat/srv/_get_dataset_config.py
-- Symlinking: /home/sancharyamg/ActiveSplat/install/activesplat/lib/python3.12/site-packages/activesplat/srv/_get_dataset_config_s.c
-- Symlinking: /home/sancharyamg/ActiveSplat/install/activesplat/lib/python3.12/site-packages/activesplat/srv/_get_nav_path.py
-- Symlinking: /home/sancharyamg/ActiveSplat/install/activesplat/lib/python3.12/site-packages/activesplat/srv/_get_nav_path_s.c
-- Symlinking: /home/sancharyamg/ActiveSplat/install/activesplat/lib/python3.12/site-packages/activesplat/srv/_get_opacity.py
-- Symlinking: /home/sancharyamg/ActiveSplat/install/activesplat/lib/python3.12/site-packages/activesplat/srv/_get_opacity_s.c
-- Symlinking: /home/sancharyamg/ActiveSplat/install/activesplat/lib/python3.12/site-packages/activesplat/srv/_get_topdown.py
-- Symlinking: /home/sancharyamg/ActiveSplat/install/activesplat/lib/python3.12/site-packages/activesplat/srv/_get_topdown_config.py
-- Symlinking: /home/sancharyamg/ActiveSplat/install/activesplat/lib/python3.12/site-packages/activesplat/srv/_get_topdown_config_s.c
-- Symlinking: /home/sancharyamg/ActiveSplat/install/activesplat/lib/python3.12/site-packages/activesplat/srv/_get_topdown_s.c
-- Symlinking: /home/sancharyamg/ActiveSplat/install/activesplat/lib/python3.12/site-packages/activesplat/srv/_get_voronoi_graph.py
-- Symlinking: /home/sancharyamg/ActiveSplat/install/activesplat/lib/python3.12/site-packages/activesplat/srv/_get_voronoi_graph_s.c
-- Symlinking: /home/sancharyamg/ActiveSplat/install/activesplat/lib/python3.12/site-packages/activesplat/srv/_reset_env.py
-- Symlinking: /home/sancharyamg/ActiveSplat/install/activesplat/lib/python3.12/site-packages/activesplat/srv/_reset_env_s.c
-- Symlinking: /home/sancharyamg/ActiveSplat/install/activesplat/lib/python3.12/site-packages/activesplat/srv/_set_mapper.py
-- Symlinking: /home/sancharyamg/ActiveSplat/install/activesplat/lib/python3.12/site-packages/activesplat/srv/_set_mapper_s.c
-- Symlinking: /home/sancharyamg/ActiveSplat/install/activesplat/lib/python3.12/site-packages/activesplat/srv/_set_planner_state.py
-- Symlinking: /home/sancharyamg/ActiveSplat/install/activesplat/lib/python3.12/site-packages/activesplat/srv/_set_planner_state_s.c
-- Up-to-date symlink: /home/sancharyamg/ActiveSplat/install/activesplat/lib/python3.12/site-packages/activesplat/activesplat_s__rosidl_typesupport_fastrtps_c.so
-- Up-to-date symlink: /home/sancharyamg/ActiveSplat/install/activesplat/lib/python3.12/site-packages/activesplat/activesplat_s__rosidl_typesupport_introspection_c.so
-- Up-to-date symlink: /home/sancharyamg/ActiveSplat/install/activesplat/lib/python3.12/site-packages/activesplat/activesplat_s__rosidl_typesupport_c.so
-- Symlinking: /home/sancharyamg/ActiveSplat/install/activesplat/share/ament_index/resource_index/rust_packages/activesplat
-- Symlinking: /home/sancharyamg/ActiveSplat/install/activesplat/share/activesplat/rust/Cargo.toml
-- Symlinking: /home/sancharyamg/ActiveSplat/install/activesplat/share/activesplat/rust/build.rs
-- Symlinking: /home/sancharyamg/ActiveSplat/install/activesplat/share/activesplat/rust/src/lib.rs
-- Symlinking: /home/sancharyamg/ActiveSplat/install/activesplat/share/activesplat/rust/src/msg.rs
-- Symlinking: /home/sancharyamg/ActiveSplat/install/activesplat/share/activesplat/rust/src/msg/rmw.rs
-- Symlinking: /home/sancharyamg/ActiveSplat/install/activesplat/share/activesplat/rust/src/srv.rs
-- Symlinking: /home/sancharyamg/ActiveSplat/install/activesplat/share/activesplat/rust/src/srv/rmw.rs
-- Symlinking: /home/sancharyamg/ActiveSplat/install/activesplat/share/activesplat/msg/Frame.idl
-- Symlinking: /home/sancharyamg/ActiveSplat/install/activesplat/share/activesplat/srv/GetDatasetConfig.idl
-- Symlinking: /home/sancharyamg/ActiveSplat/install/activesplat/share/activesplat/srv/ResetEnv.idl
-- Symlinking: /home/sancharyamg/ActiveSplat/install/activesplat/share/activesplat/srv/GetTopdownConfig.idl
-- Symlinking: /home/sancharyamg/ActiveSplat/install/activesplat/share/activesplat/srv/GetTopdown.idl
-- Symlinking: /home/sancharyamg/ActiveSplat/install/activesplat/share/activesplat/srv/SetPlannerState.idl
-- Symlinking: /home/sancharyamg/ActiveSplat/install/activesplat/share/activesplat/srv/SetMapper.idl
-- Symlinking: /home/sancharyamg/ActiveSplat/install/activesplat/share/activesplat/srv/GetOpacity.idl
-- Symlinking: /home/sancharyamg/ActiveSplat/install/activesplat/share/activesplat/srv/GetVoronoiGraph.idl
-- Symlinking: /home/sancharyamg/ActiveSplat/install/activesplat/share/activesplat/srv/GetNavPath.idl
-- Symlinking: /home/sancharyamg/ActiveSplat/install/activesplat/share/activesplat/msg/Frame.msg
-- Symlinking: /home/sancharyamg/ActiveSplat/install/activesplat/share/activesplat/srv/GetDatasetConfig.srv
-- Symlinking: /home/sancharyamg/ActiveSplat/install/activesplat/share/activesplat/srv/ResetEnv.srv
-- Symlinking: /home/sancharyamg/ActiveSplat/install/activesplat/share/activesplat/srv/GetTopdownConfig.srv
-- Symlinking: /home/sancharyamg/ActiveSplat/install/activesplat/share/activesplat/srv/GetTopdown.srv
-- Symlinking: /home/sancharyamg/ActiveSplat/install/activesplat/share/activesplat/srv/SetPlannerState.srv
-- Symlinking: /home/sancharyamg/ActiveSplat/install/activesplat/share/activesplat/srv/SetMapper.srv
-- Symlinking: /home/sancharyamg/ActiveSplat/install/activesplat/share/activesplat/srv/GetOpacity.srv
-- Symlinking: /home/sancharyamg/ActiveSplat/install/activesplat/share/activesplat/srv/GetVoronoiGraph.srv
-- Symlinking: /home/sancharyamg/ActiveSplat/install/activesplat/share/activesplat/srv/GetNavPath.srv
-- Symlinking: /home/sancharyamg/ActiveSplat/install/activesplat/lib/activesplat/mapper_node.py
-- Symlinking: /home/sancharyamg/ActiveSplat/install/activesplat/lib/activesplat/planner_node.py
-- Symlinking: /home/sancharyamg/ActiveSplat/install/activesplat/share/activesplat/launch/habitat.launch
-- Symlinking: /home/sancharyamg/ActiveSplat/install/activesplat/share/activesplat/launch/habitat.launch.py
-- Symlinking: /home/sancharyamg/ActiveSplat/install/activesplat/share/activesplat/config/.templates/user_config.json
-- Symlinking: /home/sancharyamg/ActiveSplat/install/activesplat/share/activesplat/config/datasets/gibson.json
-- Symlinking: /home/sancharyamg/ActiveSplat/install/activesplat/share/activesplat/config/datasets/gibson_high_resolution.json
-- Symlinking: /home/sancharyamg/ActiveSplat/install/activesplat/share/activesplat/config/datasets/gibson_large.json
-- Symlinking: /home/sancharyamg/ActiveSplat/install/activesplat/share/activesplat/config/datasets/mp3d.json
-- Symlinking: /home/sancharyamg/ActiveSplat/install/activesplat/share/activesplat/config/datasets/mp3d_large.json
-- Symlinking: /home/sancharyamg/ActiveSplat/install/activesplat/share/activesplat/config/env/activesplat_high_resolution_pointnav.yaml
-- Symlinking: /home/sancharyamg/ActiveSplat/install/activesplat/share/activesplat/config/env/activesplat_pointnav.yaml
-- Symlinking: /home/sancharyamg/ActiveSplat/install/activesplat/share/activesplat/config/splatam/online_habitat_sim.py
-- Symlinking: /home/sancharyamg/ActiveSplat/install/activesplat/share/activesplat/config/user_config.json
-- Symlinking: /home/sancharyamg/ActiveSplat/install/activesplat/share/ament_index/resource_index/package_run_dependencies/activesplat
-- Symlinking: /home/sancharyamg/ActiveSplat/install/activesplat/share/ament_index/resource_index/parent_prefix_path/activesplat
-- Symlinking: /home/sancharyamg/ActiveSplat/install/activesplat/share/activesplat/environment/ament_prefix_path.sh
-- Symlinking: /home/sancharyamg/ActiveSplat/install/activesplat/share/activesplat/environment/ament_prefix_path.dsv
-- Symlinking: /home/sancharyamg/ActiveSplat/install/activesplat/share/activesplat/environment/path.sh
-- Symlinking: /home/sancharyamg/ActiveSplat/install/activesplat/share/activesplat/environment/path.dsv
-- Symlinking: /home/sancharyamg/ActiveSplat/install/activesplat/share/activesplat/local_setup.bash
-- Symlinking: /home/sancharyamg/ActiveSplat/install/activesplat/share/activesplat/local_setup.sh
-- Symlinking: /home/sancharyamg/ActiveSplat/install/activesplat/share/activesplat/local_setup.zsh
-- Symlinking: /home/sancharyamg/ActiveSplat/install/activesplat/share/activesplat/local_setup.dsv
-- Symlinking: /home/sancharyamg/ActiveSplat/install/activesplat/share/activesplat/package.dsv
-- Symlinking: /home/sancharyamg/ActiveSplat/install/activesplat/share/ament_index/resource_index/packages/activesplat
-- Symlinking: /home/sancharyamg/ActiveSplat/install/activesplat/share/activesplat/cmake/rosidl_cmake-extras.cmake
-- Symlinking: /home/sancharyamg/ActiveSplat/install/activesplat/share/activesplat/cmake/ament_cmake_export_dependencies-extras.cmake
-- Symlinking: /home/sancharyamg/ActiveSplat/install/activesplat/share/activesplat/cmake/ament_cmake_export_include_directories-extras.cmake
-- Symlinking: /home/sancharyamg/ActiveSplat/install/activesplat/share/activesplat/cmake/ament_cmake_export_libraries-extras.cmake
-- Symlinking: /home/sancharyamg/ActiveSplat/install/activesplat/share/activesplat/cmake/ament_cmake_export_targets-extras.cmake
-- Symlinking: /home/sancharyamg/ActiveSplat/install/activesplat/share/activesplat/cmake/rosidl_cmake_export_typesupport_targets-extras.cmake
-- Symlinking: /home/sancharyamg/ActiveSplat/install/activesplat/share/activesplat/cmake/rosidl_cmake_export_typesupport_libraries-extras.cmake
-- Symlinking: /home/sancharyamg/ActiveSplat/install/activesplat/share/activesplat/cmake/activesplatConfig.cmake
-- Symlinking: /home/sancharyamg/ActiveSplat/install/activesplat/share/activesplat/cmake/activesplatConfig-version.cmake
-- Symlinking: /home/sancharyamg/ActiveSplat/install/activesplat/share/activesplat/package.xml
-- Installing: /home/sancharyamg/ActiveSplat/install/activesplat/lib/libactivesplat__rosidl_generator_c.so
-- Set non-toolchain portion of runtime path of "/home/sancharyamg/ActiveSplat/install/activesplat/lib/libactivesplat__rosidl_generator_c.so" to ""
-- Installing: /home/sancharyamg/ActiveSplat/install/activesplat/lib/libactivesplat__rosidl_typesupport_fastrtps_c.so
-- Set non-toolchain portion of runtime path of "/home/sancharyamg/ActiveSplat/install/activesplat/lib/libactivesplat__rosidl_typesupport_fastrtps_c.so" to ""
-- Installing: /home/sancharyamg/ActiveSplat/install/activesplat/lib/libactivesplat__rosidl_typesupport_fastrtps_cpp.so
-- Set non-toolchain portion of runtime path of "/home/sancharyamg/ActiveSplat/install/activesplat/lib/libactivesplat__rosidl_typesupport_fastrtps_cpp.so" to ""
-- Installing: /home/sancharyamg/ActiveSplat/install/activesplat/lib/libactivesplat__rosidl_typesupport_introspection_c.so
-- Set non-toolchain portion of runtime path of "/home/sancharyamg/ActiveSplat/install/activesplat/lib/libactivesplat__rosidl_typesupport_introspection_c.so" to ""
-- Installing: /home/sancharyamg/ActiveSplat/install/activesplat/lib/libactivesplat__rosidl_typesupport_c.so
-- Set non-toolchain portion of runtime path of "/home/sancharyamg/ActiveSplat/install/activesplat/lib/libactivesplat__rosidl_typesupport_c.so" to ""
-- Installing: /home/sancharyamg/ActiveSplat/install/activesplat/lib/libactivesplat__rosidl_typesupport_introspection_cpp.so
-- Set non-toolchain portion of runtime path of "/home/sancharyamg/ActiveSplat/install/activesplat/lib/libactivesplat__rosidl_typesupport_introspection_cpp.so" to ""
-- Installing: /home/sancharyamg/ActiveSplat/install/activesplat/lib/libactivesplat__rosidl_typesupport_cpp.so
-- Set non-toolchain portion of runtime path of "/home/sancharyamg/ActiveSplat/install/activesplat/lib/libactivesplat__rosidl_typesupport_cpp.so" to ""
Listing '/home/sancharyamg/ActiveSplat/install/activesplat/lib/python3.12/site-packages/activesplat'...
Compiling '/home/sancharyamg/ActiveSplat/install/activesplat/lib/python3.12/site-packages/activesplat/__init__.py'...
Listing '/home/sancharyamg/ActiveSplat/install/activesplat/lib/python3.12/site-packages/activesplat/msg'...
Compiling '/home/sancharyamg/ActiveSplat/install/activesplat/lib/python3.12/site-packages/activesplat/msg/__init__.py'...
Compiling '/home/sancharyamg/ActiveSplat/install/activesplat/lib/python3.12/site-packages/activesplat/msg/_frame.py'...
Listing '/home/sancharyamg/ActiveSplat/install/activesplat/lib/python3.12/site-packages/activesplat/srv'...
Compiling '/home/sancharyamg/ActiveSplat/install/activesplat/lib/python3.12/site-packages/activesplat/srv/__init__.py'...
Compiling '/home/sancharyamg/ActiveSplat/install/activesplat/lib/python3.12/site-packages/activesplat/srv/_get_dataset_config.py'...
Compiling '/home/sancharyamg/ActiveSplat/install/activesplat/lib/python3.12/site-packages/activesplat/srv/_get_nav_path.py'...
Compiling '/home/sancharyamg/ActiveSplat/install/activesplat/lib/python3.12/site-packages/activesplat/srv/_get_opacity.py'...
Compiling '/home/sancharyamg/ActiveSplat/install/activesplat/lib/python3.12/site-packages/activesplat/srv/_get_topdown.py'...
Compiling '/home/sancharyamg/ActiveSplat/install/activesplat/lib/python3.12/site-packages/activesplat/srv/_get_topdown_config.py'...
Compiling '/home/sancharyamg/ActiveSplat/install/activesplat/lib/python3.12/site-packages/activesplat/srv/_get_voronoi_graph.py'...
Compiling '/home/sancharyamg/ActiveSplat/install/activesplat/lib/python3.12/site-packages/activesplat/srv/_reset_env.py'...
Compiling '/home/sancharyamg/ActiveSplat/install/activesplat/lib/python3.12/site-packages/activesplat/srv/_set_mapper.py'...
Compiling '/home/sancharyamg/ActiveSplat/install/activesplat/lib/python3.12/site-packages/activesplat/srv/_set_planner_state.py'...
-- Installing: /home/sancharyamg/ActiveSplat/install/activesplat/lib/libactivesplat__rosidl_generator_py.so
-- Set non-toolchain portion of runtime path of "/home/sancharyamg/ActiveSplat/install/activesplat/lib/libactivesplat__rosidl_generator_py.so" to ""
-- Installing: /home/sancharyamg/ActiveSplat/install/activesplat/share/activesplat/cmake/export_activesplat__rosidl_generator_cExport.cmake
-- Installing: /home/sancharyamg/ActiveSplat/install/activesplat/share/activesplat/cmake/export_activesplat__rosidl_generator_cExport-noconfig.cmake
-- Installing: /home/sancharyamg/ActiveSplat/install/activesplat/share/activesplat/cmake/export_activesplat__rosidl_typesupport_fastrtps_cExport.cmake
-- Installing: /home/sancharyamg/ActiveSplat/install/activesplat/share/activesplat/cmake/export_activesplat__rosidl_typesupport_fastrtps_cExport-noconfig.cmake
-- Installing: /home/sancharyamg/ActiveSplat/install/activesplat/share/activesplat/cmake/export_activesplat__rosidl_generator_cppExport.cmake
-- Installing: /home/sancharyamg/ActiveSplat/install/activesplat/share/activesplat/cmake/export_activesplat__rosidl_typesupport_fastrtps_cppExport.cmake
-- Installing: /home/sancharyamg/ActiveSplat/install/activesplat/share/activesplat/cmake/export_activesplat__rosidl_typesupport_fastrtps_cppExport-noconfig.cmake
-- Installing: /home/sancharyamg/ActiveSplat/install/activesplat/share/activesplat/cmake/activesplat__rosidl_typesupport_introspection_cExport.cmake
-- Installing: /home/sancharyamg/ActiveSplat/install/activesplat/share/activesplat/cmake/activesplat__rosidl_typesupport_introspection_cExport-noconfig.cmake
-- Installing: /home/sancharyamg/ActiveSplat/install/activesplat/share/activesplat/cmake/activesplat__rosidl_typesupport_cExport.cmake
-- Installing: /home/sancharyamg/ActiveSplat/install/activesplat/share/activesplat/cmake/activesplat__rosidl_typesupport_cExport-noconfig.cmake
-- Installing: /home/sancharyamg/ActiveSplat/install/activesplat/share/activesplat/cmake/activesplat__rosidl_typesupport_introspection_cppExport.cmake
-- Installing: /home/sancharyamg/ActiveSplat/install/activesplat/share/activesplat/cmake/activesplat__rosidl_typesupport_introspection_cppExport-noconfig.cmake
-- Installing: /home/sancharyamg/ActiveSplat/install/activesplat/share/activesplat/cmake/activesplat__rosidl_typesupport_cppExport.cmake
-- Installing: /home/sancharyamg/ActiveSplat/install/activesplat/share/activesplat/cmake/activesplat__rosidl_typesupport_cppExport-noconfig.cmake
-- Installing: /home/sancharyamg/ActiveSplat/install/activesplat/share/activesplat/cmake/export_activesplat__rosidl_generator_pyExport.cmake
-- Installing: /home/sancharyamg/ActiveSplat/install/activesplat/share/activesplat/cmake/export_activesplat__rosidl_generator_pyExport-noconfig.cmake
