[  0%] Built target activesplat__rosidl_generator_type_description
[  1%] Built target activesplat__rs
[  1%] Built target ament_cmake_python_symlink_activesplat
[  1%] Built target activesplat__cpp
[ 27%] Built target activesplat__rosidl_generator_c
[ 36%] Built target activesplat__rosidl_typesupport_introspection_c
[ 46%] Built target activesplat__rosidl_typesupport_c
[ 65%] Built target activesplat__rosidl_typesupport_cpp
[ 66%] Built target activesplat__rosidl_typesupport_introspection_cpp
[ 77%] Built target activesplat__rosidl_typesupport_fastrtps_cpp
[ 85%] Built target activesplat__rosidl_typesupport_fastrtps_c
[ 85%] Built target activesplat
[ 86%] Built target activesplat__py
[ 95%] Built target activesplat__rosidl_generator_py
[ 97%] Built target activesplat_s__rosidl_typesupport_introspection_c
[ 98%] Built target activesplat_s__rosidl_typesupport_c
[100%] Built target activesplat_s__rosidl_typesupport_fastrtps_c
running egg_info
writing activesplat.egg-info/PKG-INFO
writing dependency_links to activesplat.egg-info/dependency_links.txt
writing top-level names to activesplat.egg-info/top_level.txt
reading manifest file 'activesplat.egg-info/SOURCES.txt'
writing manifest file 'activesplat.egg-info/SOURCES.txt'
[100%] Built target ament_cmake_python_build_activesplat_egg
-- Install configuration: ""
-- Execute custom install script
-- Up-to-date symlink: /home/sancharyamg/ActiveSplat/install/activesplat/share/ament_index/resource_index/rosidl_interfaces/activesplat
-- Up-to-date symlink: /home/sancharyamg/ActiveSplat/install/activesplat/share/activesplat/msg/Frame.json
-- Up-to-date symlink: /home/sancharyamg/ActiveSplat/install/activesplat/share/activesplat/srv/GetDatasetConfig.json
-- Up-to-date symlink: /home/sancharyamg/ActiveSplat/install/activesplat/share/activesplat/srv/ResetEnv.json
-- Up-to-date symlink: /home/sancharyamg/ActiveSplat/install/activesplat/share/activesplat/srv/GetTopdownConfig.json
-- Up-to-date symlink: /home/sancharyamg/ActiveSplat/install/activesplat/share/activesplat/srv/GetTopdown.json
-- Up-to-date symlink: /home/sancharyamg/ActiveSplat/install/activesplat/share/activesplat/srv/SetPlannerState.json
-- Up-to-date symlink: /home/sancharyamg/ActiveSplat/install/activesplat/share/activesplat/srv/SetMapper.json
-- Up-to-date symlink: /home/sancharyamg/ActiveSplat/install/activesplat/share/activesplat/srv/GetOpacity.json
-- Up-to-date symlink: /home/sancharyamg/ActiveSplat/install/activesplat/share/activesplat/srv/GetVoronoiGraph.json
-- Up-to-date symlink: /home/sancharyamg/ActiveSplat/install/activesplat/share/activesplat/srv/GetNavPath.json
-- Up-to-date symlink: /home/sancharyamg/ActiveSplat/install/activesplat/include/activesplat/activesplat/msg/detail/frame__functions.h
-- Up-to-date symlink: /home/sancharyamg/ActiveSplat/install/activesplat/include/activesplat/activesplat/msg/detail/frame__struct.h
-- Up-to-date symlink: /home/sancharyamg/ActiveSplat/install/activesplat/include/activesplat/activesplat/msg/detail/frame__type_support.h
-- Up-to-date symlink: /home/sancharyamg/ActiveSplat/install/activesplat/include/activesplat/activesplat/msg/frame.h
-- Up-to-date symlink: /home/sancharyamg/ActiveSplat/install/activesplat/include/activesplat/activesplat/msg/rosidl_generator_c__visibility_control.h
-- Up-to-date symlink: /home/sancharyamg/ActiveSplat/install/activesplat/include/activesplat/activesplat/srv/detail/get_dataset_config__functions.h
-- Up-to-date symlink: /home/sancharyamg/ActiveSplat/install/activesplat/include/activesplat/activesplat/srv/detail/get_dataset_config__struct.h
-- Up-to-date symlink: /home/sancharyamg/ActiveSplat/install/activesplat/include/activesplat/activesplat/srv/detail/get_dataset_config__type_support.h
-- Up-to-date symlink: /home/sancharyamg/ActiveSplat/install/activesplat/include/activesplat/activesplat/srv/detail/get_nav_path__functions.h
-- Up-to-date symlink: /home/sancharyamg/ActiveSplat/install/activesplat/include/activesplat/activesplat/srv/detail/get_nav_path__struct.h
-- Up-to-date symlink: /home/sancharyamg/ActiveSplat/install/activesplat/include/activesplat/activesplat/srv/detail/get_nav_path__type_support.h
-- Up-to-date symlink: /home/sancharyamg/ActiveSplat/install/activesplat/include/activesplat/activesplat/srv/detail/get_opacity__functions.h
-- Up-to-date symlink: /home/sancharyamg/ActiveSplat/install/activesplat/include/activesplat/activesplat/srv/detail/get_opacity__struct.h
-- Up-to-date symlink: /home/sancharyamg/ActiveSplat/install/activesplat/include/activesplat/activesplat/srv/detail/get_opacity__type_support.h
-- Up-to-date symlink: /home/sancharyamg/ActiveSplat/install/activesplat/include/activesplat/activesplat/srv/detail/get_topdown__functions.h
-- Up-to-date symlink: /home/sancharyamg/ActiveSplat/install/activesplat/include/activesplat/activesplat/srv/detail/get_topdown__struct.h
-- Up-to-date symlink: /home/sancharyamg/ActiveSplat/install/activesplat/include/activesplat/activesplat/srv/detail/get_topdown__type_support.h
-- Up-to-date symlink: /home/sancharyamg/ActiveSplat/install/activesplat/include/activesplat/activesplat/srv/detail/get_topdown_config__functions.h
-- Up-to-date symlink: /home/sancharyamg/ActiveSplat/install/activesplat/include/activesplat/activesplat/srv/detail/get_topdown_config__struct.h
-- Up-to-date symlink: /home/sancharyamg/ActiveSplat/install/activesplat/include/activesplat/activesplat/srv/detail/get_topdown_config__type_support.h
-- Up-to-date symlink: /home/sancharyamg/ActiveSplat/install/activesplat/include/activesplat/activesplat/srv/detail/get_voronoi_graph__functions.h
-- Up-to-date symlink: /home/sancharyamg/ActiveSplat/install/activesplat/include/activesplat/activesplat/srv/detail/get_voronoi_graph__struct.h
-- Up-to-date symlink: /home/sancharyamg/ActiveSplat/install/activesplat/include/activesplat/activesplat/srv/detail/get_voronoi_graph__type_support.h
-- Up-to-date symlink: /home/sancharyamg/ActiveSplat/install/activesplat/include/activesplat/activesplat/srv/detail/reset_env__functions.h
-- Up-to-date symlink: /home/sancharyamg/ActiveSplat/install/activesplat/include/activesplat/activesplat/srv/detail/reset_env__struct.h
-- Up-to-date symlink: /home/sancharyamg/ActiveSplat/install/activesplat/include/activesplat/activesplat/srv/detail/reset_env__type_support.h
-- Up-to-date symlink: /home/sancharyamg/ActiveSplat/install/activesplat/include/activesplat/activesplat/srv/detail/set_mapper__functions.h
-- Up-to-date symlink: /home/sancharyamg/ActiveSplat/install/activesplat/include/activesplat/activesplat/srv/detail/set_mapper__struct.h
-- Up-to-date symlink: /home/sancharyamg/ActiveSplat/install/activesplat/include/activesplat/activesplat/srv/detail/set_mapper__type_support.h
-- Up-to-date symlink: /home/sancharyamg/ActiveSplat/install/activesplat/include/activesplat/activesplat/srv/detail/set_planner_state__functions.h
-- Up-to-date symlink: /home/sancharyamg/ActiveSplat/install/activesplat/include/activesplat/activesplat/srv/detail/set_planner_state__struct.h
-- Up-to-date symlink: /home/sancharyamg/ActiveSplat/install/activesplat/include/activesplat/activesplat/srv/detail/set_planner_state__type_support.h
-- Up-to-date symlink: /home/sancharyamg/ActiveSplat/install/activesplat/include/activesplat/activesplat/srv/get_dataset_config.h
-- Up-to-date symlink: /home/sancharyamg/ActiveSplat/install/activesplat/include/activesplat/activesplat/srv/get_nav_path.h
-- Up-to-date symlink: /home/sancharyamg/ActiveSplat/install/activesplat/include/activesplat/activesplat/srv/get_opacity.h
-- Up-to-date symlink: /home/sancharyamg/ActiveSplat/install/activesplat/include/activesplat/activesplat/srv/get_topdown.h
-- Up-to-date symlink: /home/sancharyamg/ActiveSplat/install/activesplat/include/activesplat/activesplat/srv/get_topdown_config.h
-- Up-to-date symlink: /home/sancharyamg/ActiveSplat/install/activesplat/include/activesplat/activesplat/srv/get_voronoi_graph.h
-- Up-to-date symlink: /home/sancharyamg/ActiveSplat/install/activesplat/include/activesplat/activesplat/srv/reset_env.h
-- Up-to-date symlink: /home/sancharyamg/ActiveSplat/install/activesplat/include/activesplat/activesplat/srv/set_mapper.h
-- Up-to-date symlink: /home/sancharyamg/ActiveSplat/install/activesplat/include/activesplat/activesplat/srv/set_planner_state.h
-- Up-to-date symlink: /home/sancharyamg/ActiveSplat/install/activesplat/share/activesplat/environment/library_path.sh
-- Up-to-date symlink: /home/sancharyamg/ActiveSplat/install/activesplat/share/activesplat/environment/library_path.dsv
-- Up-to-date symlink: /home/sancharyamg/ActiveSplat/install/activesplat/include/activesplat/activesplat/msg/detail/frame__rosidl_typesupport_fastrtps_c.h
-- Up-to-date symlink: /home/sancharyamg/ActiveSplat/install/activesplat/include/activesplat/activesplat/msg/rosidl_typesupport_fastrtps_c__visibility_control.h
-- Up-to-date symlink: /home/sancharyamg/ActiveSplat/install/activesplat/include/activesplat/activesplat/srv/detail/get_dataset_config__rosidl_typesupport_fastrtps_c.h
-- Up-to-date symlink: /home/sancharyamg/ActiveSplat/install/activesplat/include/activesplat/activesplat/srv/detail/get_nav_path__rosidl_typesupport_fastrtps_c.h
-- Up-to-date symlink: /home/sancharyamg/ActiveSplat/install/activesplat/include/activesplat/activesplat/srv/detail/get_opacity__rosidl_typesupport_fastrtps_c.h
-- Up-to-date symlink: /home/sancharyamg/ActiveSplat/install/activesplat/include/activesplat/activesplat/srv/detail/get_topdown__rosidl_typesupport_fastrtps_c.h
-- Up-to-date symlink: /home/sancharyamg/ActiveSplat/install/activesplat/include/activesplat/activesplat/srv/detail/get_topdown_config__rosidl_typesupport_fastrtps_c.h
-- Up-to-date symlink: /home/sancharyamg/ActiveSplat/install/activesplat/include/activesplat/activesplat/srv/detail/get_voronoi_graph__rosidl_typesupport_fastrtps_c.h
-- Up-to-date symlink: /home/sancharyamg/ActiveSplat/install/activesplat/include/activesplat/activesplat/srv/detail/reset_env__rosidl_typesupport_fastrtps_c.h
-- Up-to-date symlink: /home/sancharyamg/ActiveSplat/install/activesplat/include/activesplat/activesplat/srv/detail/set_mapper__rosidl_typesupport_fastrtps_c.h
-- Up-to-date symlink: /home/sancharyamg/ActiveSplat/install/activesplat/include/activesplat/activesplat/srv/detail/set_planner_state__rosidl_typesupport_fastrtps_c.h
-- Up-to-date symlink: /home/sancharyamg/ActiveSplat/install/activesplat/include/activesplat/activesplat/msg/detail/frame__builder.hpp
-- Up-to-date symlink: /home/sancharyamg/ActiveSplat/install/activesplat/include/activesplat/activesplat/msg/detail/frame__struct.hpp
-- Up-to-date symlink: /home/sancharyamg/ActiveSplat/install/activesplat/include/activesplat/activesplat/msg/detail/frame__traits.hpp
-- Up-to-date symlink: /home/sancharyamg/ActiveSplat/install/activesplat/include/activesplat/activesplat/msg/detail/frame__type_support.hpp
-- Up-to-date symlink: /home/sancharyamg/ActiveSplat/install/activesplat/include/activesplat/activesplat/msg/frame.hpp
-- Up-to-date symlink: /home/sancharyamg/ActiveSplat/install/activesplat/include/activesplat/activesplat/msg/rosidl_generator_cpp__visibility_control.hpp
-- Up-to-date symlink: /home/sancharyamg/ActiveSplat/install/activesplat/include/activesplat/activesplat/srv/detail/get_dataset_config__builder.hpp
-- Up-to-date symlink: /home/sancharyamg/ActiveSplat/install/activesplat/include/activesplat/activesplat/srv/detail/get_dataset_config__struct.hpp
-- Up-to-date symlink: /home/sancharyamg/ActiveSplat/install/activesplat/include/activesplat/activesplat/srv/detail/get_dataset_config__traits.hpp
-- Up-to-date symlink: /home/sancharyamg/ActiveSplat/install/activesplat/include/activesplat/activesplat/srv/detail/get_dataset_config__type_support.hpp
-- Up-to-date symlink: /home/sancharyamg/ActiveSplat/install/activesplat/include/activesplat/activesplat/srv/detail/get_nav_path__builder.hpp
-- Up-to-date symlink: /home/sancharyamg/ActiveSplat/install/activesplat/include/activesplat/activesplat/srv/detail/get_nav_path__struct.hpp
-- Up-to-date symlink: /home/sancharyamg/ActiveSplat/install/activesplat/include/activesplat/activesplat/srv/detail/get_nav_path__traits.hpp
-- Up-to-date symlink: /home/sancharyamg/ActiveSplat/install/activesplat/include/activesplat/activesplat/srv/detail/get_nav_path__type_support.hpp
-- Up-to-date symlink: /home/sancharyamg/ActiveSplat/install/activesplat/include/activesplat/activesplat/srv/detail/get_opacity__builder.hpp
-- Up-to-date symlink: /home/sancharyamg/ActiveSplat/install/activesplat/include/activesplat/activesplat/srv/detail/get_opacity__struct.hpp
-- Up-to-date symlink: /home/sancharyamg/ActiveSplat/install/activesplat/include/activesplat/activesplat/srv/detail/get_opacity__traits.hpp
-- Up-to-date symlink: /home/sancharyamg/ActiveSplat/install/activesplat/include/activesplat/activesplat/srv/detail/get_opacity__type_support.hpp
-- Up-to-date symlink: /home/sancharyamg/ActiveSplat/install/activesplat/include/activesplat/activesplat/srv/detail/get_topdown__builder.hpp
-- Up-to-date symlink: /home/sancharyamg/ActiveSplat/install/activesplat/include/activesplat/activesplat/srv/detail/get_topdown__struct.hpp
-- Up-to-date symlink: /home/sancharyamg/ActiveSplat/install/activesplat/include/activesplat/activesplat/srv/detail/get_topdown__traits.hpp
-- Up-to-date symlink: /home/sancharyamg/ActiveSplat/install/activesplat/include/activesplat/activesplat/srv/detail/get_topdown__type_support.hpp
-- Up-to-date symlink: /home/sancharyamg/ActiveSplat/install/activesplat/include/activesplat/activesplat/srv/detail/get_topdown_config__builder.hpp
-- Up-to-date symlink: /home/sancharyamg/ActiveSplat/install/activesplat/include/activesplat/activesplat/srv/detail/get_topdown_config__struct.hpp
-- Up-to-date symlink: /home/sancharyamg/ActiveSplat/install/activesplat/include/activesplat/activesplat/srv/detail/get_topdown_config__traits.hpp
-- Up-to-date symlink: /home/sancharyamg/ActiveSplat/install/activesplat/include/activesplat/activesplat/srv/detail/get_topdown_config__type_support.hpp
-- Up-to-date symlink: /home/sancharyamg/ActiveSplat/install/activesplat/include/activesplat/activesplat/srv/detail/get_voronoi_graph__builder.hpp
-- Up-to-date symlink: /home/sancharyamg/ActiveSplat/install/activesplat/include/activesplat/activesplat/srv/detail/get_voronoi_graph__struct.hpp
-- Up-to-date symlink: /home/sancharyamg/ActiveSplat/install/activesplat/include/activesplat/activesplat/srv/detail/get_voronoi_graph__traits.hpp
-- Up-to-date symlink: /home/sancharyamg/ActiveSplat/install/activesplat/include/activesplat/activesplat/srv/detail/get_voronoi_graph__type_support.hpp
-- Up-to-date symlink: /home/sancharyamg/ActiveSplat/install/activesplat/include/activesplat/activesplat/srv/detail/reset_env__builder.hpp
-- Up-to-date symlink: /home/sancharyamg/ActiveSplat/install/activesplat/include/activesplat/activesplat/srv/detail/reset_env__struct.hpp
-- Up-to-date symlink: /home/sancharyamg/ActiveSplat/install/activesplat/include/activesplat/activesplat/srv/detail/reset_env__traits.hpp
-- Up-to-date symlink: /home/sancharyamg/ActiveSplat/install/activesplat/include/activesplat/activesplat/srv/detail/reset_env__type_support.hpp
-- Up-to-date symlink: /home/sancharyamg/ActiveSplat/install/activesplat/include/activesplat/activesplat/srv/detail/set_mapper__builder.hpp
-- Up-to-date symlink: /home/sancharyamg/ActiveSplat/install/activesplat/include/activesplat/activesplat/srv/detail/set_mapper__struct.hpp
-- Up-to-date symlink: /home/sancharyamg/ActiveSplat/install/activesplat/include/activesplat/activesplat/srv/detail/set_mapper__traits.hpp
-- Up-to-date symlink: /home/sancharyamg/ActiveSplat/install/activesplat/include/activesplat/activesplat/srv/detail/set_mapper__type_support.hpp
-- Up-to-date symlink: /home/sancharyamg/ActiveSplat/install/activesplat/include/activesplat/activesplat/srv/detail/set_planner_state__builder.hpp
-- Up-to-date symlink: /home/sancharyamg/ActiveSplat/install/activesplat/include/activesplat/activesplat/srv/detail/set_planner_state__struct.hpp
-- Up-to-date symlink: /home/sancharyamg/ActiveSplat/install/activesplat/include/activesplat/activesplat/srv/detail/set_planner_state__traits.hpp
-- Up-to-date symlink: /home/sancharyamg/ActiveSplat/install/activesplat/include/activesplat/activesplat/srv/detail/set_planner_state__type_support.hpp
-- Up-to-date symlink: /home/sancharyamg/ActiveSplat/install/activesplat/include/activesplat/activesplat/srv/get_dataset_config.hpp
-- Up-to-date symlink: /home/sancharyamg/ActiveSplat/install/activesplat/include/activesplat/activesplat/srv/get_nav_path.hpp
-- Up-to-date symlink: /home/sancharyamg/ActiveSplat/install/activesplat/include/activesplat/activesplat/srv/get_opacity.hpp
-- Up-to-date symlink: /home/sancharyamg/ActiveSplat/install/activesplat/include/activesplat/activesplat/srv/get_topdown.hpp
-- Up-to-date symlink: /home/sancharyamg/ActiveSplat/install/activesplat/include/activesplat/activesplat/srv/get_topdown_config.hpp
-- Up-to-date symlink: /home/sancharyamg/ActiveSplat/install/activesplat/include/activesplat/activesplat/srv/get_voronoi_graph.hpp
-- Up-to-date symlink: /home/sancharyamg/ActiveSplat/install/activesplat/include/activesplat/activesplat/srv/reset_env.hpp
-- Up-to-date symlink: /home/sancharyamg/ActiveSplat/install/activesplat/include/activesplat/activesplat/srv/set_mapper.hpp
-- Up-to-date symlink: /home/sancharyamg/ActiveSplat/install/activesplat/include/activesplat/activesplat/srv/set_planner_state.hpp
-- Up-to-date symlink: /home/sancharyamg/ActiveSplat/install/activesplat/include/activesplat/activesplat/msg/detail/frame__rosidl_typesupport_fastrtps_cpp.hpp
-- Up-to-date symlink: /home/sancharyamg/ActiveSplat/install/activesplat/include/activesplat/activesplat/msg/rosidl_typesupport_fastrtps_cpp__visibility_control.h
-- Up-to-date symlink: /home/sancharyamg/ActiveSplat/install/activesplat/include/activesplat/activesplat/srv/detail/get_dataset_config__rosidl_typesupport_fastrtps_cpp.hpp
-- Up-to-date symlink: /home/sancharyamg/ActiveSplat/install/activesplat/include/activesplat/activesplat/srv/detail/get_nav_path__rosidl_typesupport_fastrtps_cpp.hpp
-- Up-to-date symlink: /home/sancharyamg/ActiveSplat/install/activesplat/include/activesplat/activesplat/srv/detail/get_opacity__rosidl_typesupport_fastrtps_cpp.hpp
-- Up-to-date symlink: /home/sancharyamg/ActiveSplat/install/activesplat/include/activesplat/activesplat/srv/detail/get_topdown__rosidl_typesupport_fastrtps_cpp.hpp
-- Up-to-date symlink: /home/sancharyamg/ActiveSplat/install/activesplat/include/activesplat/activesplat/srv/detail/get_topdown_config__rosidl_typesupport_fastrtps_cpp.hpp
-- Up-to-date symlink: /home/sancharyamg/ActiveSplat/install/activesplat/include/activesplat/activesplat/srv/detail/get_voronoi_graph__rosidl_typesupport_fastrtps_cpp.hpp
-- Up-to-date symlink: /home/sancharyamg/ActiveSplat/install/activesplat/include/activesplat/activesplat/srv/detail/reset_env__rosidl_typesupport_fastrtps_cpp.hpp
-- Up-to-date symlink: /home/sancharyamg/ActiveSplat/install/activesplat/include/activesplat/activesplat/srv/detail/set_mapper__rosidl_typesupport_fastrtps_cpp.hpp
-- Up-to-date symlink: /home/sancharyamg/ActiveSplat/install/activesplat/include/activesplat/activesplat/srv/detail/set_planner_state__rosidl_typesupport_fastrtps_cpp.hpp
-- Up-to-date symlink: /home/sancharyamg/ActiveSplat/install/activesplat/include/activesplat/activesplat/msg/detail/frame__rosidl_typesupport_introspection_c.h
-- Up-to-date symlink: /home/sancharyamg/ActiveSplat/install/activesplat/include/activesplat/activesplat/msg/rosidl_typesupport_introspection_c__visibility_control.h
-- Up-to-date symlink: /home/sancharyamg/ActiveSplat/install/activesplat/include/activesplat/activesplat/srv/detail/get_dataset_config__rosidl_typesupport_introspection_c.h
-- Up-to-date symlink: /home/sancharyamg/ActiveSplat/install/activesplat/include/activesplat/activesplat/srv/detail/get_nav_path__rosidl_typesupport_introspection_c.h
-- Up-to-date symlink: /home/sancharyamg/ActiveSplat/install/activesplat/include/activesplat/activesplat/srv/detail/get_opacity__rosidl_typesupport_introspection_c.h
-- Up-to-date symlink: /home/sancharyamg/ActiveSplat/install/activesplat/include/activesplat/activesplat/srv/detail/get_topdown__rosidl_typesupport_introspection_c.h
-- Up-to-date symlink: /home/sancharyamg/ActiveSplat/install/activesplat/include/activesplat/activesplat/srv/detail/get_topdown_config__rosidl_typesupport_introspection_c.h
-- Up-to-date symlink: /home/sancharyamg/ActiveSplat/install/activesplat/include/activesplat/activesplat/srv/detail/get_voronoi_graph__rosidl_typesupport_introspection_c.h
-- Up-to-date symlink: /home/sancharyamg/ActiveSplat/install/activesplat/include/activesplat/activesplat/srv/detail/reset_env__rosidl_typesupport_introspection_c.h
-- Up-to-date symlink: /home/sancharyamg/ActiveSplat/install/activesplat/include/activesplat/activesplat/srv/detail/set_mapper__rosidl_typesupport_introspection_c.h
-- Up-to-date symlink: /home/sancharyamg/ActiveSplat/install/activesplat/include/activesplat/activesplat/srv/detail/set_planner_state__rosidl_typesupport_introspection_c.h
-- Up-to-date symlink: /home/sancharyamg/ActiveSplat/install/activesplat/include/activesplat/activesplat/msg/detail/frame__rosidl_typesupport_introspection_cpp.hpp
-- Up-to-date symlink: /home/sancharyamg/ActiveSplat/install/activesplat/include/activesplat/activesplat/srv/detail/get_dataset_config__rosidl_typesupport_introspection_cpp.hpp
-- Up-to-date symlink: /home/sancharyamg/ActiveSplat/install/activesplat/include/activesplat/activesplat/srv/detail/get_nav_path__rosidl_typesupport_introspection_cpp.hpp
-- Up-to-date symlink: /home/sancharyamg/ActiveSplat/install/activesplat/include/activesplat/activesplat/srv/detail/get_opacity__rosidl_typesupport_introspection_cpp.hpp
-- Up-to-date symlink: /home/sancharyamg/ActiveSplat/install/activesplat/include/activesplat/activesplat/srv/detail/get_topdown__rosidl_typesupport_introspection_cpp.hpp
-- Up-to-date symlink: /home/sancharyamg/ActiveSplat/install/activesplat/include/activesplat/activesplat/srv/detail/get_topdown_config__rosidl_typesupport_introspection_cpp.hpp
-- Up-to-date symlink: /home/sancharyamg/ActiveSplat/install/activesplat/include/activesplat/activesplat/srv/detail/get_voronoi_graph__rosidl_typesupport_introspection_cpp.hpp
-- Up-to-date symlink: /home/sancharyamg/ActiveSplat/install/activesplat/include/activesplat/activesplat/srv/detail/reset_env__rosidl_typesupport_introspection_cpp.hpp
-- Up-to-date symlink: /home/sancharyamg/ActiveSplat/install/activesplat/include/activesplat/activesplat/srv/detail/set_mapper__rosidl_typesupport_introspection_cpp.hpp
-- Up-to-date symlink: /home/sancharyamg/ActiveSplat/install/activesplat/include/activesplat/activesplat/srv/detail/set_planner_state__rosidl_typesupport_introspection_cpp.hpp
-- Up-to-date symlink: /home/sancharyamg/ActiveSplat/install/activesplat/share/activesplat/environment/pythonpath.sh
-- Up-to-date symlink: /home/sancharyamg/ActiveSplat/install/activesplat/share/activesplat/environment/pythonpath.dsv
-- Up-to-date symlink: /home/sancharyamg/ActiveSplat/install/activesplat/lib/python3.12/site-packages/activesplat-0.1.0-py3.12.egg-info/PKG-INFO
-- Up-to-date symlink: /home/sancharyamg/ActiveSplat/install/activesplat/lib/python3.12/site-packages/activesplat-0.1.0-py3.12.egg-info/SOURCES.txt
-- Up-to-date symlink: /home/sancharyamg/ActiveSplat/install/activesplat/lib/python3.12/site-packages/activesplat-0.1.0-py3.12.egg-info/dependency_links.txt
-- Up-to-date symlink: /home/sancharyamg/ActiveSplat/install/activesplat/lib/python3.12/site-packages/activesplat-0.1.0-py3.12.egg-info/top_level.txt
-- Up-to-date symlink: /home/sancharyamg/ActiveSplat/install/activesplat/lib/python3.12/site-packages/activesplat/__init__.py
-- Up-to-date symlink: /home/sancharyamg/ActiveSplat/install/activesplat/lib/python3.12/site-packages/activesplat/_activesplat_s.ep.rosidl_typesupport_c.c
-- Up-to-date symlink: /home/sancharyamg/ActiveSplat/install/activesplat/lib/python3.12/site-packages/activesplat/_activesplat_s.ep.rosidl_typesupport_fastrtps_c.c
-- Up-to-date symlink: /home/sancharyamg/ActiveSplat/install/activesplat/lib/python3.12/site-packages/activesplat/_activesplat_s.ep.rosidl_typesupport_introspection_c.c
-- Up-to-date symlink: /home/sancharyamg/ActiveSplat/install/activesplat/lib/python3.12/site-packages/activesplat/activesplat_s__rosidl_typesupport_c.so
-- Up-to-date symlink: /home/sancharyamg/ActiveSplat/install/activesplat/lib/python3.12/site-packages/activesplat/activesplat_s__rosidl_typesupport_fastrtps_c.so
-- Up-to-date symlink: /home/sancharyamg/ActiveSplat/install/activesplat/lib/python3.12/site-packages/activesplat/activesplat_s__rosidl_typesupport_introspection_c.so
-- Up-to-date symlink: /home/sancharyamg/ActiveSplat/install/activesplat/lib/python3.12/site-packages/activesplat/msg/__init__.py
-- Up-to-date symlink: /home/sancharyamg/ActiveSplat/install/activesplat/lib/python3.12/site-packages/activesplat/msg/_frame.py
-- Up-to-date symlink: /home/sancharyamg/ActiveSplat/install/activesplat/lib/python3.12/site-packages/activesplat/msg/_frame_s.c
-- Up-to-date symlink: /home/sancharyamg/ActiveSplat/install/activesplat/lib/python3.12/site-packages/activesplat/srv/__init__.py
-- Up-to-date symlink: /home/sancharyamg/ActiveSplat/install/activesplat/lib/python3.12/site-packages/activesplat/srv/_get_dataset_config.py
-- Up-to-date symlink: /home/sancharyamg/ActiveSplat/install/activesplat/lib/python3.12/site-packages/activesplat/srv/_get_dataset_config_s.c
-- Up-to-date symlink: /home/sancharyamg/ActiveSplat/install/activesplat/lib/python3.12/site-packages/activesplat/srv/_get_nav_path.py
-- Up-to-date symlink: /home/sancharyamg/ActiveSplat/install/activesplat/lib/python3.12/site-packages/activesplat/srv/_get_nav_path_s.c
-- Up-to-date symlink: /home/sancharyamg/ActiveSplat/install/activesplat/lib/python3.12/site-packages/activesplat/srv/_get_opacity.py
-- Up-to-date symlink: /home/sancharyamg/ActiveSplat/install/activesplat/lib/python3.12/site-packages/activesplat/srv/_get_opacity_s.c
-- Up-to-date symlink: /home/sancharyamg/ActiveSplat/install/activesplat/lib/python3.12/site-packages/activesplat/srv/_get_topdown.py
-- Up-to-date symlink: /home/sancharyamg/ActiveSplat/install/activesplat/lib/python3.12/site-packages/activesplat/srv/_get_topdown_config.py
-- Up-to-date symlink: /home/sancharyamg/ActiveSplat/install/activesplat/lib/python3.12/site-packages/activesplat/srv/_get_topdown_config_s.c
-- Up-to-date symlink: /home/sancharyamg/ActiveSplat/install/activesplat/lib/python3.12/site-packages/activesplat/srv/_get_topdown_s.c
-- Up-to-date symlink: /home/sancharyamg/ActiveSplat/install/activesplat/lib/python3.12/site-packages/activesplat/srv/_get_voronoi_graph.py
-- Up-to-date symlink: /home/sancharyamg/ActiveSplat/install/activesplat/lib/python3.12/site-packages/activesplat/srv/_get_voronoi_graph_s.c
-- Up-to-date symlink: /home/sancharyamg/ActiveSplat/install/activesplat/lib/python3.12/site-packages/activesplat/srv/_reset_env.py
-- Up-to-date symlink: /home/sancharyamg/ActiveSplat/install/activesplat/lib/python3.12/site-packages/activesplat/srv/_reset_env_s.c
-- Up-to-date symlink: /home/sancharyamg/ActiveSplat/install/activesplat/lib/python3.12/site-packages/activesplat/srv/_set_mapper.py
-- Up-to-date symlink: /home/sancharyamg/ActiveSplat/install/activesplat/lib/python3.12/site-packages/activesplat/srv/_set_mapper_s.c
-- Up-to-date symlink: /home/sancharyamg/ActiveSplat/install/activesplat/lib/python3.12/site-packages/activesplat/srv/_set_planner_state.py
-- Up-to-date symlink: /home/sancharyamg/ActiveSplat/install/activesplat/lib/python3.12/site-packages/activesplat/srv/_set_planner_state_s.c
-- Up-to-date symlink: /home/sancharyamg/ActiveSplat/install/activesplat/lib/python3.12/site-packages/activesplat/activesplat_s__rosidl_typesupport_fastrtps_c.so
-- Up-to-date symlink: /home/sancharyamg/ActiveSplat/install/activesplat/lib/python3.12/site-packages/activesplat/activesplat_s__rosidl_typesupport_introspection_c.so
-- Up-to-date symlink: /home/sancharyamg/ActiveSplat/install/activesplat/lib/python3.12/site-packages/activesplat/activesplat_s__rosidl_typesupport_c.so
-- Up-to-date symlink: /home/sancharyamg/ActiveSplat/install/activesplat/share/ament_index/resource_index/rust_packages/activesplat
-- Up-to-date symlink: /home/sancharyamg/ActiveSplat/install/activesplat/share/activesplat/rust/Cargo.toml
-- Up-to-date symlink: /home/sancharyamg/ActiveSplat/install/activesplat/share/activesplat/rust/build.rs
-- Up-to-date symlink: /home/sancharyamg/ActiveSplat/install/activesplat/share/activesplat/rust/src/lib.rs
-- Up-to-date symlink: /home/sancharyamg/ActiveSplat/install/activesplat/share/activesplat/rust/src/msg.rs
-- Up-to-date symlink: /home/sancharyamg/ActiveSplat/install/activesplat/share/activesplat/rust/src/msg/rmw.rs
-- Up-to-date symlink: /home/sancharyamg/ActiveSplat/install/activesplat/share/activesplat/rust/src/srv.rs
-- Up-to-date symlink: /home/sancharyamg/ActiveSplat/install/activesplat/share/activesplat/rust/src/srv/rmw.rs
-- Up-to-date symlink: /home/sancharyamg/ActiveSplat/install/activesplat/share/activesplat/msg/Frame.idl
-- Up-to-date symlink: /home/sancharyamg/ActiveSplat/install/activesplat/share/activesplat/srv/GetDatasetConfig.idl
-- Up-to-date symlink: /home/sancharyamg/ActiveSplat/install/activesplat/share/activesplat/srv/ResetEnv.idl
-- Up-to-date symlink: /home/sancharyamg/ActiveSplat/install/activesplat/share/activesplat/srv/GetTopdownConfig.idl
-- Up-to-date symlink: /home/sancharyamg/ActiveSplat/install/activesplat/share/activesplat/srv/GetTopdown.idl
-- Up-to-date symlink: /home/sancharyamg/ActiveSplat/install/activesplat/share/activesplat/srv/SetPlannerState.idl
-- Up-to-date symlink: /home/sancharyamg/ActiveSplat/install/activesplat/share/activesplat/srv/SetMapper.idl
-- Up-to-date symlink: /home/sancharyamg/ActiveSplat/install/activesplat/share/activesplat/srv/GetOpacity.idl
-- Up-to-date symlink: /home/sancharyamg/ActiveSplat/install/activesplat/share/activesplat/srv/GetVoronoiGraph.idl
-- Up-to-date symlink: /home/sancharyamg/ActiveSplat/install/activesplat/share/activesplat/srv/GetNavPath.idl
-- Up-to-date symlink: /home/sancharyamg/ActiveSplat/install/activesplat/share/activesplat/msg/Frame.msg
-- Up-to-date symlink: /home/sancharyamg/ActiveSplat/install/activesplat/share/activesplat/srv/GetDatasetConfig.srv
-- Up-to-date symlink: /home/sancharyamg/ActiveSplat/install/activesplat/share/activesplat/srv/ResetEnv.srv
-- Up-to-date symlink: /home/sancharyamg/ActiveSplat/install/activesplat/share/activesplat/srv/GetTopdownConfig.srv
-- Up-to-date symlink: /home/sancharyamg/ActiveSplat/install/activesplat/share/activesplat/srv/GetTopdown.srv
-- Up-to-date symlink: /home/sancharyamg/ActiveSplat/install/activesplat/share/activesplat/srv/SetPlannerState.srv
-- Up-to-date symlink: /home/sancharyamg/ActiveSplat/install/activesplat/share/activesplat/srv/SetMapper.srv
-- Up-to-date symlink: /home/sancharyamg/ActiveSplat/install/activesplat/share/activesplat/srv/GetOpacity.srv
-- Up-to-date symlink: /home/sancharyamg/ActiveSplat/install/activesplat/share/activesplat/srv/GetVoronoiGraph.srv
-- Up-to-date symlink: /home/sancharyamg/ActiveSplat/install/activesplat/share/activesplat/srv/GetNavPath.srv
-- Up-to-date symlink: /home/sancharyamg/ActiveSplat/install/activesplat/lib/activesplat/mapper_node.py
-- Up-to-date symlink: /home/sancharyamg/ActiveSplat/install/activesplat/lib/activesplat/planner_node.py
-- Up-to-date symlink: /home/sancharyamg/ActiveSplat/install/activesplat/share/activesplat/launch/habitat.launch
-- Up-to-date symlink: /home/sancharyamg/ActiveSplat/install/activesplat/share/activesplat/launch/habitat.launch.py
-- Up-to-date symlink: /home/sancharyamg/ActiveSplat/install/activesplat/share/activesplat/config/.templates/user_config.json
-- Up-to-date symlink: /home/sancharyamg/ActiveSplat/install/activesplat/share/activesplat/config/datasets/gibson.json
-- Up-to-date symlink: /home/sancharyamg/ActiveSplat/install/activesplat/share/activesplat/config/datasets/gibson_high_resolution.json
-- Up-to-date symlink: /home/sancharyamg/ActiveSplat/install/activesplat/share/activesplat/config/datasets/gibson_large.json
-- Up-to-date symlink: /home/sancharyamg/ActiveSplat/install/activesplat/share/activesplat/config/datasets/mp3d.json
-- Up-to-date symlink: /home/sancharyamg/ActiveSplat/install/activesplat/share/activesplat/config/datasets/mp3d_large.json
-- Up-to-date symlink: /home/sancharyamg/ActiveSplat/install/activesplat/share/activesplat/config/env/activesplat_high_resolution_pointnav.yaml
-- Up-to-date symlink: /home/sancharyamg/ActiveSplat/install/activesplat/share/activesplat/config/env/activesplat_pointnav.yaml
-- Symlinking: /home/sancharyamg/ActiveSplat/install/activesplat/share/activesplat/config/splatam/__pycache__/online_habitat_sim.cpython-312.pyc
-- Up-to-date symlink: /home/sancharyamg/ActiveSplat/install/activesplat/share/activesplat/config/splatam/online_habitat_sim.py
-- Up-to-date symlink: /home/sancharyamg/ActiveSplat/install/activesplat/share/activesplat/config/user_config.json
-- Up-to-date symlink: /home/sancharyamg/ActiveSplat/install/activesplat/share/ament_index/resource_index/package_run_dependencies/activesplat
-- Up-to-date symlink: /home/sancharyamg/ActiveSplat/install/activesplat/share/ament_index/resource_index/parent_prefix_path/activesplat
-- Up-to-date symlink: /home/sancharyamg/ActiveSplat/install/activesplat/share/activesplat/environment/ament_prefix_path.sh
-- Up-to-date symlink: /home/sancharyamg/ActiveSplat/install/activesplat/share/activesplat/environment/ament_prefix_path.dsv
-- Up-to-date symlink: /home/sancharyamg/ActiveSplat/install/activesplat/share/activesplat/environment/path.sh
-- Up-to-date symlink: /home/sancharyamg/ActiveSplat/install/activesplat/share/activesplat/environment/path.dsv
-- Up-to-date symlink: /home/sancharyamg/ActiveSplat/install/activesplat/share/activesplat/local_setup.bash
-- Up-to-date symlink: /home/sancharyamg/ActiveSplat/install/activesplat/share/activesplat/local_setup.sh
-- Up-to-date symlink: /home/sancharyamg/ActiveSplat/install/activesplat/share/activesplat/local_setup.zsh
-- Up-to-date symlink: /home/sancharyamg/ActiveSplat/install/activesplat/share/activesplat/local_setup.dsv
-- Symlinking: /home/sancharyamg/ActiveSplat/install/activesplat/share/activesplat/package.dsv
-- Up-to-date symlink: /home/sancharyamg/ActiveSplat/install/activesplat/share/ament_index/resource_index/packages/activesplat
-- Up-to-date symlink: /home/sancharyamg/ActiveSplat/install/activesplat/share/activesplat/cmake/rosidl_cmake-extras.cmake
-- Up-to-date symlink: /home/sancharyamg/ActiveSplat/install/activesplat/share/activesplat/cmake/ament_cmake_export_dependencies-extras.cmake
-- Up-to-date symlink: /home/sancharyamg/ActiveSplat/install/activesplat/share/activesplat/cmake/ament_cmake_export_include_directories-extras.cmake
-- Up-to-date symlink: /home/sancharyamg/ActiveSplat/install/activesplat/share/activesplat/cmake/ament_cmake_export_libraries-extras.cmake
-- Up-to-date symlink: /home/sancharyamg/ActiveSplat/install/activesplat/share/activesplat/cmake/ament_cmake_export_targets-extras.cmake
-- Up-to-date symlink: /home/sancharyamg/ActiveSplat/install/activesplat/share/activesplat/cmake/rosidl_cmake_export_typesupport_targets-extras.cmake
-- Up-to-date symlink: /home/sancharyamg/ActiveSplat/install/activesplat/share/activesplat/cmake/rosidl_cmake_export_typesupport_libraries-extras.cmake
-- Up-to-date symlink: /home/sancharyamg/ActiveSplat/install/activesplat/share/activesplat/cmake/activesplatConfig.cmake
-- Up-to-date symlink: /home/sancharyamg/ActiveSplat/install/activesplat/share/activesplat/cmake/activesplatConfig-version.cmake
-- Up-to-date symlink: /home/sancharyamg/ActiveSplat/install/activesplat/share/activesplat/package.xml
-- Up-to-date: /home/sancharyamg/ActiveSplat/install/activesplat/lib/libactivesplat__rosidl_generator_c.so
-- Up-to-date: /home/sancharyamg/ActiveSplat/install/activesplat/lib/libactivesplat__rosidl_typesupport_fastrtps_c.so
-- Up-to-date: /home/sancharyamg/ActiveSplat/install/activesplat/lib/libactivesplat__rosidl_typesupport_fastrtps_cpp.so
-- Up-to-date: /home/sancharyamg/ActiveSplat/install/activesplat/lib/libactivesplat__rosidl_typesupport_introspection_c.so
-- Up-to-date: /home/sancharyamg/ActiveSplat/install/activesplat/lib/libactivesplat__rosidl_typesupport_c.so
-- Up-to-date: /home/sancharyamg/ActiveSplat/install/activesplat/lib/libactivesplat__rosidl_typesupport_introspection_cpp.so
-- Up-to-date: /home/sancharyamg/ActiveSplat/install/activesplat/lib/libactivesplat__rosidl_typesupport_cpp.so
Listing '/home/sancharyamg/ActiveSplat/install/activesplat/lib/python3.12/site-packages/activesplat'...
Listing '/home/sancharyamg/ActiveSplat/install/activesplat/lib/python3.12/site-packages/activesplat/msg'...
Listing '/home/sancharyamg/ActiveSplat/install/activesplat/lib/python3.12/site-packages/activesplat/srv'...
-- Up-to-date: /home/sancharyamg/ActiveSplat/install/activesplat/lib/libactivesplat__rosidl_generator_py.so
-- Up-to-date: /home/sancharyamg/ActiveSplat/install/activesplat/share/activesplat/cmake/export_activesplat__rosidl_generator_cExport.cmake
-- Up-to-date: /home/sancharyamg/ActiveSplat/install/activesplat/share/activesplat/cmake/export_activesplat__rosidl_generator_cExport-noconfig.cmake
-- Up-to-date: /home/sancharyamg/ActiveSplat/install/activesplat/share/activesplat/cmake/export_activesplat__rosidl_typesupport_fastrtps_cExport.cmake
-- Up-to-date: /home/sancharyamg/ActiveSplat/install/activesplat/share/activesplat/cmake/export_activesplat__rosidl_typesupport_fastrtps_cExport-noconfig.cmake
-- Up-to-date: /home/sancharyamg/ActiveSplat/install/activesplat/share/activesplat/cmake/export_activesplat__rosidl_generator_cppExport.cmake
-- Up-to-date: /home/sancharyamg/ActiveSplat/install/activesplat/share/activesplat/cmake/export_activesplat__rosidl_typesupport_fastrtps_cppExport.cmake
-- Up-to-date: /home/sancharyamg/ActiveSplat/install/activesplat/share/activesplat/cmake/export_activesplat__rosidl_typesupport_fastrtps_cppExport-noconfig.cmake
-- Up-to-date: /home/sancharyamg/ActiveSplat/install/activesplat/share/activesplat/cmake/activesplat__rosidl_typesupport_introspection_cExport.cmake
-- Up-to-date: /home/sancharyamg/ActiveSplat/install/activesplat/share/activesplat/cmake/activesplat__rosidl_typesupport_introspection_cExport-noconfig.cmake
-- Up-to-date: /home/sancharyamg/ActiveSplat/install/activesplat/share/activesplat/cmake/activesplat__rosidl_typesupport_cExport.cmake
-- Up-to-date: /home/sancharyamg/ActiveSplat/install/activesplat/share/activesplat/cmake/activesplat__rosidl_typesupport_cExport-noconfig.cmake
-- Up-to-date: /home/sancharyamg/ActiveSplat/install/activesplat/share/activesplat/cmake/activesplat__rosidl_typesupport_introspection_cppExport.cmake
-- Up-to-date: /home/sancharyamg/ActiveSplat/install/activesplat/share/activesplat/cmake/activesplat__rosidl_typesupport_introspection_cppExport-noconfig.cmake
-- Up-to-date: /home/sancharyamg/ActiveSplat/install/activesplat/share/activesplat/cmake/activesplat__rosidl_typesupport_cppExport.cmake
-- Up-to-date: /home/sancharyamg/ActiveSplat/install/activesplat/share/activesplat/cmake/activesplat__rosidl_typesupport_cppExport-noconfig.cmake
-- Up-to-date: /home/sancharyamg/ActiveSplat/install/activesplat/share/activesplat/cmake/export_activesplat__rosidl_generator_pyExport.cmake
-- Up-to-date: /home/sancharyamg/ActiveSplat/install/activesplat/share/activesplat/cmake/export_activesplat__rosidl_generator_pyExport-noconfig.cmake
