[0.205s] DEBUG:colcon:Command line arguments: ['/usr/bin/colcon', 'build', '--symlink-install']
[0.205s] DEBUG:colcon:Parsed command line arguments: Namespace(log_base=None, log_level=None, verb_name='build', build_base='build', install_base='install', merge_install=False, symlink_install=True, test_result_base=None, continue_on_error=False, executor='parallel', parallel_workers=12, event_handlers=None, ignore_user_meta=False, metas=['./colcon.meta'], base_paths=['.'], packages_ignore=None, packages_ignore_regex=None, paths=None, packages_up_to=None, packages_up_to_regex=None, packages_above=None, packages_above_and_dependencies=None, packages_above_depth=None, packages_select_by_dep=None, packages_skip_by_dep=None, packages_skip_up_to=None, packages_select_build_failed=False, packages_skip_build_finished=False, packages_select_test_failures=False, packages_skip_test_passed=False, packages_select=None, packages_skip=None, packages_select_regex=None, packages_skip_regex=None, packages_start=None, packages_end=None, allow_overriding=[], cmake_args=None, cmake_target=None, cmake_target_skip_unavailable=False, cmake_clean_cache=False, cmake_clean_first=False, cmake_force_configure=False, ament_cmake_args=None, catkin_cmake_args=None, catkin_skip_building_tests=False, verb_parser=<colcon_defaults.argument_parser.defaults.DefaultArgumentsDecorator object at 0x7eaf5313f7d0>, verb_extension=<colcon_core.verb.build.BuildVerb object at 0x7eaf5313f590>, main=<bound method BuildVerb.main of <colcon_core.verb.build.BuildVerb object at 0x7eaf5313f590>>)
[0.264s] Level 1:colcon.colcon_core.package_discovery:discover_packages(colcon_meta) check parameters
[0.264s] Level 1:colcon.colcon_core.package_discovery:discover_packages(recursive) check parameters
[0.264s] Level 1:colcon.colcon_core.package_discovery:discover_packages(ignore) check parameters
[0.264s] Level 1:colcon.colcon_core.package_discovery:discover_packages(path) check parameters
[0.264s] Level 1:colcon.colcon_core.package_discovery:discover_packages(colcon_meta) discover
[0.264s] Level 1:colcon.colcon_core.package_discovery:discover_packages(recursive) discover
[0.264s] INFO:colcon.colcon_core.package_discovery:Crawling recursively for packages in '/home/sancharyamg/ActiveSplat'
[0.264s] Level 1:colcon.colcon_core.package_identification:_identify(.) by extensions ['ignore', 'ignore_ament_install']
[0.264s] Level 1:colcon.colcon_core.package_identification:_identify(.) by extension 'ignore'
[0.264s] Level 1:colcon.colcon_core.package_identification:_identify(.) by extension 'ignore_ament_install'
[0.264s] Level 1:colcon.colcon_core.package_identification:_identify(.) by extensions ['colcon_pkg']
[0.264s] Level 1:colcon.colcon_core.package_identification:_identify(.) by extension 'colcon_pkg'
[0.264s] Level 1:colcon.colcon_core.package_identification:_identify(.) by extensions ['colcon_meta']
[0.264s] Level 1:colcon.colcon_core.package_identification:_identify(.) by extension 'colcon_meta'
[0.265s] Level 1:colcon.colcon_core.package_identification:_identify(.) by extensions ['ros']
[0.265s] Level 1:colcon.colcon_core.package_identification:_identify(.) by extension 'ros'
[0.296s] DEBUG:colcon.colcon_core.package_identification:Package '.' with type 'ros.ament_cmake' and name 'activesplat'
[0.296s] Level 1:colcon.colcon_core.package_discovery:discover_packages(recursive) using defaults
[0.296s] Level 1:colcon.colcon_core.package_discovery:discover_packages(ignore) discover
[0.296s] Level 1:colcon.colcon_core.package_discovery:discover_packages(ignore) using defaults
[0.296s] Level 1:colcon.colcon_core.package_discovery:discover_packages(path) discover
[0.296s] Level 1:colcon.colcon_core.package_discovery:discover_packages(path) using defaults
[0.324s] Level 1:colcon.colcon_core.package_discovery:discover_packages(prefix_path) check parameters
[0.324s] Level 1:colcon.colcon_core.package_discovery:discover_packages(prefix_path) discover
[0.328s] DEBUG:colcon.colcon_installed_package_information.package_discovery:Found 196 installed packages in /opt/ros/jazzy
[0.328s] Level 1:colcon.colcon_core.package_discovery:discover_packages(prefix_path) using defaults
[0.386s] Level 5:colcon.colcon_core.verb:set package 'activesplat' build argument 'cmake_args' from command line to 'None'
[0.386s] Level 5:colcon.colcon_core.verb:set package 'activesplat' build argument 'cmake_target' from command line to 'None'
[0.386s] Level 5:colcon.colcon_core.verb:set package 'activesplat' build argument 'cmake_target_skip_unavailable' from command line to 'False'
[0.386s] Level 5:colcon.colcon_core.verb:set package 'activesplat' build argument 'cmake_clean_cache' from command line to 'False'
[0.386s] Level 5:colcon.colcon_core.verb:set package 'activesplat' build argument 'cmake_clean_first' from command line to 'False'
[0.386s] Level 5:colcon.colcon_core.verb:set package 'activesplat' build argument 'cmake_force_configure' from command line to 'False'
[0.386s] Level 5:colcon.colcon_core.verb:set package 'activesplat' build argument 'ament_cmake_args' from command line to 'None'
[0.386s] Level 5:colcon.colcon_core.verb:set package 'activesplat' build argument 'catkin_cmake_args' from command line to 'None'
[0.386s] Level 5:colcon.colcon_core.verb:set package 'activesplat' build argument 'catkin_skip_building_tests' from command line to 'False'
[0.386s] DEBUG:colcon.colcon_core.verb:Building package 'activesplat' with the following arguments: {'ament_cmake_args': None, 'build_base': '/home/sancharyamg/ActiveSplat/build/activesplat', 'catkin_cmake_args': None, 'catkin_skip_building_tests': False, 'cmake_args': None, 'cmake_clean_cache': False, 'cmake_clean_first': False, 'cmake_force_configure': False, 'cmake_target': None, 'cmake_target_skip_unavailable': False, 'install_base': '/home/sancharyamg/ActiveSplat/install/activesplat', 'merge_install': False, 'path': '/home/sancharyamg/ActiveSplat', 'symlink_install': True, 'test_result_base': None}
[0.386s] INFO:colcon.colcon_core.executor:Executing jobs using 'parallel' executor
[0.387s] DEBUG:colcon.colcon_parallel_executor.executor.parallel:run_until_complete
[0.387s] INFO:colcon.colcon_ros.task.ament_cmake.build:Building ROS package in '/home/sancharyamg/ActiveSplat' with build type 'ament_cmake'
[0.388s] INFO:colcon.colcon_cmake.task.cmake.build:Building CMake package in '/home/sancharyamg/ActiveSplat'
[0.393s] INFO:colcon.colcon_core.plugin_system:Skipping extension 'colcon_core.shell.bat': Not used on non-Windows systems
[0.393s] INFO:colcon.colcon_core.shell:Skip shell extension 'powershell' for command environment: Not usable outside of PowerShell
[0.393s] DEBUG:colcon.colcon_core.shell:Skip shell extension 'dsv' for command environment
[0.401s] DEBUG:colcon.colcon_core.event_handler.log_command:Invoking command in '/home/sancharyamg/ActiveSplat/build/activesplat': CMAKE_PREFIX_PATH=/opt/ros/jazzy CONDA_PROMPT_MODIFIER=(base) /usr/bin/cmake --build /home/sancharyamg/ActiveSplat/build/activesplat -- -j12 -l12
[0.907s] DEBUG:colcon.colcon_core.event_handler.log_command:Invoked command in '/home/sancharyamg/ActiveSplat/build/activesplat' returned '0': CMAKE_PREFIX_PATH=/opt/ros/jazzy CONDA_PROMPT_MODIFIER=(base) /usr/bin/cmake --build /home/sancharyamg/ActiveSplat/build/activesplat -- -j12 -l12
[0.917s] DEBUG:colcon.colcon_core.event_handler.log_command:Invoking command in '/home/sancharyamg/ActiveSplat/build/activesplat': CMAKE_PREFIX_PATH=/opt/ros/jazzy CONDA_PROMPT_MODIFIER=(base) /usr/bin/cmake --install /home/sancharyamg/ActiveSplat/build/activesplat
[1.097s] Level 1:colcon.colcon_core.environment:create_environment_scripts_only(activesplat)
[1.097s] DEBUG:colcon.colcon_core.event_handler.log_command:Invoked command in '/home/sancharyamg/ActiveSplat/build/activesplat' returned '0': CMAKE_PREFIX_PATH=/opt/ros/jazzy CONDA_PROMPT_MODIFIER=(base) /usr/bin/cmake --install /home/sancharyamg/ActiveSplat/build/activesplat
[1.104s] Level 1:colcon.colcon_core.environment:checking '/home/sancharyamg/ActiveSplat/install/activesplat' for CMake module files
[1.106s] Level 1:colcon.colcon_core.environment:checking '/home/sancharyamg/ActiveSplat/install/activesplat' for CMake config files
[1.108s] Level 1:colcon.colcon_core.shell:create_environment_hook('activesplat', 'cmake_prefix_path')
[1.108s] INFO:colcon.colcon_core.shell:Creating environment hook '/home/sancharyamg/ActiveSplat/install/activesplat/share/activesplat/hook/cmake_prefix_path.ps1'
[1.109s] INFO:colcon.colcon_core.shell:Creating environment descriptor '/home/sancharyamg/ActiveSplat/install/activesplat/share/activesplat/hook/cmake_prefix_path.dsv'
[1.110s] INFO:colcon.colcon_core.shell:Creating environment hook '/home/sancharyamg/ActiveSplat/install/activesplat/share/activesplat/hook/cmake_prefix_path.sh'
[1.111s] Level 1:colcon.colcon_core.environment:checking '/home/sancharyamg/ActiveSplat/install/activesplat/lib'
[1.111s] Level 1:colcon.colcon_core.shell:create_environment_hook('activesplat', 'ld_library_path_lib')
[1.111s] INFO:colcon.colcon_core.shell:Creating environment hook '/home/sancharyamg/ActiveSplat/install/activesplat/share/activesplat/hook/ld_library_path_lib.ps1'
[1.111s] INFO:colcon.colcon_core.shell:Creating environment descriptor '/home/sancharyamg/ActiveSplat/install/activesplat/share/activesplat/hook/ld_library_path_lib.dsv'
[1.111s] INFO:colcon.colcon_core.shell:Creating environment hook '/home/sancharyamg/ActiveSplat/install/activesplat/share/activesplat/hook/ld_library_path_lib.sh'
[1.112s] Level 1:colcon.colcon_core.environment:checking '/home/sancharyamg/ActiveSplat/install/activesplat/bin'
[1.112s] Level 1:colcon.colcon_core.environment:checking '/home/sancharyamg/ActiveSplat/install/activesplat/lib/pkgconfig/activesplat.pc'
[1.112s] Level 1:colcon.colcon_core.environment:checking '/home/sancharyamg/ActiveSplat/install/activesplat/lib/python3.12/site-packages'
[1.112s] Level 1:colcon.colcon_core.shell:create_environment_hook('activesplat', 'pythonpath')
[1.112s] INFO:colcon.colcon_core.shell:Creating environment hook '/home/sancharyamg/ActiveSplat/install/activesplat/share/activesplat/hook/pythonpath.ps1'
[1.112s] INFO:colcon.colcon_core.shell:Creating environment descriptor '/home/sancharyamg/ActiveSplat/install/activesplat/share/activesplat/hook/pythonpath.dsv'
[1.113s] INFO:colcon.colcon_core.shell:Creating environment hook '/home/sancharyamg/ActiveSplat/install/activesplat/share/activesplat/hook/pythonpath.sh'
[1.113s] Level 1:colcon.colcon_core.environment:checking '/home/sancharyamg/ActiveSplat/install/activesplat/bin'
[1.113s] INFO:colcon.colcon_core.shell:Creating package script '/home/sancharyamg/ActiveSplat/install/activesplat/share/activesplat/package.ps1'
[1.114s] INFO:colcon.colcon_core.shell:Creating package descriptor '/home/sancharyamg/ActiveSplat/install/activesplat/share/activesplat/package.dsv'
[1.114s] INFO:colcon.colcon_core.shell:Creating package script '/home/sancharyamg/ActiveSplat/install/activesplat/share/activesplat/package.sh'
[1.115s] INFO:colcon.colcon_core.shell:Creating package script '/home/sancharyamg/ActiveSplat/install/activesplat/share/activesplat/package.bash'
[1.116s] INFO:colcon.colcon_core.shell:Creating package script '/home/sancharyamg/ActiveSplat/install/activesplat/share/activesplat/package.zsh'
[1.117s] Level 1:colcon.colcon_core.environment:create_file_with_runtime_dependencies(/home/sancharyamg/ActiveSplat/install/activesplat/share/colcon-core/packages/activesplat)
[1.117s] Level 1:colcon.colcon_core.environment:create_environment_scripts_only(activesplat)
[1.117s] Level 1:colcon.colcon_core.environment:checking '/home/sancharyamg/ActiveSplat/install/activesplat' for CMake module files
[1.118s] Level 1:colcon.colcon_core.environment:checking '/home/sancharyamg/ActiveSplat/install/activesplat' for CMake config files
[1.118s] Level 1:colcon.colcon_core.shell:create_environment_hook('activesplat', 'cmake_prefix_path')
[1.118s] INFO:colcon.colcon_core.shell:Creating environment hook '/home/sancharyamg/ActiveSplat/install/activesplat/share/activesplat/hook/cmake_prefix_path.ps1'
[1.118s] INFO:colcon.colcon_core.shell:Creating environment descriptor '/home/sancharyamg/ActiveSplat/install/activesplat/share/activesplat/hook/cmake_prefix_path.dsv'
[1.119s] INFO:colcon.colcon_core.shell:Creating environment hook '/home/sancharyamg/ActiveSplat/install/activesplat/share/activesplat/hook/cmake_prefix_path.sh'
[1.119s] Level 1:colcon.colcon_core.environment:checking '/home/sancharyamg/ActiveSplat/install/activesplat/lib'
[1.119s] Level 1:colcon.colcon_core.shell:create_environment_hook('activesplat', 'ld_library_path_lib')
[1.119s] INFO:colcon.colcon_core.shell:Creating environment hook '/home/sancharyamg/ActiveSplat/install/activesplat/share/activesplat/hook/ld_library_path_lib.ps1'
[1.120s] INFO:colcon.colcon_core.shell:Creating environment descriptor '/home/sancharyamg/ActiveSplat/install/activesplat/share/activesplat/hook/ld_library_path_lib.dsv'
[1.120s] INFO:colcon.colcon_core.shell:Creating environment hook '/home/sancharyamg/ActiveSplat/install/activesplat/share/activesplat/hook/ld_library_path_lib.sh'
[1.120s] Level 1:colcon.colcon_core.environment:checking '/home/sancharyamg/ActiveSplat/install/activesplat/bin'
[1.120s] Level 1:colcon.colcon_core.environment:checking '/home/sancharyamg/ActiveSplat/install/activesplat/lib/pkgconfig/activesplat.pc'
[1.120s] Level 1:colcon.colcon_core.environment:checking '/home/sancharyamg/ActiveSplat/install/activesplat/lib/python3.12/site-packages'
[1.120s] Level 1:colcon.colcon_core.shell:create_environment_hook('activesplat', 'pythonpath')
[1.121s] INFO:colcon.colcon_core.shell:Creating environment hook '/home/sancharyamg/ActiveSplat/install/activesplat/share/activesplat/hook/pythonpath.ps1'
[1.121s] INFO:colcon.colcon_core.shell:Creating environment descriptor '/home/sancharyamg/ActiveSplat/install/activesplat/share/activesplat/hook/pythonpath.dsv'
[1.121s] INFO:colcon.colcon_core.shell:Creating environment hook '/home/sancharyamg/ActiveSplat/install/activesplat/share/activesplat/hook/pythonpath.sh'
[1.121s] Level 1:colcon.colcon_core.environment:checking '/home/sancharyamg/ActiveSplat/install/activesplat/bin'
[1.122s] INFO:colcon.colcon_core.shell:Creating package script '/home/sancharyamg/ActiveSplat/install/activesplat/share/activesplat/package.ps1'
[1.122s] INFO:colcon.colcon_core.shell:Creating package descriptor '/home/sancharyamg/ActiveSplat/install/activesplat/share/activesplat/package.dsv'
[1.122s] INFO:colcon.colcon_core.shell:Creating package script '/home/sancharyamg/ActiveSplat/install/activesplat/share/activesplat/package.sh'
[1.123s] INFO:colcon.colcon_core.shell:Creating package script '/home/sancharyamg/ActiveSplat/install/activesplat/share/activesplat/package.bash'
[1.123s] INFO:colcon.colcon_core.shell:Creating package script '/home/sancharyamg/ActiveSplat/install/activesplat/share/activesplat/package.zsh'
[1.123s] Level 1:colcon.colcon_core.environment:create_file_with_runtime_dependencies(/home/sancharyamg/ActiveSplat/install/activesplat/share/colcon-core/packages/activesplat)
[1.123s] DEBUG:colcon.colcon_parallel_executor.executor.parallel:closing loop
[1.124s] DEBUG:colcon.colcon_parallel_executor.executor.parallel:loop closed
[1.124s] DEBUG:colcon.colcon_parallel_executor.executor.parallel:run_until_complete finished with '0'
[1.124s] DEBUG:colcon.colcon_core.event_reactor:joining thread
[1.124s] DEBUG:colcon.colcon_core.event_reactor:joined thread
[1.124s] INFO:colcon.colcon_core.shell:Creating prefix script '/home/sancharyamg/ActiveSplat/install/local_setup.ps1'
[1.125s] INFO:colcon.colcon_core.shell:Creating prefix util module '/home/sancharyamg/ActiveSplat/install/_local_setup_util_ps1.py'
[1.126s] INFO:colcon.colcon_core.shell:Creating prefix chain script '/home/sancharyamg/ActiveSplat/install/setup.ps1'
[1.127s] INFO:colcon.colcon_core.shell:Creating prefix script '/home/sancharyamg/ActiveSplat/install/local_setup.sh'
[1.127s] INFO:colcon.colcon_core.shell:Creating prefix util module '/home/sancharyamg/ActiveSplat/install/_local_setup_util_sh.py'
[1.128s] INFO:colcon.colcon_core.shell:Creating prefix chain script '/home/sancharyamg/ActiveSplat/install/setup.sh'
[1.129s] INFO:colcon.colcon_core.shell:Creating prefix script '/home/sancharyamg/ActiveSplat/install/local_setup.bash'
[1.129s] INFO:colcon.colcon_core.shell:Creating prefix chain script '/home/sancharyamg/ActiveSplat/install/setup.bash'
[1.130s] INFO:colcon.colcon_core.shell:Creating prefix script '/home/sancharyamg/ActiveSplat/install/local_setup.zsh'
[1.130s] INFO:colcon.colcon_core.shell:Creating prefix chain script '/home/sancharyamg/ActiveSplat/install/setup.zsh'
